(flatpak run:503382): GLib-GIO-DEBUG: 15:43:40.240: _g_io_module_get_default: Found default implementation local (GLocalVfs) for ‘gio-vfs’
(flatpak run:503382): flatpak-DEBUG: 15:43:40.240: No installations directory in /etc/flatpak/installations.d. Skipping
(flatpak run:503382): OSTree-DEBUG: 15:43:40.241: using fuse: 0
(flatpak run:503382): flatpak-DEBUG: 15:43:40.241: Opening system flatpak installation at path /var/lib/flatpak
(flatpak run:503382): OSTree-DEBUG: 15:43:40.241: using fuse: 0
(flatpak run:503382): flatpak-DEBUG: 15:43:40.241: Opening user flatpak installation at path /home/linux/.local/share/flatpak
(flatpak run:503382): flatpak-DEBUG: 15:43:40.241: Opening user flatpak installation at path /home/linux/.local/share/flatpak
(flatpak run:503382): GLib-GIO-DEBUG: 15:43:40.242: Using cross-namespace EXTERNAL authentication (this will deadlock if server is GDBus < 2.73.3)
(flatpak run:503382): flatpak-DEBUG: 15:43:40.245: Skipping parental controls check for app/im.github.rallep71.DinoX/x86_64/master since parental controls are disabled globally
(flatpak run:503382): flatpak-DEBUG: 15:43:40.247: Opening user flatpak installation at path /home/linux/.local/share/flatpak
(flatpak run:503382): OSTree-DEBUG: 15:43:40.247: using fuse: 0
(flatpak run:503382): flatpak-DEBUG: 15:43:40.254: Regenerating ld.so.cache /home/linux/.var/app/im.github.rallep71.DinoX/.ld.so/0ca1e24c0f2507f414c72ca3827b1bfcb72cc5b5602132747d3bc23ea552ec18
(flatpak run:503382): flatpak-DEBUG: 15:43:40.254: /home/linux/.local/share/flatpak/runtime/org.gnome.Platform/x86_64/48/0dd8d33f9ed1224b32ae92e4c5cefaaac75288056f73587f5a32a1e4277ccbb8/files/lib32 does not exist
(flatpak run:503382): flatpak2-DEBUG: 15:43:40.254: bwrap --args 24 = ...
(flatpak run:503382): flatpak2-DEBUG: 15:43:40.254:     --ro-bind
(flatpak run:503382): flatpak2-DEBUG: 15:43:40.254:     /home/linux/.local/share/flatpak/runtime/org.gnome.Platform/x86_64/48/0dd8d33f9ed1224b32ae92e4c5cefaaac75288056f73587f5a32a1e4277ccbb8/files
(flatpak run:503382): flatpak2-DEBUG: 15:43:40.254:     /usr
(flatpak run:503382): flatpak2-DEBUG: 15:43:40.254:     --lock-file
(flatpak run:503382): flatpak2-DEBUG: 15:43:40.254:     /usr/.ref
(flatpak run:503382): flatpak2-DEBUG: 15:43:40.254:     --ro-bind
(flatpak run:503382): flatpak2-DEBUG: 15:43:40.254:     /home/linux/.local/share/flatpak/app/im.github.rallep71.DinoX/x86_64/master/205bcdc56799141c4e30ae39c1f4c3421a6d25f64e8053545eb55afc715d9522/files
(flatpak run:503382): flatpak2-DEBUG: 15:43:40.254:     /app
(flatpak run:503382): flatpak2-DEBUG: 15:43:40.254:     --lock-file
(flatpak run:503382): flatpak2-DEBUG: 15:43:40.254:     /app/.ref
(flatpak run:503382): flatpak2-DEBUG: 15:43:40.254:     --ro-bind
(flatpak run:503382): flatpak2-DEBUG: 15:43:40.254:     /var/lib/flatpak/runtime/org.freedesktop.Platform.ffmpeg-full/x86_64/24.08/badb337defd6dc6db0d25fce24b87d1827a7cf181b6c7b395ab18986c748b09c/files
(flatpak run:503382): flatpak2-DEBUG: 15:43:40.254:     /app/lib/ffmpeg
(flatpak run:503382): flatpak2-DEBUG: 15:43:40.254:     --ro-bind
(flatpak run:503382): flatpak2-DEBUG: 15:43:40.254:     /home/linux/.local/share/flatpak/runtime/im.github.rallep71.DinoX.Locale/x86_64/master/d1f5e29e85f47b055962569e329e4f0a938d6d10122b295fd0108c6641ec04dd/files
(flatpak run:503382): flatpak2-DEBUG: 15:43:40.254:     /app/share/runtime/locale
(flatpak run:503382): flatpak2-DEBUG: 15:43:40.254:     --ro-bind-data
(flatpak run:503382): flatpak2-DEBUG: 15:43:40.254:     18
(flatpak run:503382): flatpak2-DEBUG: 15:43:40.254:     /run/flatpak/ld.so.conf.d/app-001-org.freedesktop.Platform.ffmpeg-full.conf
(flatpak run:503382): flatpak2-DEBUG: 15:43:40.254:     --tmpfs
(flatpak run:503382): flatpak2-DEBUG: 15:43:40.254:     /usr/lib/x86_64-linux-gnu/GL
(flatpak run:503382): flatpak2-DEBUG: 15:43:40.254:     --ro-bind
(flatpak run:503382): flatpak2-DEBUG: 15:43:40.254:     /home/linux/.local/share/flatpak/runtime/org.freedesktop.Platform.GL.default/x86_64/24.08/e7cca7bcddd35029a6cb5720367f49255a6be3d338eaf1e7a57945cbe84e03ec/files
(flatpak run:503382): flatpak2-DEBUG: 15:43:40.254:     /usr/lib/x86_64-linux-gnu/GL/default
(flatpak run:503382): flatpak2-DEBUG: 15:43:40.254:     --ro-bind
(flatpak run:503382): flatpak2-DEBUG: 15:43:40.254:     /home/linux/.local/share/flatpak/runtime/org.freedesktop.Platform.GL.default/x86_64/24.08extra/765326f0e2abc4b69240f4283bb2437b04d468ce2377cf716d05b3d71a8e646e/files
(flatpak run:503382): flatpak2-DEBUG: 15:43:40.254:     /usr/lib/x86_64-linux-gnu/GL/default
(flatpak run:503382): flatpak2-DEBUG: 15:43:40.254:     --ro-bind
(flatpak run:503382): flatpak2-DEBUG: 15:43:40.254:     /home/linux/.local/share/flatpak/runtime/org.freedesktop.Platform.VAAPI.Intel/x86_64/24.08/154954455478c72cbb2b1f53ac4492cfbd9c5063a8142cd52a456730cba7bcd4/files
(flatpak run:503382): flatpak2-DEBUG: 15:43:40.254:     /usr/lib/x86_64-linux-gnu/dri/intel-vaapi-driver
(flatpak run:503382): flatpak2-DEBUG: 15:43:40.254:     --ro-bind
(flatpak run:503382): flatpak2-DEBUG: 15:43:40.254:     /home/linux/.local/share/flatpak/runtime/org.freedesktop.Platform.openh264/x86_64/2.5.1/0f52621e4540863ee86b1fe26216fff78fefa1096f367079692344139228e474/files
(flatpak run:503382): flatpak2-DEBUG: 15:43:40.254:     /usr/lib/x86_64-linux-gnu/openh264
(flatpak run:503382): flatpak2-DEBUG: 15:43:40.254:     --ro-bind
(flatpak run:503382): flatpak2-DEBUG: 15:43:40.254:     /home/linux/.local/share/flatpak/runtime/org.gnome.Platform.Locale/x86_64/48/e837667ac039d9954cc40d7efad2fdbc2f83250d0983afd970b957211995eee0/files
(flatpak run:503382): flatpak2-DEBUG: 15:43:40.254:     /usr/share/runtime/locale
(flatpak run:503382): flatpak2-DEBUG: 15:43:40.254:     --tmpfs
(flatpak run:503382): flatpak2-DEBUG: 15:43:40.254:     /usr/share/runtime/share/themes
(flatpak run:503382): flatpak2-DEBUG: 15:43:40.254:     --ro-bind
(flatpak run:503382): flatpak2-DEBUG: 15:43:40.254:     /home/linux/.local/share/flatpak/runtime/org.gtk.Gtk3theme.Mint-Y-Aqua/x86_64/3.22/0b789874aaf50ac3a04356f9e4608a3a47fb06660e569ec8ccbeb61cfa07421f/files
(flatpak run:503382): flatpak2-DEBUG: 15:43:40.255:     /usr/share/runtime/share/themes/Mint-Y-Aqua/gtk-3.0
(flatpak run:503382): flatpak2-DEBUG: 15:43:40.255:     --ro-bind-data
(flatpak run:503382): flatpak2-DEBUG: 15:43:40.255:     19
(flatpak run:503382): flatpak2-DEBUG: 15:43:40.255:     /run/flatpak/ld.so.conf.d/runtime-001-org.freedesktop.Platform.GL.default.conf
(flatpak run:503382): flatpak2-DEBUG: 15:43:40.255:     --symlink
(flatpak run:503382): flatpak2-DEBUG: 15:43:40.255:     /usr/lib/x86_64-linux-gnu/GL/default/vulkan/icd.d/intel_icd.x86_64.json
(flatpak run:503382): flatpak2-DEBUG: 15:43:40.255:     /usr/lib/x86_64-linux-gnu/GL/vulkan/icd.d/intel_icd.x86_64.json
(flatpak run:503382): flatpak2-DEBUG: 15:43:40.255:     --symlink
(flatpak run:503382): flatpak2-DEBUG: 15:43:40.255:     /usr/lib/x86_64-linux-gnu/GL/default/vulkan/icd.d/lvp_icd.x86_64.json
(flatpak run:503382): flatpak2-DEBUG: 15:43:40.255:     /usr/lib/x86_64-linux-gnu/GL/vulkan/icd.d/lvp_icd.x86_64.json
(flatpak run:503382): flatpak2-DEBUG: 15:43:40.255:     --symlink
(flatpak run:503382): flatpak2-DEBUG: 15:43:40.255:     /usr/lib/x86_64-linux-gnu/GL/default/vulkan/icd.d/virtio_icd.x86_64.json
(flatpak run:503382): flatpak2-DEBUG: 15:43:40.255:     /usr/lib/x86_64-linux-gnu/GL/vulkan/icd.d/virtio_icd.x86_64.json
(flatpak run:503382): flatpak2-DEBUG: 15:43:40.255:     --symlink
(flatpak run:503382): flatpak2-DEBUG: 15:43:40.255:     /usr/lib/x86_64-linux-gnu/GL/default/vulkan/icd.d/intel_hasvk_icd.x86_64.json
(flatpak run:503382): flatpak2-DEBUG: 15:43:40.255:     /usr/lib/x86_64-linux-gnu/GL/vulkan/icd.d/intel_hasvk_icd.x86_64.json
(flatpak run:503382): flatpak2-DEBUG: 15:43:40.255:     --symlink
(flatpak run:503382): flatpak2-DEBUG: 15:43:40.255:     /usr/lib/x86_64-linux-gnu/GL/default/vulkan/icd.d/nouveau_icd.x86_64.json
(flatpak run:503382): flatpak2-DEBUG: 15:43:40.255:     /usr/lib/x86_64-linux-gnu/GL/vulkan/icd.d/nouveau_icd.x86_64.json
(flatpak run:503382): flatpak2-DEBUG: 15:43:40.255:     --symlink
(flatpak run:503382): flatpak2-DEBUG: 15:43:40.255:     /usr/lib/x86_64-linux-gnu/GL/default/vulkan/icd.d/radeon_icd.x86_64.json
(flatpak run:503382): flatpak2-DEBUG: 15:43:40.255:     /usr/lib/x86_64-linux-gnu/GL/vulkan/icd.d/radeon_icd.x86_64.json
(flatpak run:503382): flatpak2-DEBUG: 15:43:40.255:     --symlink
(flatpak run:503382): flatpak2-DEBUG: 15:43:40.255:     /usr/lib/x86_64-linux-gnu/GL/default/glvnd/egl_vendor.d/50_mesa.json
(flatpak run:503382): flatpak2-DEBUG: 15:43:40.255:     /usr/lib/x86_64-linux-gnu/GL/glvnd/egl_vendor.d/50_mesa.json
(flatpak run:503382): flatpak2-DEBUG: 15:43:40.255:     --symlink
(flatpak run:503382): flatpak2-DEBUG: 15:43:40.255:     /usr/lib/x86_64-linux-gnu/GL/default/OpenCL/vendors/rusticl.icd
(flatpak run:503382): flatpak2-DEBUG: 15:43:40.255:     /usr/lib/x86_64-linux-gnu/GL/OpenCL/vendors/rusticl.icd
(flatpak run:503382): flatpak2-DEBUG: 15:43:40.255:     --symlink
(flatpak run:503382): flatpak2-DEBUG: 15:43:40.255:     /usr/lib/x86_64-linux-gnu/GL/default/lib/dri/r300_dri.so
(flatpak run:503382): flatpak2-DEBUG: 15:43:40.255:     /usr/lib/x86_64-linux-gnu/GL/lib/dri/r300_dri.so
(flatpak run:503382): flatpak2-DEBUG: 15:43:40.255:     --symlink
(flatpak run:503382): flatpak2-DEBUG: 15:43:40.255:     /usr/lib/x86_64-linux-gnu/GL/default/lib/dri/virtio_gpu_dri.so
(flatpak run:503382): flatpak2-DEBUG: 15:43:40.256:     /usr/lib/x86_64-linux-gnu/GL/lib/dri/virtio_gpu_dri.so
(flatpak run:503382): flatpak2-DEBUG: 15:43:40.256:     --symlink
(flatpak run:503382): flatpak2-DEBUG: 15:43:40.256:     /usr/lib/x86_64-linux-gnu/GL/default/lib/dri/r600_dri.so
(flatpak run:503382): flatpak2-DEBUG: 15:43:40.256:     /usr/lib/x86_64-linux-gnu/GL/lib/dri/r600_dri.so
(flatpak run:503382): flatpak2-DEBUG: 15:43:40.256:     --symlink
(flatpak run:503382): flatpak2-DEBUG: 15:43:40.256:     /usr/lib/x86_64-linux-gnu/GL/default/lib/dri/swrast_dri.so
(flatpak run:503382): flatpak2-DEBUG: 15:43:40.256:     /usr/lib/x86_64-linux-gnu/GL/lib/dri/swrast_dri.so
(flatpak run:503382): flatpak2-DEBUG: 15:43:40.256:     --symlink
(flatpak run:503382): flatpak2-DEBUG: 15:43:40.256:     /usr/lib/x86_64-linux-gnu/GL/default/lib/dri/radeonsi_dri.so
(flatpak run:503382): flatpak2-DEBUG: 15:43:40.256:     /usr/lib/x86_64-linux-gnu/GL/lib/dri/radeonsi_dri.so
(flatpak run:503382): flatpak2-DEBUG: 15:43:40.256:     --symlink
(flatpak run:503382): flatpak2-DEBUG: 15:43:40.256:     /usr/lib/x86_64-linux-gnu/GL/default/lib/dri/radeonsi_drv_video.so
(flatpak run:503382): flatpak2-DEBUG: 15:43:40.256:     /usr/lib/x86_64-linux-gnu/GL/lib/dri/radeonsi_drv_video.so
(flatpak run:503382): flatpak2-DEBUG: 15:43:40.256:     --symlink
(flatpak run:503382): flatpak2-DEBUG: 15:43:40.256:     /usr/lib/x86_64-linux-gnu/GL/default/lib/dri/i915_dri.so
(flatpak run:503382): flatpak2-DEBUG: 15:43:40.256:     /usr/lib/x86_64-linux-gnu/GL/lib/dri/i915_dri.so
(flatpak run:503382): flatpak2-DEBUG: 15:43:40.256:     --symlink
(flatpak run:503382): flatpak2-DEBUG: 15:43:40.256:     /usr/lib/x86_64-linux-gnu/GL/default/lib/dri/zink_dri.so
(flatpak run:503382): flatpak2-DEBUG: 15:43:40.256:     /usr/lib/x86_64-linux-gnu/GL/lib/dri/zink_dri.so
(flatpak run:503382): flatpak2-DEBUG: 15:43:40.256:     --symlink
(flatpak run:503382): flatpak2-DEBUG: 15:43:40.256:     /usr/lib/x86_64-linux-gnu/GL/default/lib/dri/r600_drv_video.so
(flatpak run:503382): flatpak2-DEBUG: 15:43:40.256:     /usr/lib/x86_64-linux-gnu/GL/lib/dri/r600_drv_video.so
(flatpak run:503382): flatpak2-DEBUG: 15:43:40.256:     --symlink
(flatpak run:503382): flatpak2-DEBUG: 15:43:40.256:     /usr/lib/x86_64-linux-gnu/GL/default/lib/dri/nouveau_dri.so
(flatpak run:503382): flatpak2-DEBUG: 15:43:40.256:     /usr/lib/x86_64-linux-gnu/GL/lib/dri/nouveau_dri.so
(flatpak run:503382): flatpak2-DEBUG: 15:43:40.256:     --symlink
(flatpak run:503382): flatpak2-DEBUG: 15:43:40.256:     /usr/lib/x86_64-linux-gnu/GL/default/lib/dri/vmwgfx_dri.so
(flatpak run:503382): flatpak2-DEBUG: 15:43:40.256:     /usr/lib/x86_64-linux-gnu/GL/lib/dri/vmwgfx_dri.so
(flatpak run:503382): flatpak2-DEBUG: 15:43:40.256:     --symlink
(flatpak run:503382): flatpak2-DEBUG: 15:43:40.256:     /usr/lib/x86_64-linux-gnu/GL/default/lib/dri/iris_dri.so
(flatpak run:503382): flatpak2-DEBUG: 15:43:40.256:     /usr/lib/x86_64-linux-gnu/GL/lib/dri/iris_dri.so
(flatpak run:503382): flatpak2-DEBUG: 15:43:40.256:     --symlink
(flatpak run:503382): flatpak2-DEBUG: 15:43:40.256:     /usr/lib/x86_64-linux-gnu/GL/default/lib/dri/virtio_gpu_drv_video.so
(flatpak run:503382): flatpak2-DEBUG: 15:43:40.256:     /usr/lib/x86_64-linux-gnu/GL/lib/dri/virtio_gpu_drv_video.so
(flatpak run:503382): flatpak2-DEBUG: 15:43:40.256:     --symlink
(flatpak run:503382): flatpak2-DEBUG: 15:43:40.256:     /usr/lib/x86_64-linux-gnu/GL/default/lib/dri/libdril_dri.so
(flatpak run:503382): flatpak2-DEBUG: 15:43:40.256:     /usr/lib/x86_64-linux-gnu/GL/lib/dri/libdril_dri.so
(flatpak run:503382): flatpak2-DEBUG: 15:43:40.256:     --symlink
(flatpak run:503382): flatpak2-DEBUG: 15:43:40.256:     /usr/lib/x86_64-linux-gnu/GL/default/lib/dri/nouveau_drv_video.so
(flatpak run:503382): flatpak2-DEBUG: 15:43:40.256:     /usr/lib/x86_64-linux-gnu/GL/lib/dri/nouveau_drv_video.so
(flatpak run:503382): flatpak2-DEBUG: 15:43:40.256:     --symlink
(flatpak run:503382): flatpak2-DEBUG: 15:43:40.256:     /usr/lib/x86_64-linux-gnu/GL/default/lib/dri/crocus_dri.so
(flatpak run:503382): flatpak2-DEBUG: 15:43:40.256:     /usr/lib/x86_64-linux-gnu/GL/lib/dri/crocus_dri.so
(flatpak run:503382): flatpak2-DEBUG: 15:43:40.256:     --symlink
(flatpak run:503382): flatpak2-DEBUG: 15:43:40.256:     /usr/lib/x86_64-linux-gnu/GL/default/lib/dri/kms_swrast_dri.so
(flatpak run:503382): flatpak2-DEBUG: 15:43:40.256:     /usr/lib/x86_64-linux-gnu/GL/lib/dri/kms_swrast_dri.so
(flatpak run:503382): flatpak2-DEBUG: 15:43:40.256:     --symlink
(flatpak run:503382): flatpak2-DEBUG: 15:43:40.256:     /usr/lib/x86_64-linux-gnu/GL/default/lib/gbm/dri_gbm.so
(flatpak run:503382): flatpak2-DEBUG: 15:43:40.256:     /usr/lib/x86_64-linux-gnu/GL/lib/gbm/dri_gbm.so
(flatpak run:503382): flatpak2-DEBUG: 15:43:40.256:     --symlink
(flatpak run:503382): flatpak2-DEBUG: 15:43:40.256:     /usr/lib/x86_64-linux-gnu/GL/default/vulkan/explicit_layer.d/VkLayer_MESA_overlay.json
(flatpak run:503382): flatpak2-DEBUG: 15:43:40.256:     /usr/lib/x86_64-linux-gnu/GL/vulkan/explicit_layer.d/VkLayer_MESA_overlay.json
(flatpak run:503382): flatpak2-DEBUG: 15:43:40.256:     --symlink
(flatpak run:503382): flatpak2-DEBUG: 15:43:40.256:     /usr/lib/x86_64-linux-gnu/GL/default/vulkan/explicit_layer.d/VkLayer_MESA_screenshot.json
(flatpak run:503382): flatpak2-DEBUG: 15:43:40.256:     /usr/lib/x86_64-linux-gnu/GL/vulkan/explicit_layer.d/VkLayer_MESA_screenshot.json
(flatpak run:503382): flatpak2-DEBUG: 15:43:40.256:     --symlink
(flatpak run:503382): flatpak2-DEBUG: 15:43:40.256:     /usr/lib/x86_64-linux-gnu/GL/default/vulkan/explicit_layer.d/VkLayer_khronos_validation.json
(flatpak run:503382): flatpak2-DEBUG: 15:43:40.256:     /usr/lib/x86_64-linux-gnu/GL/vulkan/explicit_layer.d/VkLayer_khronos_validation.json
(flatpak run:503382): flatpak2-DEBUG: 15:43:40.256:     --symlink
(flatpak run:503382): flatpak2-DEBUG: 15:43:40.256:     /usr/lib/x86_64-linux-gnu/GL/default/vulkan/explicit_layer.d/VkLayer_INTEL_nullhw.json
(flatpak run:503382): flatpak2-DEBUG: 15:43:40.256:     /usr/lib/x86_64-linux-gnu/GL/vulkan/explicit_layer.d/VkLayer_INTEL_nullhw.json
(flatpak run:503382): flatpak2-DEBUG: 15:43:40.256:     --symlink
(flatpak run:503382): flatpak2-DEBUG: 15:43:40.256:     /usr/lib/x86_64-linux-gnu/GL/default/vulkan/implicit_layer.d/VkLayer_MESA_device_select.json
(flatpak run:503382): flatpak2-DEBUG: 15:43:40.256:     /usr/lib/x86_64-linux-gnu/GL/vulkan/implicit_layer.d/VkLayer_MESA_device_select.json
(flatpak run:503382): flatpak2-DEBUG: 15:43:40.256:     --symlink
(flatpak run:503382): flatpak2-DEBUG: 15:43:40.256:     /usr/lib/x86_64-linux-gnu/GL/default/vdpau/libvdpau_radeonsi.so.1.0
(flatpak run:503382): flatpak2-DEBUG: 15:43:40.256:     /usr/lib/x86_64-linux-gnu/GL/vdpau/libvdpau_radeonsi.so.1.0
(flatpak run:503382): flatpak2-DEBUG: 15:43:40.256:     --symlink
(flatpak run:503382): flatpak2-DEBUG: 15:43:40.256:     /usr/lib/x86_64-linux-gnu/GL/default/vdpau/libvdpau_r600.so
(flatpak run:503382): flatpak2-DEBUG: 15:43:40.256:     /usr/lib/x86_64-linux-gnu/GL/vdpau/libvdpau_r600.so
(flatpak run:503382): flatpak2-DEBUG: 15:43:40.256:     --symlink
(flatpak run:503382): flatpak2-DEBUG: 15:43:40.256:     /usr/lib/x86_64-linux-gnu/GL/default/vdpau/libvdpau_radeonsi.so.1
(flatpak run:503382): flatpak2-DEBUG: 15:43:40.256:     /usr/lib/x86_64-linux-gnu/GL/vdpau/libvdpau_radeonsi.so.1
(flatpak run:503382): flatpak2-DEBUG: 15:43:40.256:     --symlink
(flatpak run:503382): flatpak2-DEBUG: 15:43:40.256:     /usr/lib/x86_64-linux-gnu/GL/default/vdpau/libvdpau_r600.so.1.0.0
(flatpak run:503382): flatpak2-DEBUG: 15:43:40.256:     /usr/lib/x86_64-linux-gnu/GL/vdpau/libvdpau_r600.so.1.0.0
(flatpak run:503382): flatpak2-DEBUG: 15:43:40.256:     --symlink
(flatpak run:503382): flatpak2-DEBUG: 15:43:40.256:     /usr/lib/x86_64-linux-gnu/GL/default/vdpau/libvdpau_nouveau.so.1.0.0
(flatpak run:503382): flatpak2-DEBUG: 15:43:40.256:     /usr/lib/x86_64-linux-gnu/GL/vdpau/libvdpau_nouveau.so.1.0.0
(flatpak run:503382): flatpak2-DEBUG: 15:43:40.256:     --symlink
(flatpak run:503382): flatpak2-DEBUG: 15:43:40.256:     /usr/lib/x86_64-linux-gnu/GL/default/vdpau/libvdpau_virtio_gpu.so.1
(flatpak run:503382): flatpak2-DEBUG: 15:43:40.256:     /usr/lib/x86_64-linux-gnu/GL/vdpau/libvdpau_virtio_gpu.so.1
(flatpak run:503382): flatpak2-DEBUG: 15:43:40.256:     --symlink
(flatpak run:503382): flatpak2-DEBUG: 15:43:40.256:     /usr/lib/x86_64-linux-gnu/GL/default/vdpau/libvdpau_radeonsi.so
(flatpak run:503382): flatpak2-DEBUG: 15:43:40.256:     /usr/lib/x86_64-linux-gnu/GL/vdpau/libvdpau_radeonsi.so
(flatpak run:503382): flatpak2-DEBUG: 15:43:40.256:     --symlink
(flatpak run:503382): flatpak2-DEBUG: 15:43:40.256:     /usr/lib/x86_64-linux-gnu/GL/default/vdpau/libvdpau_radeonsi.so.1.0.0
(flatpak run:503382): flatpak2-DEBUG: 15:43:40.256:     /usr/lib/x86_64-linux-gnu/GL/vdpau/libvdpau_radeonsi.so.1.0.0
(flatpak run:503382): flatpak2-DEBUG: 15:43:40.256:     --symlink
(flatpak run:503382): flatpak2-DEBUG: 15:43:40.256:     /usr/lib/x86_64-linux-gnu/GL/default/vdpau/libvdpau_r600.so.1.0
(flatpak run:503382): flatpak2-DEBUG: 15:43:40.256:     /usr/lib/x86_64-linux-gnu/GL/vdpau/libvdpau_r600.so.1.0
(flatpak run:503382): flatpak2-DEBUG: 15:43:40.256:     --symlink
(flatpak run:503382): flatpak2-DEBUG: 15:43:40.256:     /usr/lib/x86_64-linux-gnu/GL/default/vdpau/libvdpau_trace.so.1.0.0
(flatpak run:503382): flatpak2-DEBUG: 15:43:40.256:     /usr/lib/x86_64-linux-gnu/GL/vdpau/libvdpau_trace.so.1.0.0
(flatpak run:503382): flatpak2-DEBUG: 15:43:40.256:     --symlink
(flatpak run:503382): flatpak2-DEBUG: 15:43:40.256:     /usr/lib/x86_64-linux-gnu/GL/default/vdpau/libvdpau_virtio_gpu.so.1.0
(flatpak run:503382): flatpak2-DEBUG: 15:43:40.256:     /usr/lib/x86_64-linux-gnu/GL/vdpau/libvdpau_virtio_gpu.so.1.0
(flatpak run:503382): flatpak2-DEBUG: 15:43:40.256:     --symlink
(flatpak run:503382): flatpak2-DEBUG: 15:43:40.256:     /usr/lib/x86_64-linux-gnu/GL/default/vdpau/libvdpau_nouveau.so
(flatpak run:503382): flatpak2-DEBUG: 15:43:40.256:     /usr/lib/x86_64-linux-gnu/GL/vdpau/libvdpau_nouveau.so
(flatpak run:503382): flatpak2-DEBUG: 15:43:40.256:     --symlink
(flatpak run:503382): flatpak2-DEBUG: 15:43:40.256:     /usr/lib/x86_64-linux-gnu/GL/default/vdpau/libvdpau_virtio_gpu.so.1.0.0
(flatpak run:503382): flatpak2-DEBUG: 15:43:40.256:     /usr/lib/x86_64-linux-gnu/GL/vdpau/libvdpau_virtio_gpu.so.1.0.0
(flatpak run:503382): flatpak2-DEBUG: 15:43:40.256:     --symlink
(flatpak run:503382): flatpak2-DEBUG: 15:43:40.256:     /usr/lib/x86_64-linux-gnu/GL/default/vdpau/libvdpau_nouveau.so.1
(flatpak run:503382): flatpak2-DEBUG: 15:43:40.256:     /usr/lib/x86_64-linux-gnu/GL/vdpau/libvdpau_nouveau.so.1
(flatpak run:503382): flatpak2-DEBUG: 15:43:40.256:     --symlink
(flatpak run:503382): flatpak2-DEBUG: 15:43:40.256:     /usr/lib/x86_64-linux-gnu/GL/default/vdpau/libvdpau_nouveau.so.1.0
(flatpak run:503382): flatpak2-DEBUG: 15:43:40.256:     /usr/lib/x86_64-linux-gnu/GL/vdpau/libvdpau_nouveau.so.1.0
(flatpak run:503382): flatpak2-DEBUG: 15:43:40.256:     --symlink
(flatpak run:503382): flatpak2-DEBUG: 15:43:40.256:     /usr/lib/x86_64-linux-gnu/GL/default/vdpau/libvdpau_trace.so
(flatpak run:503382): flatpak2-DEBUG: 15:43:40.256:     /usr/lib/x86_64-linux-gnu/GL/vdpau/libvdpau_trace.so
(flatpak run:503382): flatpak2-DEBUG: 15:43:40.256:     --symlink
(flatpak run:503382): flatpak2-DEBUG: 15:43:40.256:     /usr/lib/x86_64-linux-gnu/GL/default/vdpau/libvdpau_trace.so.1
(flatpak run:503382): flatpak2-DEBUG: 15:43:40.256:     /usr/lib/x86_64-linux-gnu/GL/vdpau/libvdpau_trace.so.1
(flatpak run:503382): flatpak2-DEBUG: 15:43:40.256:     --symlink
(flatpak run:503382): flatpak2-DEBUG: 15:43:40.256:     /usr/lib/x86_64-linux-gnu/GL/default/vdpau/libvdpau_r600.so.1
(flatpak run:503382): flatpak2-DEBUG: 15:43:40.256:     /usr/lib/x86_64-linux-gnu/GL/vdpau/libvdpau_r600.so.1
(flatpak run:503382): flatpak2-DEBUG: 15:43:40.256:     --symlink
(flatpak run:503382): flatpak2-DEBUG: 15:43:40.256:     /usr/lib/x86_64-linux-gnu/GL/default/vdpau/libvdpau_virtio_gpu.so
(flatpak run:503382): flatpak2-DEBUG: 15:43:40.256:     /usr/lib/x86_64-linux-gnu/GL/vdpau/libvdpau_virtio_gpu.so
(flatpak run:503382): flatpak2-DEBUG: 15:43:40.256:     --ro-bind-data
(flatpak run:503382): flatpak2-DEBUG: 15:43:40.256:     20
(flatpak run:503382): flatpak2-DEBUG: 15:43:40.256:     /run/flatpak/ld.so.conf.d/runtime-002-org.freedesktop.Platform.VAAPI.Intel.conf
(flatpak run:503382): flatpak2-DEBUG: 15:43:40.256:     --ro-bind-data
(flatpak run:503382): flatpak2-DEBUG: 15:43:40.256:     21
(flatpak run:503382): flatpak2-DEBUG: 15:43:40.256:     /run/flatpak/ld.so.conf.d/runtime-003-org.freedesktop.Platform.openh264.conf
(flatpak run:503382): flatpak2-DEBUG: 15:43:40.256:     --ro-bind-data
(flatpak run:503382): flatpak2-DEBUG: 15:43:40.256:     22
(flatpak run:503382): flatpak2-DEBUG: 15:43:40.256:     /run/flatpak/ld.so.conf.d/runtime-004-org.freedesktop.Platform.GL.default.conf
(flatpak run:503382): flatpak2-DEBUG: 15:43:40.256:     --symlink
(flatpak run:503382): flatpak2-DEBUG: 15:43:40.256:     usr/bin
(flatpak run:503382): flatpak2-DEBUG: 15:43:40.256:     /bin
(flatpak run:503382): flatpak2-DEBUG: 15:43:40.257:     --symlink
(flatpak run:503382): flatpak2-DEBUG: 15:43:40.257:     usr/lib
(flatpak run:503382): flatpak2-DEBUG: 15:43:40.257:     /lib
(flatpak run:503382): flatpak2-DEBUG: 15:43:40.257:     --symlink
(flatpak run:503382): flatpak2-DEBUG: 15:43:40.257:     usr/lib64
(flatpak run:503382): flatpak2-DEBUG: 15:43:40.257:     /lib64
(flatpak run:503382): flatpak2-DEBUG: 15:43:40.257:     --symlink
(flatpak run:503382): flatpak2-DEBUG: 15:43:40.257:     usr/sbin
(flatpak run:503382): flatpak2-DEBUG: 15:43:40.257:     /sbin
(flatpak run:503382): flatpak2-DEBUG: 15:43:40.257:     --ro-bind-data
(flatpak run:503382): flatpak2-DEBUG: 15:43:40.257:     23
(flatpak run:503382): flatpak2-DEBUG: 15:43:40.257:     /etc/ld.so.conf
(flatpak run:503382): flatpak2-DEBUG: 15:43:40.257:     --unshare-pid
(flatpak run:503382): flatpak2-DEBUG: 15:43:40.257:     --unshare-ipc
(flatpak run:503382): flatpak2-DEBUG: 15:43:40.257:     --unshare-net
(flatpak run:503382): flatpak2-DEBUG: 15:43:40.257:     --proc
(flatpak run:503382): flatpak2-DEBUG: 15:43:40.257:     /proc
(flatpak run:503382): flatpak2-DEBUG: 15:43:40.257:     --dev
(flatpak run:503382): flatpak2-DEBUG: 15:43:40.257:     /dev
(flatpak run:503382): flatpak2-DEBUG: 15:43:40.257:     --bind
(flatpak run:503382): flatpak2-DEBUG: 15:43:40.257:     /home/linux/.var/app/im.github.rallep71.DinoX/.ld.so
(flatpak run:503382): flatpak2-DEBUG: 15:43:40.257:     /run/ld-so-cache-dir
(flatpak run:503382): flatpak2-DEBUG: 15:43:40.257:     --setenv
(flatpak run:503382): flatpak2-DEBUG: 15:43:40.257:     DESKTOP_SESSION
(flatpak run:503382): flatpak2-DEBUG: 15:43:40.257:     cinnamon
(flatpak run:503382): flatpak2-DEBUG: 15:43:40.257:     --setenv
(flatpak run:503382): flatpak2-DEBUG: 15:43:40.257:     GDMSESSION
(flatpak run:503382): flatpak2-DEBUG: 15:43:40.257:     cinnamon
(flatpak run:503382): flatpak2-DEBUG: 15:43:40.257:     --setenv
(flatpak run:503382): flatpak2-DEBUG: 15:43:40.257:     HOME
(flatpak run:503382): flatpak2-DEBUG: 15:43:40.257:     /home/linux
(flatpak run:503382): flatpak2-DEBUG: 15:43:40.257:     --setenv
(flatpak run:503382): flatpak2-DEBUG: 15:43:40.257:     LANG
(flatpak run:503382): flatpak2-DEBUG: 15:43:40.257:     de_DE.UTF-8
(flatpak run:503382): flatpak2-DEBUG: 15:43:40.257:     --setenv
(flatpak run:503382): flatpak2-DEBUG: 15:43:40.257:     LANGUAGE
(flatpak run:503382): flatpak2-DEBUG: 15:43:40.257:     de_DE
(flatpak run:503382): flatpak2-DEBUG: 15:43:40.257:     --setenv
(flatpak run:503382): flatpak2-DEBUG: 15:43:40.257:     LD_LIBRARY_PATH
(flatpak run:503382): flatpak2-DEBUG: 15:43:40.257:     /app/lib
(flatpak run:503382): flatpak2-DEBUG: 15:43:40.257:     --setenv
(flatpak run:503382): flatpak2-DEBUG: 15:43:40.257:     LOGNAME
(flatpak run:503382): flatpak2-DEBUG: 15:43:40.257:     linux
(flatpak run:503382): flatpak2-DEBUG: 15:43:40.257:     --setenv
(flatpak run:503382): flatpak2-DEBUG: 15:43:40.257:     PATH
(flatpak run:503382): flatpak2-DEBUG: 15:43:40.257:     /app/bin:/usr/bin
(flatpak run:503382): flatpak2-DEBUG: 15:43:40.257:     --setenv
(flatpak run:503382): flatpak2-DEBUG: 15:43:40.257:     PWD
(flatpak run:503382): flatpak2-DEBUG: 15:43:40.257:     /media/linux/SSD128/xmpp
(flatpak run:503382): flatpak2-DEBUG: 15:43:40.257:     --setenv
(flatpak run:503382): flatpak2-DEBUG: 15:43:40.257:     SHELL
(flatpak run:503382): flatpak2-DEBUG: 15:43:40.257:     /bin/sh
(flatpak run:503382): flatpak2-DEBUG: 15:43:40.257:     --setenv
(flatpak run:503382): flatpak2-DEBUG: 15:43:40.257:     TERM
(flatpak run:503382): flatpak2-DEBUG: 15:43:40.257:     xterm-256color
(flatpak run:503382): flatpak2-DEBUG: 15:43:40.257:     --setenv
(flatpak run:503382): flatpak2-DEBUG: 15:43:40.257:     USER
(flatpak run:503382): flatpak2-DEBUG: 15:43:40.257:     linux
(flatpak run:503382): flatpak2-DEBUG: 15:43:40.257:     --setenv
(flatpak run:503382): flatpak2-DEBUG: 15:43:40.257:     XDG_CONFIG_DIRS
(flatpak run:503382): flatpak2-DEBUG: 15:43:40.257:     /app/etc/xdg:/etc/xdg
(flatpak run:503382): flatpak2-DEBUG: 15:43:40.257:     --setenv
(flatpak run:503382): flatpak2-DEBUG: 15:43:40.257:     XDG_CURRENT_DESKTOP
(flatpak run:503382): flatpak2-DEBUG: 15:43:40.257:     X-Cinnamon
(flatpak run:503382): flatpak2-DEBUG: 15:43:40.257:     --setenv
(flatpak run:503382): flatpak2-DEBUG: 15:43:40.257:     XDG_DATA_DIRS
(flatpak run:503382): flatpak2-DEBUG: 15:43:40.257:     /app/share:/usr/share
(flatpak run:503382): flatpak2-DEBUG: 15:43:40.257:     --setenv
(flatpak run:503382): flatpak2-DEBUG: 15:43:40.257:     XDG_SESSION_DESKTOP
(flatpak run:503382): flatpak2-DEBUG: 15:43:40.257:     cinnamon
(flatpak run:503382): flatpak-DEBUG: 15:43:40.257: Running: 'bwrap --args 24 ldconfig -X -C /run/ld-so-cache-dir/0ca1e24c0f2507f414c72ca3827b1bfcb72cc5b5602132747d3bc23ea552ec18.C7bBP2'
(flatpak run:503382): flatpak-DEBUG: 15:43:41.877: /home/linux/.local/share/flatpak/runtime/org.gnome.Platform/x86_64/48/0dd8d33f9ed1224b32ae92e4c5cefaaac75288056f73587f5a32a1e4277ccbb8/files/lib32 does not exist
(flatpak run:503382): GLib-GIO-DEBUG: 15:43:41.878: Using cross-namespace EXTERNAL authentication (this will deadlock if server is GDBus < 2.73.3)
(flatpak run:503382): flatpak-DEBUG: 15:43:41.882: Cleaning up unused container id 3102150729
(flatpak run:503382): flatpak2-DEBUG: 15:43:41.882: Not cleaning up per-app dir: lock /run/user/1000/.flatpak/im.github.rallep71.DinoX/.ref: Die Ressource ist zur Zeit nicht verfügbar
(flatpak run:503382): flatpak-DEBUG: 15:43:41.882: Allocated instance id 1594930557
(flatpak run:503382): flatpak-DEBUG: 15:43:41.882: Add defaults in dir /im/github/rallep71/DinoX/
(flatpak run:503382): flatpak-DEBUG: 15:43:41.883: Add locks in dir /im/github/rallep71/DinoX/
(flatpak run:503382): GLib-GIO-DEBUG: 15:43:41.884: Using cross-namespace EXTERNAL authentication (this will deadlock if server is GDBus < 2.73.3)
(flatpak run:503382): flatpak-DEBUG: 15:43:41.888: Allowing dri access
(flatpak run:503382): flatpak2-DEBUG: 15:43:41.888: Trying to export read/write: /run/user/1000/pipewire-0
(flatpak run:503382): flatpak2-DEBUG: 15:43:41.888: /run is not a symlink
(flatpak run:503382): flatpak2-DEBUG: 15:43:41.888: /run/user is not a symlink
(flatpak run:503382): flatpak2-DEBUG: 15:43:41.888: /run/user/1000 is not a symlink
(flatpak run:503382): flatpak2-DEBUG: 15:43:41.888: /run/user/1000/pipewire-0 is not a symlink
(flatpak run:503382): flatpak2-DEBUG: 15:43:41.888: Will export read/write: /run/user/1000/pipewire-0
(flatpak run:503382): flatpak2-DEBUG: 15:43:41.888: Trying to replace with tmpfs: /home/linux/.var/app
(flatpak run:503382): flatpak2-DEBUG: 15:43:41.888: /home is not a symlink
(flatpak run:503382): flatpak2-DEBUG: 15:43:41.888: /home/linux is not a symlink
(flatpak run:503382): flatpak2-DEBUG: 15:43:41.888: /home/linux/.var is not a symlink
(flatpak run:503382): flatpak2-DEBUG: 15:43:41.888: /home/linux/.var/app is not a symlink
(flatpak run:503382): flatpak2-DEBUG: 15:43:41.888: Will replace with tmpfs: /home/linux/.var/app
(flatpak run:503382): flatpak2-DEBUG: 15:43:41.888: Trying to export read/write: /home/linux/.var/app/im.github.rallep71.DinoX
(flatpak run:503382): flatpak2-DEBUG: 15:43:41.888: /home is not a symlink
(flatpak run:503382): flatpak2-DEBUG: 15:43:41.888: /home/linux is not a symlink
(flatpak run:503382): flatpak2-DEBUG: 15:43:41.888: /home/linux/.var is not a symlink
(flatpak run:503382): flatpak2-DEBUG: 15:43:41.888: /home/linux/.var/app is not a symlink
(flatpak run:503382): flatpak2-DEBUG: 15:43:41.888: /home/linux/.var/app/im.github.rallep71.DinoX is not a symlink
(flatpak run:503382): flatpak2-DEBUG: 15:43:41.888: Will export read/write: /home/linux/.var/app/im.github.rallep71.DinoX
(flatpak run:503382): flatpak2-DEBUG: 15:43:41.888: Trying to replace with tmpfs: /home/linux/.local/share/flatpak
(flatpak run:503382): flatpak2-DEBUG: 15:43:41.888: /home is not a symlink
(flatpak run:503382): flatpak2-DEBUG: 15:43:41.888: /home/linux is not a symlink
(flatpak run:503382): flatpak2-DEBUG: 15:43:41.888: /home/linux/.local is not a symlink
(flatpak run:503382): flatpak2-DEBUG: 15:43:41.888: /home/linux/.local/share is not a symlink
(flatpak run:503382): flatpak2-DEBUG: 15:43:41.888: /home/linux/.local/share/flatpak is not a symlink
(flatpak run:503382): flatpak2-DEBUG: 15:43:41.888: Will replace with tmpfs: /home/linux/.local/share/flatpak
(flatpak run:503382): flatpak2-DEBUG: 15:43:41.888: Trying to ensure existence of directory: /home/linux
(flatpak run:503382): flatpak2-DEBUG: 15:43:41.888: /home is not a symlink
(flatpak run:503382): flatpak2-DEBUG: 15:43:41.888: /home/linux is not a symlink
(flatpak run:503382): flatpak2-DEBUG: 15:43:41.888: Will ensure existence of directory: /home/linux
(flatpak run:503382): flatpak2-DEBUG: 15:43:41.888: Converting FlatpakExports to bwrap arguments...
(flatpak run:503382): flatpak2-DEBUG: 15:43:41.888: "/home/linux" is meant to be a directory
(flatpak run:503382): flatpak2-DEBUG: 15:43:41.888: Ensuring "/home/linux" is created as a directory
(flatpak run:503382): flatpak2-DEBUG: 15:43:41.888: "/home/linux/.local/share/flatpak" is meant to be a tmpfs or empty directory
(flatpak run:503382): flatpak2-DEBUG: 15:43:41.888: Parent of "/home/linux/.local/share/flatpak" is not mapped, creating empty directory
(flatpak run:503382): flatpak2-DEBUG: 15:43:41.888: "/home/linux/.var/app" is meant to be a tmpfs or empty directory
(flatpak run:503382): flatpak2-DEBUG: 15:43:41.888: Parent of "/home/linux/.var/app" is not mapped, creating empty directory
(flatpak run:503382): flatpak2-DEBUG: 15:43:41.888: "/home/linux/.var/app/im.github.rallep71.DinoX" is meant to be shared (ro or rw) with the container
(flatpak run:503382): flatpak2-DEBUG: 15:43:41.888: "/run/user/1000/pipewire-0" is meant to be shared (ro or rw) with the container
(flatpak run:503382): flatpak-DEBUG: 15:43:41.888: Allowing wayland access
(flatpak run:503382): flatpak-DEBUG: 15:43:41.888: Allowing x11 access
(flatpak run:503382): flatpak-DEBUG: 15:43:41.888: Allowing pulseaudio access
(flatpak run:503382): flatpak-DEBUG: 15:43:41.888: Pulseaudio user configuration file '/home/linux/.config/pulse/client.conf': Fehler beim Öffnen der Datei »/home/linux/.config/pulse/client.conf«: Datei oder Verzeichnis nicht gefunden
(flatpak run:503382): GLib-GIO-DEBUG: 15:43:41.893: Using cross-namespace EXTERNAL authentication (this will deadlock if server is GDBus < 2.73.3)
(flatpak run:503382): flatpak2-DEBUG: 15:43:41.908: bwrap --args 73 = ...
(flatpak run:503382): flatpak2-DEBUG: 15:43:41.908:     --ro-bind
(flatpak run:503382): flatpak2-DEBUG: 15:43:41.908:     /proc
(flatpak run:503382): flatpak2-DEBUG: 15:43:41.908:     /proc
(flatpak run:503382): flatpak2-DEBUG: 15:43:41.908:     --ro-bind
(flatpak run:503382): flatpak2-DEBUG: 15:43:41.908:     /mnt
(flatpak run:503382): flatpak2-DEBUG: 15:43:41.908:     /mnt
(flatpak run:503382): flatpak2-DEBUG: 15:43:41.908:     --ro-bind
(flatpak run:503382): flatpak2-DEBUG: 15:43:41.908:     /cdrom
(flatpak run:503382): flatpak2-DEBUG: 15:43:41.908:     /cdrom
(flatpak run:503382): flatpak2-DEBUG: 15:43:41.908:     --symlink
(flatpak run:503382): flatpak2-DEBUG: 15:43:41.908:     usr/lib
(flatpak run:503382): flatpak2-DEBUG: 15:43:41.908:     /lib
(flatpak run:503382): flatpak2-DEBUG: 15:43:41.908:     --ro-bind
(flatpak run:503382): flatpak2-DEBUG: 15:43:41.908:     /timeshift
(flatpak run:503382): flatpak2-DEBUG: 15:43:41.908:     /timeshift
(flatpak run:503382): flatpak2-DEBUG: 15:43:41.908:     --symlink
(flatpak run:503382): flatpak2-DEBUG: 15:43:41.908:     usr/sbin
(flatpak run:503382): flatpak2-DEBUG: 15:43:41.908:     /sbin
(flatpak run:503382): flatpak2-DEBUG: 15:43:41.908:     --ro-bind
(flatpak run:503382): flatpak2-DEBUG: 15:43:41.908:     /sys
(flatpak run:503382): flatpak2-DEBUG: 15:43:41.908:     /sys
(flatpak run:503382): flatpak2-DEBUG: 15:43:41.908:     --ro-bind
(flatpak run:503382): flatpak2-DEBUG: 15:43:41.908:     '/lost+found'
(flatpak run:503382): flatpak2-DEBUG: 15:43:41.908:     '/lost+found'
(flatpak run:503382): flatpak2-DEBUG: 15:43:41.908:     --bind
(flatpak run:503382): flatpak2-DEBUG: 15:43:41.908:     /var
(flatpak run:503382): flatpak2-DEBUG: 15:43:41.908:     /var
(flatpak run:503382): flatpak2-DEBUG: 15:43:41.908:     --ro-bind
(flatpak run:503382): flatpak2-DEBUG: 15:43:41.908:     /opt
(flatpak run:503382): flatpak2-DEBUG: 15:43:41.908:     /opt
(flatpak run:503382): flatpak2-DEBUG: 15:43:41.908:     --ro-bind
(flatpak run:503382): flatpak2-DEBUG: 15:43:41.908:     /etc
(flatpak run:503382): flatpak2-DEBUG: 15:43:41.908:     /etc
(flatpak run:503382): flatpak2-DEBUG: 15:43:41.908:     --ro-bind
(flatpak run:503382): flatpak2-DEBUG: 15:43:41.908:     /dev
(flatpak run:503382): flatpak2-DEBUG: 15:43:41.908:     /dev
(flatpak run:503382): flatpak2-DEBUG: 15:43:41.908:     --bind
(flatpak run:503382): flatpak2-DEBUG: 15:43:41.908:     /run
(flatpak run:503382): flatpak2-DEBUG: 15:43:41.908:     /run
(flatpak run:503382): flatpak2-DEBUG: 15:43:41.908:     --symlink
(flatpak run:503382): flatpak2-DEBUG: 15:43:41.908:     usr/bin
(flatpak run:503382): flatpak2-DEBUG: 15:43:41.908:     /bin
(flatpak run:503382): flatpak2-DEBUG: 15:43:41.908:     --ro-bind
(flatpak run:503382): flatpak2-DEBUG: 15:43:41.908:     /usr
(flatpak run:503382): flatpak2-DEBUG: 15:43:41.908:     /usr
(flatpak run:503382): flatpak2-DEBUG: 15:43:41.908:     --bind
(flatpak run:503382): flatpak2-DEBUG: 15:43:41.908:     /tmp
(flatpak run:503382): flatpak2-DEBUG: 15:43:41.908:     /tmp
(flatpak run:503382): flatpak2-DEBUG: 15:43:41.908:     --symlink
(flatpak run:503382): flatpak2-DEBUG: 15:43:41.908:     usr/lib64
(flatpak run:503382): flatpak2-DEBUG: 15:43:41.908:     /lib64
(flatpak run:503382): flatpak2-DEBUG: 15:43:41.908:     --ro-bind
(flatpak run:503382): flatpak2-DEBUG: 15:43:41.908:     /root
(flatpak run:503382): flatpak2-DEBUG: 15:43:41.908:     /root
(flatpak run:503382): flatpak2-DEBUG: 15:43:41.908:     --ro-bind
(flatpak run:503382): flatpak2-DEBUG: 15:43:41.908:     /srv
(flatpak run:503382): flatpak2-DEBUG: 15:43:41.908:     /srv
(flatpak run:503382): flatpak2-DEBUG: 15:43:41.908:     --ro-bind
(flatpak run:503382): flatpak2-DEBUG: 15:43:41.908:     /media
(flatpak run:503382): flatpak2-DEBUG: 15:43:41.908:     /media
(flatpak run:503382): flatpak2-DEBUG: 15:43:41.908:     --ro-bind
(flatpak run:503382): flatpak2-DEBUG: 15:43:41.908:     /lib.usr-is-merged
(flatpak run:503382): flatpak2-DEBUG: 15:43:41.908:     /lib.usr-is-merged
(flatpak run:503382): flatpak2-DEBUG: 15:43:41.908:     --ro-bind
(flatpak run:503382): flatpak2-DEBUG: 15:43:41.908:     /bin.usr-is-merged
(flatpak run:503382): flatpak2-DEBUG: 15:43:41.908:     /bin.usr-is-merged
(flatpak run:503382): flatpak2-DEBUG: 15:43:41.908:     --ro-bind
(flatpak run:503382): flatpak2-DEBUG: 15:43:41.908:     /home
(flatpak run:503382): flatpak2-DEBUG: 15:43:41.908:     /home
(flatpak run:503382): flatpak2-DEBUG: 15:43:41.908:     --ro-bind
(flatpak run:503382): flatpak2-DEBUG: 15:43:41.908:     /sbin.usr-is-merged
(flatpak run:503382): flatpak2-DEBUG: 15:43:41.908:     /sbin.usr-is-merged
(flatpak run:503382): flatpak2-DEBUG: 15:43:41.908:     --ro-bind
(flatpak run:503382): flatpak2-DEBUG: 15:43:41.908:     /boot
(flatpak run:503382): flatpak2-DEBUG: 15:43:41.908:     /boot
(flatpak run:503382): flatpak2-DEBUG: 15:43:41.908:     --bind
(flatpak run:503382): flatpak2-DEBUG: 15:43:41.908:     /run/user/1000/.dbus-proxy/
(flatpak run:503382): flatpak2-DEBUG: 15:43:41.908:     /run/user/1000/.dbus-proxy/
(flatpak run:503382): flatpak2-DEBUG: 15:43:41.908:     --perms
(flatpak run:503382): flatpak2-DEBUG: 15:43:41.908:     0600
(flatpak run:503382): flatpak2-DEBUG: 15:43:41.908:     --file
(flatpak run:503382): flatpak2-DEBUG: 15:43:41.908:     39
(flatpak run:503382): flatpak2-DEBUG: 15:43:41.908:     /.flatpak-info
(flatpak run:503382): flatpak2-DEBUG: 15:43:41.908: bwrap --args 75 = ...
(flatpak run:503382): flatpak2-DEBUG: 15:43:41.908:     --fd=74
(flatpak run:503382): flatpak2-DEBUG: 15:43:41.908:     unix:path=/run/user/1000/bus
(flatpak run:503382): flatpak2-DEBUG: 15:43:41.908:     /run/user/1000/.dbus-proxy/session-bus-proxy-6OCOG3
(flatpak run:503382): flatpak2-DEBUG: 15:43:41.908:     --filter
(flatpak run:503382): flatpak2-DEBUG: 15:43:41.908:     '--own=im.github.rallep71.DinoX.*'
(flatpak run:503382): flatpak2-DEBUG: 15:43:41.908:     '--own=org.mpris.MediaPlayer2.im.github.rallep71.DinoX.*'
(flatpak run:503382): flatpak2-DEBUG: 15:43:41.908:     --talk=org.kde.StatusNotifierWatcher
(flatpak run:503382): flatpak2-DEBUG: 15:43:41.908:     --talk=org.freedesktop.Notifications
(flatpak run:503382): flatpak2-DEBUG: 15:43:41.908:     --talk=org.freedesktop.ScreenSaver
(flatpak run:503382): flatpak2-DEBUG: 15:43:41.908:     --own=org.mpris.MediaPlayer2.Dino
(flatpak run:503382): flatpak2-DEBUG: 15:43:41.908:     '--call=org.freedesktop.portal.*=*'
(flatpak run:503382): flatpak2-DEBUG: 15:43:41.908:     '--broadcast=org.freedesktop.portal.*=@/org/freedesktop/portal/*'
(flatpak run:503382): flatpak2-DEBUG: 15:43:41.908:     'unix:path=/run/user/1000/at-spi/bus_0,guid=faba63004f5711d0f6a583da691f9964'
(flatpak run:503382): flatpak2-DEBUG: 15:43:41.908:     /run/user/1000/.dbus-proxy/a11y-bus-proxy-BUFOG3
(flatpak run:503382): flatpak2-DEBUG: 15:43:41.908:     --filter
(flatpak run:503382): flatpak2-DEBUG: 15:43:41.908:     --sloppy-names
(flatpak run:503382): flatpak2-DEBUG: 15:43:41.908:     --call=org.a11y.atspi.Registry=org.a11y.atspi.Socket.Embed@/org/a11y/atspi/accessible/root
(flatpak run:503382): flatpak2-DEBUG: 15:43:41.908:     --call=org.a11y.atspi.Registry=org.a11y.atspi.Socket.Unembed@/org/a11y/atspi/accessible/root
(flatpak run:503382): flatpak2-DEBUG: 15:43:41.908:     --call=org.a11y.atspi.Registry=org.a11y.atspi.Registry.GetRegisteredEvents@/org/a11y/atspi/registry
(flatpak run:503382): flatpak2-DEBUG: 15:43:41.908:     --call=org.a11y.atspi.Registry=org.a11y.atspi.DeviceEventController.GetKeystrokeListeners@/org/a11y/atspi/registry/deviceeventcontroller
(flatpak run:503382): flatpak2-DEBUG: 15:43:41.908:     --call=org.a11y.atspi.Registry=org.a11y.atspi.DeviceEventController.GetDeviceEventListeners@/org/a11y/atspi/registry/deviceeventcontroller
(flatpak run:503382): flatpak2-DEBUG: 15:43:41.908:     --call=org.a11y.atspi.Registry=org.a11y.atspi.DeviceEventController.NotifyListenersSync@/org/a11y/atspi/registry/deviceeventcontroller
(flatpak run:503382): flatpak2-DEBUG: 15:43:41.908:     --call=org.a11y.atspi.Registry=org.a11y.atspi.DeviceEventController.NotifyListenersAsync@/org/a11y/atspi/registry/deviceeventcontroller
(flatpak run:503382): flatpak-DEBUG: 15:43:41.908: Running 'bwrap --args 73 -- xdg-dbus-proxy --args=75'
(flatpak run:503382): flatpak2-DEBUG: 15:43:43.119: bwrap --args 73 = ...
(flatpak run:503382): flatpak2-DEBUG: 15:43:43.119:     --ro-bind
(flatpak run:503382): flatpak2-DEBUG: 15:43:43.119:     /home/linux/.local/share/flatpak/runtime/org.gnome.Platform/x86_64/48/0dd8d33f9ed1224b32ae92e4c5cefaaac75288056f73587f5a32a1e4277ccbb8/files
(flatpak run:503382): flatpak2-DEBUG: 15:43:43.119:     /usr
(flatpak run:503382): flatpak2-DEBUG: 15:43:43.119:     --lock-file
(flatpak run:503382): flatpak2-DEBUG: 15:43:43.119:     /usr/.ref
(flatpak run:503382): flatpak2-DEBUG: 15:43:43.119:     --ro-bind
(flatpak run:503382): flatpak2-DEBUG: 15:43:43.119:     /home/linux/.local/share/flatpak/app/im.github.rallep71.DinoX/x86_64/master/205bcdc56799141c4e30ae39c1f4c3421a6d25f64e8053545eb55afc715d9522/files
(flatpak run:503382): flatpak2-DEBUG: 15:43:43.119:     /app
(flatpak run:503382): flatpak2-DEBUG: 15:43:43.119:     --lock-file
(flatpak run:503382): flatpak2-DEBUG: 15:43:43.119:     /app/.ref
(flatpak run:503382): flatpak2-DEBUG: 15:43:43.119:     --ro-bind
(flatpak run:503382): flatpak2-DEBUG: 15:43:43.119:     /var/lib/flatpak/runtime/org.freedesktop.Platform.ffmpeg-full/x86_64/24.08/badb337defd6dc6db0d25fce24b87d1827a7cf181b6c7b395ab18986c748b09c/files
(flatpak run:503382): flatpak2-DEBUG: 15:43:43.119:     /app/lib/ffmpeg
(flatpak run:503382): flatpak2-DEBUG: 15:43:43.119:     --ro-bind
(flatpak run:503382): flatpak2-DEBUG: 15:43:43.119:     /home/linux/.local/share/flatpak/runtime/im.github.rallep71.DinoX.Locale/x86_64/master/d1f5e29e85f47b055962569e329e4f0a938d6d10122b295fd0108c6641ec04dd/files
(flatpak run:503382): flatpak2-DEBUG: 15:43:43.119:     /app/share/runtime/locale
(flatpak run:503382): flatpak2-DEBUG: 15:43:43.119:     --ro-bind-data
(flatpak run:503382): flatpak2-DEBUG: 15:43:43.119:     18
(flatpak run:503382): flatpak2-DEBUG: 15:43:43.119:     /run/flatpak/ld.so.conf.d/app-001-org.freedesktop.Platform.ffmpeg-full.conf
(flatpak run:503382): flatpak2-DEBUG: 15:43:43.119:     --tmpfs
(flatpak run:503382): flatpak2-DEBUG: 15:43:43.119:     /usr/lib/x86_64-linux-gnu/GL
(flatpak run:503382): flatpak2-DEBUG: 15:43:43.119:     --ro-bind
(flatpak run:503382): flatpak2-DEBUG: 15:43:43.119:     /home/linux/.local/share/flatpak/runtime/org.freedesktop.Platform.GL.default/x86_64/24.08/e7cca7bcddd35029a6cb5720367f49255a6be3d338eaf1e7a57945cbe84e03ec/files
(flatpak run:503382): flatpak2-DEBUG: 15:43:43.119:     /usr/lib/x86_64-linux-gnu/GL/default
(flatpak run:503382): flatpak2-DEBUG: 15:43:43.119:     --ro-bind
(flatpak run:503382): flatpak2-DEBUG: 15:43:43.119:     /home/linux/.local/share/flatpak/runtime/org.freedesktop.Platform.GL.default/x86_64/24.08extra/765326f0e2abc4b69240f4283bb2437b04d468ce2377cf716d05b3d71a8e646e/files
(flatpak run:503382): flatpak2-DEBUG: 15:43:43.119:     /usr/lib/x86_64-linux-gnu/GL/default
(flatpak run:503382): flatpak2-DEBUG: 15:43:43.119:     --ro-bind
(flatpak run:503382): flatpak2-DEBUG: 15:43:43.119:     /home/linux/.local/share/flatpak/runtime/org.freedesktop.Platform.VAAPI.Intel/x86_64/24.08/154954455478c72cbb2b1f53ac4492cfbd9c5063a8142cd52a456730cba7bcd4/files
(flatpak run:503382): flatpak2-DEBUG: 15:43:43.119:     /usr/lib/x86_64-linux-gnu/dri/intel-vaapi-driver
(flatpak run:503382): flatpak2-DEBUG: 15:43:43.119:     --ro-bind
(flatpak run:503382): flatpak2-DEBUG: 15:43:43.119:     /home/linux/.local/share/flatpak/runtime/org.freedesktop.Platform.openh264/x86_64/2.5.1/0f52621e4540863ee86b1fe26216fff78fefa1096f367079692344139228e474/files
(flatpak run:503382): flatpak2-DEBUG: 15:43:43.119:     /usr/lib/x86_64-linux-gnu/openh264
(flatpak run:503382): flatpak2-DEBUG: 15:43:43.119:     --ro-bind
(flatpak run:503382): flatpak2-DEBUG: 15:43:43.119:     /home/linux/.local/share/flatpak/runtime/org.gnome.Platform.Locale/x86_64/48/e837667ac039d9954cc40d7efad2fdbc2f83250d0983afd970b957211995eee0/files
(flatpak run:503382): flatpak2-DEBUG: 15:43:43.119:     /usr/share/runtime/locale
(flatpak run:503382): flatpak2-DEBUG: 15:43:43.119:     --tmpfs
(flatpak run:503382): flatpak2-DEBUG: 15:43:43.119:     /usr/share/runtime/share/themes
(flatpak run:503382): flatpak2-DEBUG: 15:43:43.119:     --ro-bind
(flatpak run:503382): flatpak2-DEBUG: 15:43:43.119:     /home/linux/.local/share/flatpak/runtime/org.gtk.Gtk3theme.Mint-Y-Aqua/x86_64/3.22/0b789874aaf50ac3a04356f9e4608a3a47fb06660e569ec8ccbeb61cfa07421f/files
(flatpak run:503382): flatpak2-DEBUG: 15:43:43.119:     /usr/share/runtime/share/themes/Mint-Y-Aqua/gtk-3.0
(flatpak run:503382): flatpak2-DEBUG: 15:43:43.119:     --ro-bind-data
(flatpak run:503382): flatpak2-DEBUG: 15:43:43.119:     19
(flatpak run:503382): flatpak2-DEBUG: 15:43:43.119:     /run/flatpak/ld.so.conf.d/runtime-001-org.freedesktop.Platform.GL.default.conf
(flatpak run:503382): flatpak2-DEBUG: 15:43:43.119:     --symlink
(flatpak run:503382): flatpak2-DEBUG: 15:43:43.119:     /usr/lib/x86_64-linux-gnu/GL/default/vulkan/icd.d/intel_icd.x86_64.json
(flatpak run:503382): flatpak2-DEBUG: 15:43:43.119:     /usr/lib/x86_64-linux-gnu/GL/vulkan/icd.d/intel_icd.x86_64.json
(flatpak run:503382): flatpak2-DEBUG: 15:43:43.119:     --symlink
(flatpak run:503382): flatpak2-DEBUG: 15:43:43.119:     /usr/lib/x86_64-linux-gnu/GL/default/vulkan/icd.d/lvp_icd.x86_64.json
(flatpak run:503382): flatpak2-DEBUG: 15:43:43.119:     /usr/lib/x86_64-linux-gnu/GL/vulkan/icd.d/lvp_icd.x86_64.json
(flatpak run:503382): flatpak2-DEBUG: 15:43:43.119:     --symlink
(flatpak run:503382): flatpak2-DEBUG: 15:43:43.119:     /usr/lib/x86_64-linux-gnu/GL/default/vulkan/icd.d/virtio_icd.x86_64.json
(flatpak run:503382): flatpak2-DEBUG: 15:43:43.119:     /usr/lib/x86_64-linux-gnu/GL/vulkan/icd.d/virtio_icd.x86_64.json
(flatpak run:503382): flatpak2-DEBUG: 15:43:43.119:     --symlink
(flatpak run:503382): flatpak2-DEBUG: 15:43:43.119:     /usr/lib/x86_64-linux-gnu/GL/default/vulkan/icd.d/intel_hasvk_icd.x86_64.json
(flatpak run:503382): flatpak2-DEBUG: 15:43:43.119:     /usr/lib/x86_64-linux-gnu/GL/vulkan/icd.d/intel_hasvk_icd.x86_64.json
(flatpak run:503382): flatpak2-DEBUG: 15:43:43.119:     --symlink
(flatpak run:503382): flatpak2-DEBUG: 15:43:43.119:     /usr/lib/x86_64-linux-gnu/GL/default/vulkan/icd.d/nouveau_icd.x86_64.json
(flatpak run:503382): flatpak2-DEBUG: 15:43:43.119:     /usr/lib/x86_64-linux-gnu/GL/vulkan/icd.d/nouveau_icd.x86_64.json
(flatpak run:503382): flatpak2-DEBUG: 15:43:43.119:     --symlink
(flatpak run:503382): flatpak2-DEBUG: 15:43:43.119:     /usr/lib/x86_64-linux-gnu/GL/default/vulkan/icd.d/radeon_icd.x86_64.json
(flatpak run:503382): flatpak2-DEBUG: 15:43:43.119:     /usr/lib/x86_64-linux-gnu/GL/vulkan/icd.d/radeon_icd.x86_64.json
(flatpak run:503382): flatpak2-DEBUG: 15:43:43.119:     --symlink
(flatpak run:503382): flatpak2-DEBUG: 15:43:43.120:     /usr/lib/x86_64-linux-gnu/GL/default/glvnd/egl_vendor.d/50_mesa.json
(flatpak run:503382): flatpak2-DEBUG: 15:43:43.120:     /usr/lib/x86_64-linux-gnu/GL/glvnd/egl_vendor.d/50_mesa.json
(flatpak run:503382): flatpak2-DEBUG: 15:43:43.120:     --symlink
(flatpak run:503382): flatpak2-DEBUG: 15:43:43.120:     /usr/lib/x86_64-linux-gnu/GL/default/OpenCL/vendors/rusticl.icd
(flatpak run:503382): flatpak2-DEBUG: 15:43:43.120:     /usr/lib/x86_64-linux-gnu/GL/OpenCL/vendors/rusticl.icd
(flatpak run:503382): flatpak2-DEBUG: 15:43:43.120:     --symlink
(flatpak run:503382): flatpak2-DEBUG: 15:43:43.120:     /usr/lib/x86_64-linux-gnu/GL/default/lib/dri/r300_dri.so
(flatpak run:503382): flatpak2-DEBUG: 15:43:43.120:     /usr/lib/x86_64-linux-gnu/GL/lib/dri/r300_dri.so
(flatpak run:503382): flatpak2-DEBUG: 15:43:43.120:     --symlink
(flatpak run:503382): flatpak2-DEBUG: 15:43:43.120:     /usr/lib/x86_64-linux-gnu/GL/default/lib/dri/virtio_gpu_dri.so
(flatpak run:503382): flatpak2-DEBUG: 15:43:43.120:     /usr/lib/x86_64-linux-gnu/GL/lib/dri/virtio_gpu_dri.so
(flatpak run:503382): flatpak2-DEBUG: 15:43:43.120:     --symlink
(flatpak run:503382): flatpak2-DEBUG: 15:43:43.120:     /usr/lib/x86_64-linux-gnu/GL/default/lib/dri/r600_dri.so
(flatpak run:503382): flatpak2-DEBUG: 15:43:43.120:     /usr/lib/x86_64-linux-gnu/GL/lib/dri/r600_dri.so
(flatpak run:503382): flatpak2-DEBUG: 15:43:43.120:     --symlink
(flatpak run:503382): flatpak2-DEBUG: 15:43:43.120:     /usr/lib/x86_64-linux-gnu/GL/default/lib/dri/swrast_dri.so
(flatpak run:503382): flatpak2-DEBUG: 15:43:43.120:     /usr/lib/x86_64-linux-gnu/GL/lib/dri/swrast_dri.so
(flatpak run:503382): flatpak2-DEBUG: 15:43:43.120:     --symlink
(flatpak run:503382): flatpak2-DEBUG: 15:43:43.120:     /usr/lib/x86_64-linux-gnu/GL/default/lib/dri/radeonsi_dri.so
(flatpak run:503382): flatpak2-DEBUG: 15:43:43.120:     /usr/lib/x86_64-linux-gnu/GL/lib/dri/radeonsi_dri.so
(flatpak run:503382): flatpak2-DEBUG: 15:43:43.120:     --symlink
(flatpak run:503382): flatpak2-DEBUG: 15:43:43.120:     /usr/lib/x86_64-linux-gnu/GL/default/lib/dri/radeonsi_drv_video.so
(flatpak run:503382): flatpak2-DEBUG: 15:43:43.120:     /usr/lib/x86_64-linux-gnu/GL/lib/dri/radeonsi_drv_video.so
(flatpak run:503382): flatpak2-DEBUG: 15:43:43.120:     --symlink
(flatpak run:503382): flatpak2-DEBUG: 15:43:43.120:     /usr/lib/x86_64-linux-gnu/GL/default/lib/dri/i915_dri.so
(flatpak run:503382): flatpak2-DEBUG: 15:43:43.120:     /usr/lib/x86_64-linux-gnu/GL/lib/dri/i915_dri.so
(flatpak run:503382): flatpak2-DEBUG: 15:43:43.120:     --symlink
(flatpak run:503382): flatpak2-DEBUG: 15:43:43.120:     /usr/lib/x86_64-linux-gnu/GL/default/lib/dri/zink_dri.so
(flatpak run:503382): flatpak2-DEBUG: 15:43:43.120:     /usr/lib/x86_64-linux-gnu/GL/lib/dri/zink_dri.so
(flatpak run:503382): flatpak2-DEBUG: 15:43:43.120:     --symlink
(flatpak run:503382): flatpak2-DEBUG: 15:43:43.120:     /usr/lib/x86_64-linux-gnu/GL/default/lib/dri/r600_drv_video.so
(flatpak run:503382): flatpak2-DEBUG: 15:43:43.120:     /usr/lib/x86_64-linux-gnu/GL/lib/dri/r600_drv_video.so
(flatpak run:503382): flatpak2-DEBUG: 15:43:43.120:     --symlink
(flatpak run:503382): flatpak2-DEBUG: 15:43:43.120:     /usr/lib/x86_64-linux-gnu/GL/default/lib/dri/nouveau_dri.so
(flatpak run:503382): flatpak2-DEBUG: 15:43:43.120:     /usr/lib/x86_64-linux-gnu/GL/lib/dri/nouveau_dri.so
(flatpak run:503382): flatpak2-DEBUG: 15:43:43.120:     --symlink
(flatpak run:503382): flatpak2-DEBUG: 15:43:43.120:     /usr/lib/x86_64-linux-gnu/GL/default/lib/dri/vmwgfx_dri.so
(flatpak run:503382): flatpak2-DEBUG: 15:43:43.120:     /usr/lib/x86_64-linux-gnu/GL/lib/dri/vmwgfx_dri.so
(flatpak run:503382): flatpak2-DEBUG: 15:43:43.120:     --symlink
(flatpak run:503382): flatpak2-DEBUG: 15:43:43.120:     /usr/lib/x86_64-linux-gnu/GL/default/lib/dri/iris_dri.so
(flatpak run:503382): flatpak2-DEBUG: 15:43:43.120:     /usr/lib/x86_64-linux-gnu/GL/lib/dri/iris_dri.so
(flatpak run:503382): flatpak2-DEBUG: 15:43:43.120:     --symlink
(flatpak run:503382): flatpak2-DEBUG: 15:43:43.120:     /usr/lib/x86_64-linux-gnu/GL/default/lib/dri/virtio_gpu_drv_video.so
(flatpak run:503382): flatpak2-DEBUG: 15:43:43.120:     /usr/lib/x86_64-linux-gnu/GL/lib/dri/virtio_gpu_drv_video.so
(flatpak run:503382): flatpak2-DEBUG: 15:43:43.120:     --symlink
(flatpak run:503382): flatpak2-DEBUG: 15:43:43.120:     /usr/lib/x86_64-linux-gnu/GL/default/lib/dri/libdril_dri.so
(flatpak run:503382): flatpak2-DEBUG: 15:43:43.120:     /usr/lib/x86_64-linux-gnu/GL/lib/dri/libdril_dri.so
(flatpak run:503382): flatpak2-DEBUG: 15:43:43.120:     --symlink
(flatpak run:503382): flatpak2-DEBUG: 15:43:43.120:     /usr/lib/x86_64-linux-gnu/GL/default/lib/dri/nouveau_drv_video.so
(flatpak run:503382): flatpak2-DEBUG: 15:43:43.120:     /usr/lib/x86_64-linux-gnu/GL/lib/dri/nouveau_drv_video.so
(flatpak run:503382): flatpak2-DEBUG: 15:43:43.120:     --symlink
(flatpak run:503382): flatpak2-DEBUG: 15:43:43.120:     /usr/lib/x86_64-linux-gnu/GL/default/lib/dri/crocus_dri.so
(flatpak run:503382): flatpak2-DEBUG: 15:43:43.120:     /usr/lib/x86_64-linux-gnu/GL/lib/dri/crocus_dri.so
(flatpak run:503382): flatpak2-DEBUG: 15:43:43.120:     --symlink
(flatpak run:503382): flatpak2-DEBUG: 15:43:43.120:     /usr/lib/x86_64-linux-gnu/GL/default/lib/dri/kms_swrast_dri.so
(flatpak run:503382): flatpak2-DEBUG: 15:43:43.120:     /usr/lib/x86_64-linux-gnu/GL/lib/dri/kms_swrast_dri.so
(flatpak run:503382): flatpak2-DEBUG: 15:43:43.120:     --symlink
(flatpak run:503382): flatpak2-DEBUG: 15:43:43.120:     /usr/lib/x86_64-linux-gnu/GL/default/lib/gbm/dri_gbm.so
(flatpak run:503382): flatpak2-DEBUG: 15:43:43.120:     /usr/lib/x86_64-linux-gnu/GL/lib/gbm/dri_gbm.so
(flatpak run:503382): flatpak2-DEBUG: 15:43:43.120:     --symlink
(flatpak run:503382): flatpak2-DEBUG: 15:43:43.120:     /usr/lib/x86_64-linux-gnu/GL/default/vulkan/explicit_layer.d/VkLayer_MESA_overlay.json
(flatpak run:503382): flatpak2-DEBUG: 15:43:43.120:     /usr/lib/x86_64-linux-gnu/GL/vulkan/explicit_layer.d/VkLayer_MESA_overlay.json
(flatpak run:503382): flatpak2-DEBUG: 15:43:43.120:     --symlink
(flatpak run:503382): flatpak2-DEBUG: 15:43:43.120:     /usr/lib/x86_64-linux-gnu/GL/default/vulkan/explicit_layer.d/VkLayer_MESA_screenshot.json
(flatpak run:503382): flatpak2-DEBUG: 15:43:43.120:     /usr/lib/x86_64-linux-gnu/GL/vulkan/explicit_layer.d/VkLayer_MESA_screenshot.json
(flatpak run:503382): flatpak2-DEBUG: 15:43:43.120:     --symlink
(flatpak run:503382): flatpak2-DEBUG: 15:43:43.120:     /usr/lib/x86_64-linux-gnu/GL/default/vulkan/explicit_layer.d/VkLayer_khronos_validation.json
(flatpak run:503382): flatpak2-DEBUG: 15:43:43.120:     /usr/lib/x86_64-linux-gnu/GL/vulkan/explicit_layer.d/VkLayer_khronos_validation.json
(flatpak run:503382): flatpak2-DEBUG: 15:43:43.120:     --symlink
(flatpak run:503382): flatpak2-DEBUG: 15:43:43.120:     /usr/lib/x86_64-linux-gnu/GL/default/vulkan/explicit_layer.d/VkLayer_INTEL_nullhw.json
(flatpak run:503382): flatpak2-DEBUG: 15:43:43.120:     /usr/lib/x86_64-linux-gnu/GL/vulkan/explicit_layer.d/VkLayer_INTEL_nullhw.json
(flatpak run:503382): flatpak2-DEBUG: 15:43:43.120:     --symlink
(flatpak run:503382): flatpak2-DEBUG: 15:43:43.120:     /usr/lib/x86_64-linux-gnu/GL/default/vulkan/implicit_layer.d/VkLayer_MESA_device_select.json
(flatpak run:503382): flatpak2-DEBUG: 15:43:43.120:     /usr/lib/x86_64-linux-gnu/GL/vulkan/implicit_layer.d/VkLayer_MESA_device_select.json
(flatpak run:503382): flatpak2-DEBUG: 15:43:43.120:     --symlink
(flatpak run:503382): flatpak2-DEBUG: 15:43:43.120:     /usr/lib/x86_64-linux-gnu/GL/default/vdpau/libvdpau_radeonsi.so.1.0
(flatpak run:503382): flatpak2-DEBUG: 15:43:43.120:     /usr/lib/x86_64-linux-gnu/GL/vdpau/libvdpau_radeonsi.so.1.0
(flatpak run:503382): flatpak2-DEBUG: 15:43:43.120:     --symlink
(flatpak run:503382): flatpak2-DEBUG: 15:43:43.120:     /usr/lib/x86_64-linux-gnu/GL/default/vdpau/libvdpau_r600.so
(flatpak run:503382): flatpak2-DEBUG: 15:43:43.120:     /usr/lib/x86_64-linux-gnu/GL/vdpau/libvdpau_r600.so
(flatpak run:503382): flatpak2-DEBUG: 15:43:43.120:     --symlink
(flatpak run:503382): flatpak2-DEBUG: 15:43:43.120:     /usr/lib/x86_64-linux-gnu/GL/default/vdpau/libvdpau_radeonsi.so.1
(flatpak run:503382): flatpak2-DEBUG: 15:43:43.120:     /usr/lib/x86_64-linux-gnu/GL/vdpau/libvdpau_radeonsi.so.1
(flatpak run:503382): flatpak2-DEBUG: 15:43:43.120:     --symlink
(flatpak run:503382): flatpak2-DEBUG: 15:43:43.120:     /usr/lib/x86_64-linux-gnu/GL/default/vdpau/libvdpau_r600.so.1.0.0
(flatpak run:503382): flatpak2-DEBUG: 15:43:43.120:     /usr/lib/x86_64-linux-gnu/GL/vdpau/libvdpau_r600.so.1.0.0
(flatpak run:503382): flatpak2-DEBUG: 15:43:43.120:     --symlink
(flatpak run:503382): flatpak2-DEBUG: 15:43:43.120:     /usr/lib/x86_64-linux-gnu/GL/default/vdpau/libvdpau_nouveau.so.1.0.0
(flatpak run:503382): flatpak2-DEBUG: 15:43:43.120:     /usr/lib/x86_64-linux-gnu/GL/vdpau/libvdpau_nouveau.so.1.0.0
(flatpak run:503382): flatpak2-DEBUG: 15:43:43.120:     --symlink
(flatpak run:503382): flatpak2-DEBUG: 15:43:43.120:     /usr/lib/x86_64-linux-gnu/GL/default/vdpau/libvdpau_virtio_gpu.so.1
(flatpak run:503382): flatpak2-DEBUG: 15:43:43.120:     /usr/lib/x86_64-linux-gnu/GL/vdpau/libvdpau_virtio_gpu.so.1
(flatpak run:503382): flatpak2-DEBUG: 15:43:43.120:     --symlink
(flatpak run:503382): flatpak2-DEBUG: 15:43:43.120:     /usr/lib/x86_64-linux-gnu/GL/default/vdpau/libvdpau_radeonsi.so
(flatpak run:503382): flatpak2-DEBUG: 15:43:43.120:     /usr/lib/x86_64-linux-gnu/GL/vdpau/libvdpau_radeonsi.so
(flatpak run:503382): flatpak2-DEBUG: 15:43:43.120:     --symlink
(flatpak run:503382): flatpak2-DEBUG: 15:43:43.120:     /usr/lib/x86_64-linux-gnu/GL/default/vdpau/libvdpau_radeonsi.so.1.0.0
(flatpak run:503382): flatpak2-DEBUG: 15:43:43.120:     /usr/lib/x86_64-linux-gnu/GL/vdpau/libvdpau_radeonsi.so.1.0.0
(flatpak run:503382): flatpak2-DEBUG: 15:43:43.120:     --symlink
(flatpak run:503382): flatpak2-DEBUG: 15:43:43.120:     /usr/lib/x86_64-linux-gnu/GL/default/vdpau/libvdpau_r600.so.1.0
(flatpak run:503382): flatpak2-DEBUG: 15:43:43.120:     /usr/lib/x86_64-linux-gnu/GL/vdpau/libvdpau_r600.so.1.0
(flatpak run:503382): flatpak2-DEBUG: 15:43:43.120:     --symlink
(flatpak run:503382): flatpak2-DEBUG: 15:43:43.120:     /usr/lib/x86_64-linux-gnu/GL/default/vdpau/libvdpau_trace.so.1.0.0
(flatpak run:503382): flatpak2-DEBUG: 15:43:43.120:     /usr/lib/x86_64-linux-gnu/GL/vdpau/libvdpau_trace.so.1.0.0
(flatpak run:503382): flatpak2-DEBUG: 15:43:43.120:     --symlink
(flatpak run:503382): flatpak2-DEBUG: 15:43:43.120:     /usr/lib/x86_64-linux-gnu/GL/default/vdpau/libvdpau_virtio_gpu.so.1.0
(flatpak run:503382): flatpak2-DEBUG: 15:43:43.120:     /usr/lib/x86_64-linux-gnu/GL/vdpau/libvdpau_virtio_gpu.so.1.0
(flatpak run:503382): flatpak2-DEBUG: 15:43:43.120:     --symlink
(flatpak run:503382): flatpak2-DEBUG: 15:43:43.120:     /usr/lib/x86_64-linux-gnu/GL/default/vdpau/libvdpau_nouveau.so
(flatpak run:503382): flatpak2-DEBUG: 15:43:43.120:     /usr/lib/x86_64-linux-gnu/GL/vdpau/libvdpau_nouveau.so
(flatpak run:503382): flatpak2-DEBUG: 15:43:43.120:     --symlink
(flatpak run:503382): flatpak2-DEBUG: 15:43:43.120:     /usr/lib/x86_64-linux-gnu/GL/default/vdpau/libvdpau_virtio_gpu.so.1.0.0
(flatpak run:503382): flatpak2-DEBUG: 15:43:43.120:     /usr/lib/x86_64-linux-gnu/GL/vdpau/libvdpau_virtio_gpu.so.1.0.0
(flatpak run:503382): flatpak2-DEBUG: 15:43:43.120:     --symlink
(flatpak run:503382): flatpak2-DEBUG: 15:43:43.120:     /usr/lib/x86_64-linux-gnu/GL/default/vdpau/libvdpau_nouveau.so.1
(flatpak run:503382): flatpak2-DEBUG: 15:43:43.120:     /usr/lib/x86_64-linux-gnu/GL/vdpau/libvdpau_nouveau.so.1
(flatpak run:503382): flatpak2-DEBUG: 15:43:43.120:     --symlink
(flatpak run:503382): flatpak2-DEBUG: 15:43:43.120:     /usr/lib/x86_64-linux-gnu/GL/default/vdpau/libvdpau_nouveau.so.1.0
(flatpak run:503382): flatpak2-DEBUG: 15:43:43.120:     /usr/lib/x86_64-linux-gnu/GL/vdpau/libvdpau_nouveau.so.1.0
(flatpak run:503382): flatpak2-DEBUG: 15:43:43.120:     --symlink
(flatpak run:503382): flatpak2-DEBUG: 15:43:43.120:     /usr/lib/x86_64-linux-gnu/GL/default/vdpau/libvdpau_trace.so
(flatpak run:503382): flatpak2-DEBUG: 15:43:43.120:     /usr/lib/x86_64-linux-gnu/GL/vdpau/libvdpau_trace.so
(flatpak run:503382): flatpak2-DEBUG: 15:43:43.120:     --symlink
(flatpak run:503382): flatpak2-DEBUG: 15:43:43.120:     /usr/lib/x86_64-linux-gnu/GL/default/vdpau/libvdpau_trace.so.1
(flatpak run:503382): flatpak2-DEBUG: 15:43:43.120:     /usr/lib/x86_64-linux-gnu/GL/vdpau/libvdpau_trace.so.1
(flatpak run:503382): flatpak2-DEBUG: 15:43:43.120:     --symlink
(flatpak run:503382): flatpak2-DEBUG: 15:43:43.120:     /usr/lib/x86_64-linux-gnu/GL/default/vdpau/libvdpau_r600.so.1
(flatpak run:503382): flatpak2-DEBUG: 15:43:43.120:     /usr/lib/x86_64-linux-gnu/GL/vdpau/libvdpau_r600.so.1
(flatpak run:503382): flatpak2-DEBUG: 15:43:43.120:     --symlink
(flatpak run:503382): flatpak2-DEBUG: 15:43:43.120:     /usr/lib/x86_64-linux-gnu/GL/default/vdpau/libvdpau_virtio_gpu.so
(flatpak run:503382): flatpak2-DEBUG: 15:43:43.120:     /usr/lib/x86_64-linux-gnu/GL/vdpau/libvdpau_virtio_gpu.so
(flatpak run:503382): flatpak2-DEBUG: 15:43:43.120:     --ro-bind-data
(flatpak run:503382): flatpak2-DEBUG: 15:43:43.120:     20
(flatpak run:503382): flatpak2-DEBUG: 15:43:43.120:     /run/flatpak/ld.so.conf.d/runtime-002-org.freedesktop.Platform.VAAPI.Intel.conf
(flatpak run:503382): flatpak2-DEBUG: 15:43:43.120:     --ro-bind-data
(flatpak run:503382): flatpak2-DEBUG: 15:43:43.120:     21
(flatpak run:503382): flatpak2-DEBUG: 15:43:43.120:     /run/flatpak/ld.so.conf.d/runtime-003-org.freedesktop.Platform.openh264.conf
(flatpak run:503382): flatpak2-DEBUG: 15:43:43.120:     --ro-bind-data
(flatpak run:503382): flatpak2-DEBUG: 15:43:43.120:     22
(flatpak run:503382): flatpak2-DEBUG: 15:43:43.120:     /run/flatpak/ld.so.conf.d/runtime-004-org.freedesktop.Platform.GL.default.conf
(flatpak run:503382): flatpak2-DEBUG: 15:43:43.120:     --proc
(flatpak run:503382): flatpak2-DEBUG: 15:43:43.120:     /proc
(flatpak run:503382): flatpak2-DEBUG: 15:43:43.120:     --unshare-pid
(flatpak run:503382): flatpak2-DEBUG: 15:43:43.120:     --dir
(flatpak run:503382): flatpak2-DEBUG: 15:43:43.120:     /tmp
(flatpak run:503382): flatpak2-DEBUG: 15:43:43.120:     --dir
(flatpak run:503382): flatpak2-DEBUG: 15:43:43.120:     /var/tmp
(flatpak run:503382): flatpak2-DEBUG: 15:43:43.120:     --dir
(flatpak run:503382): flatpak2-DEBUG: 15:43:43.120:     /run/host
(flatpak run:503382): flatpak2-DEBUG: 15:43:43.120:     --perms
(flatpak run:503382): flatpak2-DEBUG: 15:43:43.120:     0700
(flatpak run:503382): flatpak2-DEBUG: 15:43:43.120:     --dir
(flatpak run:503382): flatpak2-DEBUG: 15:43:43.120:     /run/user/1000
(flatpak run:503382): flatpak2-DEBUG: 15:43:43.120:     --setenv
(flatpak run:503382): flatpak2-DEBUG: 15:43:43.120:     XDG_RUNTIME_DIR
(flatpak run:503382): flatpak2-DEBUG: 15:43:43.120:     /run/user/1000
(flatpak run:503382): flatpak2-DEBUG: 15:43:43.120:     --symlink
(flatpak run:503382): flatpak2-DEBUG: 15:43:43.120:     ../run
(flatpak run:503382): flatpak2-DEBUG: 15:43:43.120:     /var/run
(flatpak run:503382): flatpak2-DEBUG: 15:43:43.120:     --ro-bind
(flatpak run:503382): flatpak2-DEBUG: 15:43:43.120:     /sys/block
(flatpak run:503382): flatpak2-DEBUG: 15:43:43.120:     /sys/block
(flatpak run:503382): flatpak2-DEBUG: 15:43:43.120:     --ro-bind
(flatpak run:503382): flatpak2-DEBUG: 15:43:43.120:     /sys/bus
(flatpak run:503382): flatpak2-DEBUG: 15:43:43.120:     /sys/bus
(flatpak run:503382): flatpak2-DEBUG: 15:43:43.120:     --ro-bind
(flatpak run:503382): flatpak2-DEBUG: 15:43:43.120:     /sys/class
(flatpak run:503382): flatpak2-DEBUG: 15:43:43.120:     /sys/class
(flatpak run:503382): flatpak2-DEBUG: 15:43:43.120:     --ro-bind
(flatpak run:503382): flatpak2-DEBUG: 15:43:43.120:     /sys/dev
(flatpak run:503382): flatpak2-DEBUG: 15:43:43.120:     /sys/dev
(flatpak run:503382): flatpak2-DEBUG: 15:43:43.120:     --ro-bind
(flatpak run:503382): flatpak2-DEBUG: 15:43:43.120:     /sys/devices
(flatpak run:503382): flatpak2-DEBUG: 15:43:43.120:     /sys/devices
(flatpak run:503382): flatpak2-DEBUG: 15:43:43.121:     --ro-bind-try
(flatpak run:503382): flatpak2-DEBUG: 15:43:43.121:     /proc/self/ns/user
(flatpak run:503382): flatpak2-DEBUG: 15:43:43.121:     /run/.userns
(flatpak run:503382): flatpak2-DEBUG: 15:43:43.121:     --symlink
(flatpak run:503382): flatpak2-DEBUG: 15:43:43.121:     /etc/timezone
(flatpak run:503382): flatpak2-DEBUG: 15:43:43.121:     /var/db/zoneinfo
(flatpak run:503382): flatpak2-DEBUG: 15:43:43.121:     --ro-bind-data
(flatpak run:503382): flatpak2-DEBUG: 15:43:43.121:     23
(flatpak run:503382): flatpak2-DEBUG: 15:43:43.121:     /etc/passwd
(flatpak run:503382): flatpak2-DEBUG: 15:43:43.121:     --ro-bind-data
(flatpak run:503382): flatpak2-DEBUG: 15:43:43.121:     24
(flatpak run:503382): flatpak2-DEBUG: 15:43:43.121:     /etc/group
(flatpak run:503382): flatpak2-DEBUG: 15:43:43.121:     --ro-bind-data
(flatpak run:503382): flatpak2-DEBUG: 15:43:43.121:     26
(flatpak run:503382): flatpak2-DEBUG: 15:43:43.121:     /etc/pkcs11/pkcs11.conf
(flatpak run:503382): flatpak2-DEBUG: 15:43:43.121:     --ro-bind
(flatpak run:503382): flatpak2-DEBUG: 15:43:43.121:     /etc/machine-id
(flatpak run:503382): flatpak2-DEBUG: 15:43:43.121:     /etc/machine-id
(flatpak run:503382): flatpak2-DEBUG: 15:43:43.121:     --ro-bind
(flatpak run:503382): flatpak2-DEBUG: 15:43:43.121:     /home/linux/.local/share/flatpak/runtime/org.gnome.Platform/x86_64/48/0dd8d33f9ed1224b32ae92e4c5cefaaac75288056f73587f5a32a1e4277ccbb8/files/etc/alsa
(flatpak run:503382): flatpak2-DEBUG: 15:43:43.121:     /etc/alsa
(flatpak run:503382): flatpak2-DEBUG: 15:43:43.121:     --ro-bind
(flatpak run:503382): flatpak2-DEBUG: 15:43:43.121:     /home/linux/.local/share/flatpak/runtime/org.gnome.Platform/x86_64/48/0dd8d33f9ed1224b32ae92e4c5cefaaac75288056f73587f5a32a1e4277ccbb8/files/etc/protocols
(flatpak run:503382): flatpak2-DEBUG: 15:43:43.121:     /etc/protocols
(flatpak run:503382): flatpak2-DEBUG: 15:43:43.121:     --ro-bind
(flatpak run:503382): flatpak2-DEBUG: 15:43:43.121:     /home/linux/.local/share/flatpak/runtime/org.gnome.Platform/x86_64/48/0dd8d33f9ed1224b32ae92e4c5cefaaac75288056f73587f5a32a1e4277ccbb8/files/etc/mke2fs.conf
(flatpak run:503382): flatpak2-DEBUG: 15:43:43.121:     /etc/mke2fs.conf
(flatpak run:503382): flatpak2-DEBUG: 15:43:43.121:     --symlink
(flatpak run:503382): flatpak2-DEBUG: 15:43:43.121:     ../usr/lib/os-release
(flatpak run:503382): flatpak2-DEBUG: 15:43:43.121:     /etc/os-release
(flatpak run:503382): flatpak2-DEBUG: 15:43:43.121:     --ro-bind
(flatpak run:503382): flatpak2-DEBUG: 15:43:43.121:     /home/linux/.local/share/flatpak/runtime/org.gnome.Platform/x86_64/48/0dd8d33f9ed1224b32ae92e4c5cefaaac75288056f73587f5a32a1e4277ccbb8/files/etc/nsswitch.conf
(flatpak run:503382): flatpak2-DEBUG: 15:43:43.121:     /etc/nsswitch.conf
(flatpak run:503382): flatpak2-DEBUG: 15:43:43.121:     --ro-bind
(flatpak run:503382): flatpak2-DEBUG: 15:43:43.121:     /home/linux/.local/share/flatpak/runtime/org.gnome.Platform/x86_64/48/0dd8d33f9ed1224b32ae92e4c5cefaaac75288056f73587f5a32a1e4277ccbb8/files/etc/pulse
(flatpak run:503382): flatpak2-DEBUG: 15:43:43.121:     /etc/pulse
(flatpak run:503382): flatpak2-DEBUG: 15:43:43.121:     --ro-bind
(flatpak run:503382): flatpak2-DEBUG: 15:43:43.121:     /home/linux/.local/share/flatpak/runtime/org.gnome.Platform/x86_64/48/0dd8d33f9ed1224b32ae92e4c5cefaaac75288056f73587f5a32a1e4277ccbb8/files/etc/xdg
(flatpak run:503382): flatpak2-DEBUG: 15:43:43.121:     /etc/xdg
(flatpak run:503382): flatpak2-DEBUG: 15:43:43.121:     --ro-bind
(flatpak run:503382): flatpak2-DEBUG: 15:43:43.121:     /home/linux/.local/share/flatpak/runtime/org.gnome.Platform/x86_64/48/0dd8d33f9ed1224b32ae92e4c5cefaaac75288056f73587f5a32a1e4277ccbb8/files/etc/debuginfod
(flatpak run:503382): flatpak2-DEBUG: 15:43:43.121:     /etc/debuginfod
(flatpak run:503382): flatpak2-DEBUG: 15:43:43.121:     --ro-bind
(flatpak run:503382): flatpak2-DEBUG: 15:43:43.121:     /home/linux/.local/share/flatpak/runtime/org.gnome.Platform/x86_64/48/0dd8d33f9ed1224b32ae92e4c5cefaaac75288056f73587f5a32a1e4277ccbb8/files/etc/security
(flatpak run:503382): flatpak2-DEBUG: 15:43:43.121:     /etc/security
(flatpak run:503382): flatpak2-DEBUG: 15:43:43.121:     --ro-bind
(flatpak run:503382): flatpak2-DEBUG: 15:43:43.121:     /home/linux/.local/share/flatpak/runtime/org.gnome.Platform/x86_64/48/0dd8d33f9ed1224b32ae92e4c5cefaaac75288056f73587f5a32a1e4277ccbb8/files/etc/gtk-3.0
(flatpak run:503382): flatpak2-DEBUG: 15:43:43.121:     /etc/gtk-3.0
(flatpak run:503382): flatpak2-DEBUG: 15:43:43.121:     --ro-bind
(flatpak run:503382): flatpak2-DEBUG: 15:43:43.121:     /home/linux/.local/share/flatpak/runtime/org.gnome.Platform/x86_64/48/0dd8d33f9ed1224b32ae92e4c5cefaaac75288056f73587f5a32a1e4277ccbb8/files/etc/ssh_config
(flatpak run:503382): flatpak2-DEBUG: 15:43:43.121:     /etc/ssh_config
(flatpak run:503382): flatpak2-DEBUG: 15:43:43.121:     --ro-bind
(flatpak run:503382): flatpak2-DEBUG: 15:43:43.121:     /home/linux/.local/share/flatpak/runtime/org.gnome.Platform/x86_64/48/0dd8d33f9ed1224b32ae92e4c5cefaaac75288056f73587f5a32a1e4277ccbb8/files/etc/profile.d
(flatpak run:503382): flatpak2-DEBUG: 15:43:43.121:     /etc/profile.d
(flatpak run:503382): flatpak2-DEBUG: 15:43:43.121:     --ro-bind
(flatpak run:503382): flatpak2-DEBUG: 15:43:43.121:     /home/linux/.local/share/flatpak/runtime/org.gnome.Platform/x86_64/48/0dd8d33f9ed1224b32ae92e4c5cefaaac75288056f73587f5a32a1e4277ccbb8/files/etc/ld.so.conf
(flatpak run:503382): flatpak2-DEBUG: 15:43:43.121:     /etc/ld.so.conf
(flatpak run:503382): flatpak2-DEBUG: 15:43:43.121:     --symlink
(flatpak run:503382): flatpak2-DEBUG: 15:43:43.121:     ../../proc/self/mounts
(flatpak run:503382): flatpak2-DEBUG: 15:43:43.121:     /etc/mtab
(flatpak run:503382): flatpak2-DEBUG: 15:43:43.121:     --ro-bind
(flatpak run:503382): flatpak2-DEBUG: 15:43:43.121:     /home/linux/.local/share/flatpak/runtime/org.gnome.Platform/x86_64/48/0dd8d33f9ed1224b32ae92e4c5cefaaac75288056f73587f5a32a1e4277ccbb8/files/etc/issue
(flatpak run:503382): flatpak2-DEBUG: 15:43:43.121:     /etc/issue
(flatpak run:503382): flatpak2-DEBUG: 15:43:43.121:     --ro-bind
(flatpak run:503382): flatpak2-DEBUG: 15:43:43.121:     /home/linux/.local/share/flatpak/runtime/org.gnome.Platform/x86_64/48/0dd8d33f9ed1224b32ae92e4c5cefaaac75288056f73587f5a32a1e4277ccbb8/files/etc/issue.net
(flatpak run:503382): flatpak2-DEBUG: 15:43:43.121:     /etc/issue.net
(flatpak run:503382): flatpak2-DEBUG: 15:43:43.121:     --ro-bind
(flatpak run:503382): flatpak2-DEBUG: 15:43:43.121:     /home/linux/.local/share/flatpak/runtime/org.gnome.Platform/x86_64/48/0dd8d33f9ed1224b32ae92e4c5cefaaac75288056f73587f5a32a1e4277ccbb8/files/etc/services
(flatpak run:503382): flatpak2-DEBUG: 15:43:43.121:     /etc/services
(flatpak run:503382): flatpak2-DEBUG: 15:43:43.121:     --ro-bind
(flatpak run:503382): flatpak2-DEBUG: 15:43:43.121:     /home/linux/.local/share/flatpak/runtime/org.gnome.Platform/x86_64/48/0dd8d33f9ed1224b32ae92e4c5cefaaac75288056f73587f5a32a1e4277ccbb8/files/etc/bash_completion.d
(flatpak run:503382): flatpak2-DEBUG: 15:43:43.121:     /etc/bash_completion.d
(flatpak run:503382): flatpak2-DEBUG: 15:43:43.121:     --ro-bind
(flatpak run:503382): flatpak2-DEBUG: 15:43:43.121:     /home/linux/.local/share/flatpak/runtime/org.gnome.Platform/x86_64/48/0dd8d33f9ed1224b32ae92e4c5cefaaac75288056f73587f5a32a1e4277ccbb8/files/etc/e2scrub.conf
(flatpak run:503382): flatpak2-DEBUG: 15:43:43.121:     /etc/e2scrub.conf
(flatpak run:503382): flatpak2-DEBUG: 15:43:43.121:     --ro-bind
(flatpak run:503382): flatpak2-DEBUG: 15:43:43.121:     /home/linux/.local/share/flatpak/runtime/org.gnome.Platform/x86_64/48/0dd8d33f9ed1224b32ae92e4c5cefaaac75288056f73587f5a32a1e4277ccbb8/files/etc/rpc
(flatpak run:503382): flatpak2-DEBUG: 15:43:43.121:     /etc/rpc
(flatpak run:503382): flatpak2-DEBUG: 15:43:43.121:     --ro-bind
(flatpak run:503382): flatpak2-DEBUG: 15:43:43.121:     /home/linux/.local/share/flatpak/runtime/org.gnome.Platform/x86_64/48/0dd8d33f9ed1224b32ae92e4c5cefaaac75288056f73587f5a32a1e4277ccbb8/files/etc/rc_keymaps
(flatpak run:503382): flatpak2-DEBUG: 15:43:43.121:     /etc/rc_keymaps
(flatpak run:503382): flatpak2-DEBUG: 15:43:43.121:     --ro-bind
(flatpak run:503382): flatpak2-DEBUG: 15:43:43.121:     /home/linux/.local/share/flatpak/runtime/org.gnome.Platform/x86_64/48/0dd8d33f9ed1224b32ae92e4c5cefaaac75288056f73587f5a32a1e4277ccbb8/files/etc/gss
(flatpak run:503382): flatpak2-DEBUG: 15:43:43.121:     /etc/gss
(flatpak run:503382): flatpak2-DEBUG: 15:43:43.121:     --ro-bind
(flatpak run:503382): flatpak2-DEBUG: 15:43:43.121:     /home/linux/.local/share/flatpak/runtime/org.gnome.Platform/x86_64/48/0dd8d33f9ed1224b32ae92e4c5cefaaac75288056f73587f5a32a1e4277ccbb8/files/etc/dbus-1
(flatpak run:503382): flatpak2-DEBUG: 15:43:43.121:     /etc/dbus-1
(flatpak run:503382): flatpak2-DEBUG: 15:43:43.121:     --ro-bind
(flatpak run:503382): flatpak2-DEBUG: 15:43:43.121:     /home/linux/.local/share/flatpak/runtime/org.gnome.Platform/x86_64/48/0dd8d33f9ed1224b32ae92e4c5cefaaac75288056f73587f5a32a1e4277ccbb8/files/etc/fonts
(flatpak run:503382): flatpak2-DEBUG: 15:43:43.121:     /etc/fonts
(flatpak run:503382): flatpak2-DEBUG: 15:43:43.121:     --ro-bind
(flatpak run:503382): flatpak2-DEBUG: 15:43:43.121:     /home/linux/.local/share/flatpak/runtime/org.gnome.Platform/x86_64/48/0dd8d33f9ed1224b32ae92e4c5cefaaac75288056f73587f5a32a1e4277ccbb8/files/etc/ssl
(flatpak run:503382): flatpak2-DEBUG: 15:43:43.121:     /etc/ssl
(flatpak run:503382): flatpak2-DEBUG: 15:43:43.121:     --ro-bind
(flatpak run:503382): flatpak2-DEBUG: 15:43:43.121:     /home/linux/.local/share/flatpak/runtime/org.gnome.Platform/x86_64/48/0dd8d33f9ed1224b32ae92e4c5cefaaac75288056f73587f5a32a1e4277ccbb8/files/etc/moduli
(flatpak run:503382): flatpak2-DEBUG: 15:43:43.121:     /etc/moduli
(flatpak run:503382): flatpak2-DEBUG: 15:43:43.121:     --ro-bind
(flatpak run:503382): flatpak2-DEBUG: 15:43:43.121:     /home/linux/.local/share/flatpak/runtime/org.gnome.Platform/x86_64/48/0dd8d33f9ed1224b32ae92e4c5cefaaac75288056f73587f5a32a1e4277ccbb8/files/etc/vdpau_wrapper.cfg
(flatpak run:503382): flatpak2-DEBUG: 15:43:43.121:     /etc/vdpau_wrapper.cfg
(flatpak run:503382): flatpak2-DEBUG: 15:43:43.121:     --ro-bind
(flatpak run:503382): flatpak2-DEBUG: 15:43:43.121:     /home/linux/.local/share/flatpak/runtime/org.gnome.Platform/x86_64/48/0dd8d33f9ed1224b32ae92e4c5cefaaac75288056f73587f5a32a1e4277ccbb8/files/etc/slsh.rc
(flatpak run:503382): flatpak2-DEBUG: 15:43:43.121:     /etc/slsh.rc
(flatpak run:503382): flatpak2-DEBUG: 15:43:43.121:     --ro-bind
(flatpak run:503382): flatpak2-DEBUG: 15:43:43.121:     /home/linux/.local/share/flatpak/runtime/org.gnome.Platform/x86_64/48/0dd8d33f9ed1224b32ae92e4c5cefaaac75288056f73587f5a32a1e4277ccbb8/files/etc/xattr.conf
(flatpak run:503382): flatpak2-DEBUG: 15:43:43.121:     /etc/xattr.conf
(flatpak run:503382): flatpak2-DEBUG: 15:43:43.121:     --ro-bind
(flatpak run:503382): flatpak2-DEBUG: 15:43:43.121:     /home/linux/.local/share/flatpak/runtime/org.gnome.Platform/x86_64/48/0dd8d33f9ed1224b32ae92e4c5cefaaac75288056f73587f5a32a1e4277ccbb8/files/etc/pki
(flatpak run:503382): flatpak2-DEBUG: 15:43:43.121:     /etc/pki
(flatpak run:503382): flatpak2-DEBUG: 15:43:43.121:     --ro-bind
(flatpak run:503382): flatpak2-DEBUG: 15:43:43.121:     /home/linux/.local/share/flatpak/runtime/org.gnome.Platform/x86_64/48/0dd8d33f9ed1224b32ae92e4c5cefaaac75288056f73587f5a32a1e4277ccbb8/files/etc/rc_maps.cfg
(flatpak run:503382): flatpak2-DEBUG: 15:43:43.121:     /etc/rc_maps.cfg
(flatpak run:503382): flatpak2-DEBUG: 15:43:43.121:     --bind
(flatpak run:503382): flatpak2-DEBUG: 15:43:43.121:     /home/linux/.var/app/im.github.rallep71.DinoX/cache
(flatpak run:503382): flatpak2-DEBUG: 15:43:43.121:     /var/cache
(flatpak run:503382): flatpak2-DEBUG: 15:43:43.121:     --bind
(flatpak run:503382): flatpak2-DEBUG: 15:43:43.121:     /home/linux/.var/app/im.github.rallep71.DinoX/data
(flatpak run:503382): flatpak2-DEBUG: 15:43:43.121:     /var/data
(flatpak run:503382): flatpak2-DEBUG: 15:43:43.121:     --bind
(flatpak run:503382): flatpak2-DEBUG: 15:43:43.121:     /home/linux/.var/app/im.github.rallep71.DinoX/config
(flatpak run:503382): flatpak2-DEBUG: 15:43:43.121:     /var/config
(flatpak run:503382): flatpak2-DEBUG: 15:43:43.121:     --bind
(flatpak run:503382): flatpak2-DEBUG: 15:43:43.121:     /home/linux/.var/app/im.github.rallep71.DinoX/cache/tmp
(flatpak run:503382): flatpak2-DEBUG: 15:43:43.121:     /var/tmp
(flatpak run:503382): flatpak2-DEBUG: 15:43:43.121:     --symlink
(flatpak run:503382): flatpak2-DEBUG: 15:43:43.121:     usr/bin
(flatpak run:503382): flatpak2-DEBUG: 15:43:43.121:     /bin
(flatpak run:503382): flatpak2-DEBUG: 15:43:43.121:     --symlink
(flatpak run:503382): flatpak2-DEBUG: 15:43:43.121:     usr/lib
(flatpak run:503382): flatpak2-DEBUG: 15:43:43.121:     /lib
(flatpak run:503382): flatpak2-DEBUG: 15:43:43.121:     --symlink
(flatpak run:503382): flatpak2-DEBUG: 15:43:43.121:     usr/lib64
(flatpak run:503382): flatpak2-DEBUG: 15:43:43.121:     /lib64
(flatpak run:503382): flatpak2-DEBUG: 15:43:43.121:     --symlink
(flatpak run:503382): flatpak2-DEBUG: 15:43:43.121:     usr/sbin
(flatpak run:503382): flatpak2-DEBUG: 15:43:43.121:     /sbin
(flatpak run:503382): flatpak2-DEBUG: 15:43:43.121:     --ro-bind
(flatpak run:503382): flatpak2-DEBUG: 15:43:43.121:     /usr/share/zoneinfo
(flatpak run:503382): flatpak2-DEBUG: 15:43:43.121:     /usr/share/zoneinfo
(flatpak run:503382): flatpak2-DEBUG: 15:43:43.121:     --symlink
(flatpak run:503382): flatpak2-DEBUG: 15:43:43.121:     ../usr/share/zoneinfo/Europe/Berlin
(flatpak run:503382): flatpak2-DEBUG: 15:43:43.121:     /etc/localtime
(flatpak run:503382): flatpak2-DEBUG: 15:43:43.121:     --ro-bind-data
(flatpak run:503382): flatpak2-DEBUG: 15:43:43.121:     27
(flatpak run:503382): flatpak2-DEBUG: 15:43:43.121:     /etc/timezone
(flatpak run:503382): flatpak2-DEBUG: 15:43:43.121:     --seccomp
(flatpak run:503382): flatpak2-DEBUG: 15:43:43.121:     28
(flatpak run:503382): flatpak2-DEBUG: 15:43:43.121:     --ro-bind
(flatpak run:503382): flatpak2-DEBUG: 15:43:43.121:     /run/user/1000/.flatpak-helper/monitor
(flatpak run:503382): flatpak2-DEBUG: 15:43:43.121:     /run/host/monitor
(flatpak run:503382): flatpak2-DEBUG: 15:43:43.121:     --symlink
(flatpak run:503382): flatpak2-DEBUG: 15:43:43.121:     /run/host/monitor/resolv.conf
(flatpak run:503382): flatpak2-DEBUG: 15:43:43.121:     /etc/resolv.conf
(flatpak run:503382): flatpak2-DEBUG: 15:43:43.121:     --symlink
(flatpak run:503382): flatpak2-DEBUG: 15:43:43.121:     /run/host/monitor/host.conf
(flatpak run:503382): flatpak2-DEBUG: 15:43:43.121:     /etc/host.conf
(flatpak run:503382): flatpak2-DEBUG: 15:43:43.121:     --symlink
(flatpak run:503382): flatpak2-DEBUG: 15:43:43.121:     /run/host/monitor/hosts
(flatpak run:503382): flatpak2-DEBUG: 15:43:43.121:     /etc/hosts
(flatpak run:503382): flatpak2-DEBUG: 15:43:43.121:     --symlink
(flatpak run:503382): flatpak2-DEBUG: 15:43:43.121:     /run/host/monitor/gai.conf
(flatpak run:503382): flatpak2-DEBUG: 15:43:43.121:     /etc/gai.conf
(flatpak run:503382): flatpak2-DEBUG: 15:43:43.121:     --ro-bind-data
(flatpak run:503382): flatpak2-DEBUG: 15:43:43.121:     30
(flatpak run:503382): flatpak2-DEBUG: 15:43:43.121:     /etc/pkcs11/modules/p11-kit-trust.module
(flatpak run:503382): flatpak2-DEBUG: 15:43:43.121:     --ro-bind
(flatpak run:503382): flatpak2-DEBUG: 15:43:43.121:     /run/user/1000/.flatpak-helper/pkcs11-flatpak-125583
(flatpak run:503382): flatpak2-DEBUG: 15:43:43.121:     /run/flatpak/p11-kit/pkcs11
(flatpak run:503382): flatpak2-DEBUG: 15:43:43.121:     --ro-bind-data
(flatpak run:503382): flatpak2-DEBUG: 15:43:43.121:     31
(flatpak run:503382): flatpak2-DEBUG: 15:43:43.121:     /etc/ld.so.conf
(flatpak run:503382): flatpak2-DEBUG: 15:43:43.121:     --ro-bind-data
(flatpak run:503382): flatpak2-DEBUG: 15:43:43.121:     25
(flatpak run:503382): flatpak2-DEBUG: 15:43:43.121:     /etc/ld.so.cache
(flatpak run:503382): flatpak2-DEBUG: 15:43:43.121:     --ro-bind
(flatpak run:503382): flatpak2-DEBUG: 15:43:43.121:     /run/user/1000/.flatpak/1594930557
(flatpak run:503382): flatpak2-DEBUG: 15:43:43.122:     /run/flatpak/.flatpak/1594930557
(flatpak run:503382): flatpak2-DEBUG: 15:43:43.122:     --lock-file
(flatpak run:503382): flatpak2-DEBUG: 15:43:43.122:     /run/flatpak/.flatpak/1594930557/.ref
(flatpak run:503382): flatpak2-DEBUG: 15:43:43.122:     --perms
(flatpak run:503382): flatpak2-DEBUG: 15:43:43.122:     0600
(flatpak run:503382): flatpak2-DEBUG: 15:43:43.122:     --file
(flatpak run:503382): flatpak2-DEBUG: 15:43:43.122:     32
(flatpak run:503382): flatpak2-DEBUG: 15:43:43.122:     /.flatpak-info
(flatpak run:503382): flatpak2-DEBUG: 15:43:43.122:     --ro-bind-data
(flatpak run:503382): flatpak2-DEBUG: 15:43:43.122:     33
(flatpak run:503382): flatpak2-DEBUG: 15:43:43.122:     /.flatpak-info
(flatpak run:503382): flatpak2-DEBUG: 15:43:43.122:     --setenv
(flatpak run:503382): flatpak2-DEBUG: 15:43:43.122:     container
(flatpak run:503382): flatpak2-DEBUG: 15:43:43.122:     flatpak
(flatpak run:503382): flatpak2-DEBUG: 15:43:43.122:     --ro-bind-data
(flatpak run:503382): flatpak2-DEBUG: 15:43:43.122:     36
(flatpak run:503382): flatpak2-DEBUG: 15:43:43.122:     /run/host/container-manager
(flatpak run:503382): flatpak2-DEBUG: 15:43:43.122:     --info-fd
(flatpak run:503382): flatpak2-DEBUG: 15:43:43.122:     37
(flatpak run:503382): flatpak2-DEBUG: 15:43:43.122:     --bind
(flatpak run:503382): flatpak2-DEBUG: 15:43:43.122:     /run/user/1000/.flatpak/im.github.rallep71.DinoX/xdg-run
(flatpak run:503382): flatpak2-DEBUG: 15:43:43.122:     /run/user/1000
(flatpak run:503382): flatpak2-DEBUG: 15:43:43.122:     --bind
(flatpak run:503382): flatpak2-DEBUG: 15:43:43.122:     /run/user/1000/doc/by-app/im.github.rallep71.DinoX
(flatpak run:503382): flatpak2-DEBUG: 15:43:43.122:     /run/flatpak/doc
(flatpak run:503382): flatpak2-DEBUG: 15:43:43.122:     --dev
(flatpak run:503382): flatpak2-DEBUG: 15:43:43.122:     /dev
(flatpak run:503382): flatpak2-DEBUG: 15:43:43.122:     --dev-bind
(flatpak run:503382): flatpak2-DEBUG: 15:43:43.122:     /dev/dri
(flatpak run:503382): flatpak2-DEBUG: 15:43:43.122:     /dev/dri
(flatpak run:503382): flatpak2-DEBUG: 15:43:43.122:     --bind
(flatpak run:503382): flatpak2-DEBUG: 15:43:43.122:     /run/user/1000/.flatpak/im.github.rallep71.DinoX/tmp
(flatpak run:503382): flatpak2-DEBUG: 15:43:43.122:     /tmp
(flatpak run:503382): flatpak2-DEBUG: 15:43:43.122:     --bind
(flatpak run:503382): flatpak2-DEBUG: 15:43:43.122:     /run/user/1000/app/im.github.rallep71.DinoX
(flatpak run:503382): flatpak2-DEBUG: 15:43:43.122:     /run/flatpak/app/im.github.rallep71.DinoX
(flatpak run:503382): flatpak2-DEBUG: 15:43:43.122:     --dir
(flatpak run:503382): flatpak2-DEBUG: 15:43:43.122:     /home/linux
(flatpak run:503382): flatpak2-DEBUG: 15:43:43.122:     --dir
(flatpak run:503382): flatpak2-DEBUG: 15:43:43.122:     /home/linux/.local/share/flatpak
(flatpak run:503382): flatpak2-DEBUG: 15:43:43.122:     --dir
(flatpak run:503382): flatpak2-DEBUG: 15:43:43.122:     /home/linux/.var/app
(flatpak run:503382): flatpak2-DEBUG: 15:43:43.122:     --bind
(flatpak run:503382): flatpak2-DEBUG: 15:43:43.122:     /home/linux/.var/app/im.github.rallep71.DinoX
(flatpak run:503382): flatpak2-DEBUG: 15:43:43.122:     /home/linux/.var/app/im.github.rallep71.DinoX
(flatpak run:503382): flatpak2-DEBUG: 15:43:43.122:     --bind
(flatpak run:503382): flatpak2-DEBUG: 15:43:43.122:     /run/user/1000/pipewire-0
(flatpak run:503382): flatpak2-DEBUG: 15:43:43.122:     /run/user/1000/pipewire-0
(flatpak run:503382): flatpak2-DEBUG: 15:43:43.122:     --ro-bind
(flatpak run:503382): flatpak2-DEBUG: 15:43:43.122:     /etc/os-release
(flatpak run:503382): flatpak2-DEBUG: 15:43:43.122:     /run/host/os-release
(flatpak run:503382): flatpak2-DEBUG: 15:43:43.122:     --tmpfs
(flatpak run:503382): flatpak2-DEBUG: 15:43:43.122:     /tmp/.X11-unix
(flatpak run:503382): flatpak2-DEBUG: 15:43:43.122:     --ro-bind
(flatpak run:503382): flatpak2-DEBUG: 15:43:43.122:     /tmp/.X11-unix/X0
(flatpak run:503382): flatpak2-DEBUG: 15:43:43.122:     /tmp/.X11-unix/X0
(flatpak run:503382): flatpak2-DEBUG: 15:43:43.122:     --ro-bind-data
(flatpak run:503382): flatpak2-DEBUG: 15:43:43.122:     41
(flatpak run:503382): flatpak2-DEBUG: 15:43:43.122:     /run/flatpak/Xauthority
(flatpak run:503382): flatpak2-DEBUG: 15:43:43.122:     --ro-bind-data
(flatpak run:503382): flatpak2-DEBUG: 15:43:43.122:     40
(flatpak run:503382): flatpak2-DEBUG: 15:43:43.122:     /run/flatpak/pulse/config
(flatpak run:503382): flatpak2-DEBUG: 15:43:43.122:     --ro-bind
(flatpak run:503382): flatpak2-DEBUG: 15:43:43.122:     /run/user/1000/pulse/native
(flatpak run:503382): flatpak2-DEBUG: 15:43:43.122:     /run/flatpak/pulse/native
(flatpak run:503382): flatpak2-DEBUG: 15:43:43.122:     --dev-bind
(flatpak run:503382): flatpak2-DEBUG: 15:43:43.122:     /dev/snd
(flatpak run:503382): flatpak2-DEBUG: 15:43:43.122:     /dev/snd
(flatpak run:503382): flatpak2-DEBUG: 15:43:43.122:     --ro-bind-try
(flatpak run:503382): flatpak2-DEBUG: 15:43:43.122:     /run/user/1000/gnupg/S.gpg-agent
(flatpak run:503382): flatpak2-DEBUG: 15:43:43.122:     /run/user/1000/gnupg/S.gpg-agent
(flatpak run:503382): flatpak2-DEBUG: 15:43:43.122:     --ro-bind
(flatpak run:503382): flatpak2-DEBUG: 15:43:43.122:     /run/user/1000/.dbus-proxy/session-bus-proxy-6OCOG3
(flatpak run:503382): flatpak2-DEBUG: 15:43:43.122:     /run/flatpak/bus
(flatpak run:503382): flatpak2-DEBUG: 15:43:43.122:     --ro-bind
(flatpak run:503382): flatpak2-DEBUG: 15:43:43.122:     /run/user/1000/.dbus-proxy/a11y-bus-proxy-BUFOG3
(flatpak run:503382): flatpak2-DEBUG: 15:43:43.122:     /run/flatpak/at-spi-bus
(flatpak run:503382): flatpak2-DEBUG: 15:43:43.122:     --sync-fd
(flatpak run:503382): flatpak2-DEBUG: 15:43:43.122:     72
(flatpak run:503382): flatpak2-DEBUG: 15:43:43.122:     --ro-bind
(flatpak run:503382): flatpak2-DEBUG: 15:43:43.122:     /run/user/1000/.flatpak/im.github.rallep71.DinoX/.ref
(flatpak run:503382): flatpak2-DEBUG: 15:43:43.122:     /run/flatpak/per-app-dirs-ref
(flatpak run:503382): flatpak2-DEBUG: 15:43:43.122:     --lock-file
(flatpak run:503382): flatpak2-DEBUG: 15:43:43.122:     /run/flatpak/per-app-dirs-ref
(flatpak run:503382): flatpak2-DEBUG: 15:43:43.122:     --bind
(flatpak run:503382): flatpak2-DEBUG: 15:43:43.122:     /run/systemd/resolve/io.systemd.Resolve
(flatpak run:503382): flatpak2-DEBUG: 15:43:43.122:     /run/systemd/resolve/io.systemd.Resolve
(flatpak run:503382): flatpak2-DEBUG: 15:43:43.122:     --ro-bind
(flatpak run:503382): flatpak2-DEBUG: 15:43:43.122:     /run/systemd/journal/socket
(flatpak run:503382): flatpak2-DEBUG: 15:43:43.122:     /run/systemd/journal/socket
(flatpak run:503382): flatpak2-DEBUG: 15:43:43.122:     --ro-bind
(flatpak run:503382): flatpak2-DEBUG: 15:43:43.122:     /run/systemd/journal/stdout
(flatpak run:503382): flatpak2-DEBUG: 15:43:43.122:     /run/systemd/journal/stdout
(flatpak run:503382): flatpak2-DEBUG: 15:43:43.122:     --ro-bind
(flatpak run:503382): flatpak2-DEBUG: 15:43:43.122:     /usr/share/fonts
(flatpak run:503382): flatpak2-DEBUG: 15:43:43.122:     /run/host/fonts
(flatpak run:503382): flatpak2-DEBUG: 15:43:43.122:     --ro-bind
(flatpak run:503382): flatpak2-DEBUG: 15:43:43.122:     /usr/local/share/fonts
(flatpak run:503382): flatpak2-DEBUG: 15:43:43.122:     /run/host/local-fonts
(flatpak run:503382): flatpak2-DEBUG: 15:43:43.122:     --ro-bind
(flatpak run:503382): flatpak2-DEBUG: 15:43:43.122:     /var/cache/fontconfig
(flatpak run:503382): flatpak2-DEBUG: 15:43:43.122:     /run/host/fonts-cache
(flatpak run:503382): flatpak2-DEBUG: 15:43:43.122:     --ro-bind
(flatpak run:503382): flatpak2-DEBUG: 15:43:43.122:     /home/linux/.cache/fontconfig
(flatpak run:503382): flatpak2-DEBUG: 15:43:43.122:     /run/host/user-fonts-cache
(flatpak run:503382): flatpak2-DEBUG: 15:43:43.122:     --ro-bind-data
(flatpak run:503382): flatpak2-DEBUG: 15:43:43.122:     39
(flatpak run:503382): flatpak2-DEBUG: 15:43:43.122:     /run/host/font-dirs.xml
(flatpak run:503382): flatpak2-DEBUG: 15:43:43.122:     --ro-bind
(flatpak run:503382): flatpak2-DEBUG: 15:43:43.122:     /usr/share/icons
(flatpak run:503382): flatpak2-DEBUG: 15:43:43.122:     /run/host/share/icons
(flatpak run:503382): flatpak2-DEBUG: 15:43:43.122:     --ro-bind
(flatpak run:503382): flatpak2-DEBUG: 15:43:43.122:     /home/linux/.local/share/icons
(flatpak run:503382): flatpak2-DEBUG: 15:43:43.122:     /run/host/user-share/icons
(flatpak run:503382): flatpak2-DEBUG: 15:43:43.122:     --symlink
(flatpak run:503382): flatpak2-DEBUG: 15:43:43.122:     /app/lib/debug/source
(flatpak run:503382): flatpak2-DEBUG: 15:43:43.122:     /run/build
(flatpak run:503382): flatpak2-DEBUG: 15:43:43.122:     --symlink
(flatpak run:503382): flatpak2-DEBUG: 15:43:43.122:     /usr/lib/debug/source
(flatpak run:503382): flatpak2-DEBUG: 15:43:43.122:     /run/build-runtime
(flatpak run:503382): flatpak2-DEBUG: 15:43:43.122:     --setenv
(flatpak run:503382): flatpak2-DEBUG: 15:43:43.122:     ALSA_CONFIG_DIR
(flatpak run:503382): flatpak2-DEBUG: 15:43:43.122:     /usr/share/alsa
(flatpak run:503382): flatpak2-DEBUG: 15:43:43.122:     --setenv
(flatpak run:503382): flatpak2-DEBUG: 15:43:43.122:     ALSA_CONFIG_PATH
(flatpak run:503382): flatpak2-DEBUG: 15:43:43.122:     /usr/share/alsa/alsa-flatpak.conf
(flatpak run:503382): flatpak2-DEBUG: 15:43:43.122:     --setenv
(flatpak run:503382): flatpak2-DEBUG: 15:43:43.122:     AT_SPI_BUS_ADDRESS
(flatpak run:503382): flatpak2-DEBUG: 15:43:43.122:     unix:path=/run/flatpak/at-spi-bus
(flatpak run:503382): flatpak2-DEBUG: 15:43:43.122:     --setenv
(flatpak run:503382): flatpak2-DEBUG: 15:43:43.122:     BUNDLED_DEBUGPY_PATH
(flatpak run:503382): flatpak2-DEBUG: 15:43:43.122:     /home/linux/.vscode/extensions/ms-python.debugpy-2025.16.0-linux-x64/bundled/libs/debugpy
(flatpak run:503382): flatpak2-DEBUG: 15:43:43.122:     --setenv
(flatpak run:503382): flatpak2-DEBUG: 15:43:43.122:     CHROME_DESKTOP
(flatpak run:503382): flatpak2-DEBUG: 15:43:43.122:     code.desktop
(flatpak run:503382): flatpak2-DEBUG: 15:43:43.122:     --setenv
(flatpak run:503382): flatpak2-DEBUG: 15:43:43.122:     CINNAMON_VERSION
(flatpak run:503382): flatpak2-DEBUG: 15:43:43.122:     6.4.8
(flatpak run:503382): flatpak2-DEBUG: 15:43:43.122:     --setenv
(flatpak run:503382): flatpak2-DEBUG: 15:43:43.122:     COLORTERM
(flatpak run:503382): flatpak2-DEBUG: 15:43:43.122:     truecolor
(flatpak run:503382): flatpak2-DEBUG: 15:43:43.122:     --setenv
(flatpak run:503382): flatpak2-DEBUG: 15:43:43.122:     DBUS_SESSION_BUS_ADDRESS
(flatpak run:503382): flatpak2-DEBUG: 15:43:43.122:     unix:path=/run/flatpak/bus
(flatpak run:503382): flatpak2-DEBUG: 15:43:43.122:     --setenv
(flatpak run:503382): flatpak2-DEBUG: 15:43:43.122:     DESKTOP_SESSION
(flatpak run:503382): flatpak2-DEBUG: 15:43:43.122:     cinnamon
(flatpak run:503382): flatpak2-DEBUG: 15:43:43.122:     --setenv
(flatpak run:503382): flatpak2-DEBUG: 15:43:43.122:     DISPLAY
(flatpak run:503382): flatpak2-DEBUG: 15:43:43.122:     :0
(flatpak run:503382): flatpak2-DEBUG: 15:43:43.122:     --setenv
(flatpak run:503382): flatpak2-DEBUG: 15:43:43.122:     FLATPAK_ID
(flatpak run:503382): flatpak2-DEBUG: 15:43:43.122:     im.github.rallep71.DinoX
(flatpak run:503382): flatpak2-DEBUG: 15:43:43.122:     --setenv
(flatpak run:503382): flatpak2-DEBUG: 15:43:43.122:     FLATPAK_SANDBOX_DIR
(flatpak run:503382): flatpak2-DEBUG: 15:43:43.122:     /home/linux/.var/app/im.github.rallep71.DinoX/sandbox
(flatpak run:503382): flatpak2-DEBUG: 15:43:43.122:     --setenv
(flatpak run:503382): flatpak2-DEBUG: 15:43:43.122:     GDMSESSION
(flatpak run:503382): flatpak2-DEBUG: 15:43:43.122:     cinnamon
(flatpak run:503382): flatpak2-DEBUG: 15:43:43.122:     --setenv
(flatpak run:503382): flatpak2-DEBUG: 15:43:43.122:     GDM_LANG
(flatpak run:503382): flatpak2-DEBUG: 15:43:43.122:     de_DE
(flatpak run:503382): flatpak2-DEBUG: 15:43:43.122:     --setenv
(flatpak run:503382): flatpak2-DEBUG: 15:43:43.122:     GIT_ASKPASS
(flatpak run:503382): flatpak2-DEBUG: 15:43:43.122:     /usr/share/code/resources/app/extensions/git/dist/askpass.sh
(flatpak run:503382): flatpak2-DEBUG: 15:43:43.123:     --setenv
(flatpak run:503382): flatpak2-DEBUG: 15:43:43.123:     GIT_PAGER
(flatpak run:503382): flatpak2-DEBUG: 15:43:43.123:     cat
(flatpak run:503382): flatpak2-DEBUG: 15:43:43.123:     --setenv
(flatpak run:503382): flatpak2-DEBUG: 15:43:43.123:     GI_TYPELIB_PATH
(flatpak run:503382): flatpak2-DEBUG: 15:43:43.123:     /app/lib/girepository-1.0
(flatpak run:503382): flatpak2-DEBUG: 15:43:43.123:     --setenv
(flatpak run:503382): flatpak2-DEBUG: 15:43:43.123:     GNOME_DESKTOP_SESSION_ID
(flatpak run:503382): flatpak2-DEBUG: 15:43:43.123:     this-is-deprecated
(flatpak run:503382): flatpak2-DEBUG: 15:43:43.123:     --setenv
(flatpak run:503382): flatpak2-DEBUG: 15:43:43.123:     GNOME_KEYRING_CONTROL
(flatpak run:503382): flatpak2-DEBUG: 15:43:43.123:     /run/user/1000/keyring
(flatpak run:503382): flatpak2-DEBUG: 15:43:43.123:     --setenv
(flatpak run:503382): flatpak2-DEBUG: 15:43:43.123:     GNOME_TERMINAL_SCREEN
(flatpak run:503382): flatpak2-DEBUG: 15:43:43.123:     /org/gnome/Terminal/screen/136a4985_93e2_45fd_b7eb_425e3f1d5ef1
(flatpak run:503382): flatpak2-DEBUG: 15:43:43.123:     --setenv
(flatpak run:503382): flatpak2-DEBUG: 15:43:43.123:     GNOME_TERMINAL_SERVICE
(flatpak run:503382): flatpak2-DEBUG: 15:43:43.123:     :1.104
(flatpak run:503382): flatpak2-DEBUG: 15:43:43.123:     --setenv
(flatpak run:503382): flatpak2-DEBUG: 15:43:43.123:     GPG_AGENT_INFO
(flatpak run:503382): flatpak2-DEBUG: 15:43:43.123:     /run/user/1000/gnupg/S.gpg-agent:0:1
(flatpak run:503382): flatpak2-DEBUG: 15:43:43.123:     --setenv
(flatpak run:503382): flatpak2-DEBUG: 15:43:43.123:     GST_PLUGIN_SYSTEM_PATH
(flatpak run:503382): flatpak2-DEBUG: 15:43:43.123:     /app/lib/gstreamer-1.0:/usr/lib/extensions/gstreamer-1.0:/usr/lib/x86_64-linux-gnu/gstreamer-1.0
(flatpak run:503382): flatpak2-DEBUG: 15:43:43.123:     --setenv
(flatpak run:503382): flatpak2-DEBUG: 15:43:43.123:     GTK3_MODULES
(flatpak run:503382): flatpak2-DEBUG: 15:43:43.123:     xapp-gtk3-module
(flatpak run:503382): flatpak2-DEBUG: 15:43:43.123:     --setenv
(flatpak run:503382): flatpak2-DEBUG: 15:43:43.123:     GTK_MODULES
(flatpak run:503382): flatpak2-DEBUG: 15:43:43.123:     gail:atk-bridge
(flatpak run:503382): flatpak2-DEBUG: 15:43:43.123:     --setenv
(flatpak run:503382): flatpak2-DEBUG: 15:43:43.123:     G_MESSAGES_DEBUG
(flatpak run:503382): flatpak2-DEBUG: 15:43:43.123:     all
(flatpak run:503382): flatpak2-DEBUG: 15:43:43.123:     --setenv
(flatpak run:503382): flatpak2-DEBUG: 15:43:43.123:     HOME
(flatpak run:503382): flatpak2-DEBUG: 15:43:43.123:     /home/linux
(flatpak run:503382): flatpak2-DEBUG: 15:43:43.123:     --setenv
(flatpak run:503382): flatpak2-DEBUG: 15:43:43.123:     LANG
(flatpak run:503382): flatpak2-DEBUG: 15:43:43.123:     de_DE.UTF-8
(flatpak run:503382): flatpak2-DEBUG: 15:43:43.123:     --setenv
(flatpak run:503382): flatpak2-DEBUG: 15:43:43.123:     LANGUAGE
(flatpak run:503382): flatpak2-DEBUG: 15:43:43.123:     de_DE
(flatpak run:503382): flatpak2-DEBUG: 15:43:43.123:     --setenv
(flatpak run:503382): flatpak2-DEBUG: 15:43:43.123:     LD_LIBRARY_PATH
(flatpak run:503382): flatpak2-DEBUG: 15:43:43.123:     ''
(flatpak run:503382): flatpak2-DEBUG: 15:43:43.123:     --setenv
(flatpak run:503382): flatpak2-DEBUG: 15:43:43.123:     LESSCLOSE
(flatpak run:503382): flatpak2-DEBUG: 15:43:43.123:     '/usr/bin/lesspipe %s %s'
(flatpak run:503382): flatpak2-DEBUG: 15:43:43.123:     --setenv
(flatpak run:503382): flatpak2-DEBUG: 15:43:43.123:     LESSOPEN
(flatpak run:503382): flatpak2-DEBUG: 15:43:43.123:     '| /usr/bin/lesspipe %s'
(flatpak run:503382): flatpak2-DEBUG: 15:43:43.123:     --setenv
(flatpak run:503382): flatpak2-DEBUG: 15:43:43.123:     LOGNAME
(flatpak run:503382): flatpak2-DEBUG: 15:43:43.123:     linux
(flatpak run:503382): flatpak2-DEBUG: 15:43:43.123:     --setenv
(flatpak run:503382): flatpak2-DEBUG: 15:43:43.123:     LS_COLORS
(flatpak run:503382): flatpak2-DEBUG: 15:43:43.123:     'rs=0:di=01;34:ln=01;36:mh=00:pi=40;33:so=01;35:do=01;35:bd=40;33;01:cd=40;33;01:or=40;31;01:mi=00:su=37;41:sg=30;43:ca=00:tw=30;42:ow=34;42:st=37;44:ex=01;32:*.tar=01;31:*.tgz=01;31:*.arc=01;31:*.arj=01;31:*.taz=01;31:*.lha=01;31:*.lz4=01;31:*.lzh=01;31:*.lzma=01;31:*.tlz=01;31:*.txz=01;31:*.tzo=01;31:*.t7z=01;31:*.zip=01;31:*.z=01;31:*.dz=01;31:*.gz=01;31:*.lrz=01;31:*.lz=01;31:*.lzo=01;31:*.xz=01;31:*.zst=01;31:*.tzst=01;31:*.bz2=01;31:*.bz=01;31:*.tbz=01;31:*.tbz2=01;31:*.tz=01;31:*.deb=01;31:*.rpm=01;31:*.jar=01;31:*.war=01;31:*.ear=01;31:*.sar=01;31:*.rar=01;31:*.alz=01;31:*.ace=01;31:*.zoo=01;31:*.cpio=01;31:*.7z=01;31:*.rz=01;31:*.cab=01;31:*.wim=01;31:*.swm=01;31:*.dwm=01;31:*.esd=01;31:*.avif=01;35:*.jpg=01;35:*.jpeg=01;35:*.mjpg=01;35:*.mjpeg=01;35:*.gif=01;35:*.bmp=01;35:*.pbm=01;35:*.pgm=01;35:*.ppm=01;35:*.tga=01;35:*.xbm=01;35:*.xpm=01;35:*.tif=01;35:*.tiff=01;35:*.png=01;35:*.svg=01;35:*.svgz=01;35:*.mng=01;35:*.pcx=01;35:*.mov=01;35:*.mpg=01;35:*.mpeg=01;35:*.m2v=01;35:*.mkv=01;35:*.webm=01;35:*.webp=01;35:*.ogm=01;35:*.mp4=01;35:*.m4v=01;35:*.mp4v=01;35:*.vob=01;35:*.qt=01;35:*.nuv=01;35:*.wmv=01;35:*.asf=01;35:*.rm=01;35:*.rmvb=01;35:*.flc=01;35:*.avi=01;35:*.fli=01;35:*.flv=01;35:*.gl=01;35:*.dl=01;35:*.xcf=01;35:*.xwd=01;35:*.yuv=01;35:*.cgm=01;35:*.emf=01;35:*.ogv=01;35:*.ogx=01;35:*.aac=00;36:*.au=00;36:*.flac=00;36:*.m4a=00;36:*.mid=00;36:*.midi=00;36:*.mka=00;36:*.mp3=00;36:*.mpc=00;36:*.ogg=00;36:*.ra=00;36:*.wav=00;36:*.oga=00;36:*.opus=00;36:*.spx=00;36:*.xspf=00;36:*~=00;90:*#=00;90:*.bak=00;90:*.crdownload=00;90:*.dpkg-dist=00;90:*.dpkg-new=00;90:*.dpkg-old=00;90:*.dpkg-tmp=00;90:*.old=00;90:*.orig=00;90:*.part=00;90:*.rej=00;90:*.rpmnew=00;90:*.rpmorig=00;90:*.rpmsave=00;90:*.swp=00;90:*.tmp=00;90:*.ucf-dist=00;90:*.ucf-new=00;90:*.ucf-old=00;90:'
(flatpak run:503382): flatpak2-DEBUG: 15:43:43.123:     --setenv
(flatpak run:503382): flatpak2-DEBUG: 15:43:43.123:     NVM_BIN
(flatpak run:503382): flatpak2-DEBUG: 15:43:43.123:     /home/linux/.nvm/versions/node/v22.18.0/bin
(flatpak run:503382): flatpak2-DEBUG: 15:43:43.123:     --setenv
(flatpak run:503382): flatpak2-DEBUG: 15:43:43.123:     NVM_CD_FLAGS
(flatpak run:503382): flatpak2-DEBUG: 15:43:43.123:     ''
(flatpak run:503382): flatpak2-DEBUG: 15:43:43.123:     --setenv
(flatpak run:503382): flatpak2-DEBUG: 15:43:43.123:     NVM_DIR
(flatpak run:503382): flatpak2-DEBUG: 15:43:43.123:     /home/linux/.nvm
(flatpak run:503382): flatpak2-DEBUG: 15:43:43.123:     --setenv
(flatpak run:503382): flatpak2-DEBUG: 15:43:43.123:     NVM_INC
(flatpak run:503382): flatpak2-DEBUG: 15:43:43.123:     /home/linux/.nvm/versions/node/v22.18.0/include/node
(flatpak run:503382): flatpak2-DEBUG: 15:43:43.123:     --setenv
(flatpak run:503382): flatpak2-DEBUG: 15:43:43.123:     ORIGINAL_XDG_CURRENT_DESKTOP
(flatpak run:503382): flatpak2-DEBUG: 15:43:43.123:     X-Cinnamon
(flatpak run:503382): flatpak2-DEBUG: 15:43:43.123:     --setenv
(flatpak run:503382): flatpak2-DEBUG: 15:43:43.123:     PATH
(flatpak run:503382): flatpak2-DEBUG: 15:43:43.123:     /app/bin:/usr/bin
(flatpak run:503382): flatpak2-DEBUG: 15:43:43.123:     --setenv
(flatpak run:503382): flatpak2-DEBUG: 15:43:43.123:     PS1
(flatpak run:503382): flatpak2-DEBUG: 15:43:43.123:     '[📦 $FLATPAK_ID \W]\$ '
(flatpak run:503382): flatpak2-DEBUG: 15:43:43.123:     --setenv
(flatpak run:503382): flatpak2-DEBUG: 15:43:43.123:     PULSE_CLIENTCONFIG
(flatpak run:503382): flatpak2-DEBUG: 15:43:43.123:     /run/flatpak/pulse/config
(flatpak run:503382): flatpak2-DEBUG: 15:43:43.123:     --setenv
(flatpak run:503382): flatpak2-DEBUG: 15:43:43.123:     PULSE_SERVER
(flatpak run:503382): flatpak2-DEBUG: 15:43:43.123:     unix:/run/flatpak/pulse/native
(flatpak run:503382): flatpak2-DEBUG: 15:43:43.123:     --setenv
(flatpak run:503382): flatpak2-DEBUG: 15:43:43.123:     PWD
(flatpak run:503382): flatpak2-DEBUG: 15:43:43.123:     /media/linux/SSD128/xmpp
(flatpak run:503382): flatpak2-DEBUG: 15:43:43.123:     --setenv
(flatpak run:503382): flatpak2-DEBUG: 15:43:43.123:     PYDEVD_DISABLE_FILE_VALIDATION
(flatpak run:503382): flatpak2-DEBUG: 15:43:43.123:     1
(flatpak run:503382): flatpak2-DEBUG: 15:43:43.123:     --setenv
(flatpak run:503382): flatpak2-DEBUG: 15:43:43.123:     PYTHONSTARTUP
(flatpak run:503382): flatpak2-DEBUG: 15:43:43.123:     /home/linux/.config/Code/User/workspaceStorage/763d7aec077b35638929253ec92407c8/ms-python.python/pythonrc.py
(flatpak run:503382): flatpak2-DEBUG: 15:43:43.123:     --setenv
(flatpak run:503382): flatpak2-DEBUG: 15:43:43.123:     PYTHONUSERBASE
(flatpak run:503382): flatpak2-DEBUG: 15:43:43.123:     /var/data/python
(flatpak run:503382): flatpak2-DEBUG: 15:43:43.123:     --setenv
(flatpak run:503382): flatpak2-DEBUG: 15:43:43.123:     PYTHON_BASIC_REPL
(flatpak run:503382): flatpak2-DEBUG: 15:43:43.123:     1
(flatpak run:503382): flatpak2-DEBUG: 15:43:43.123:     --setenv
(flatpak run:503382): flatpak2-DEBUG: 15:43:43.123:     QT_ACCESSIBILITY
(flatpak run:503382): flatpak2-DEBUG: 15:43:43.123:     1
(flatpak run:503382): flatpak2-DEBUG: 15:43:43.123:     --setenv
(flatpak run:503382): flatpak2-DEBUG: 15:43:43.123:     SESSION_MANAGER
(flatpak run:503382): flatpak2-DEBUG: 15:43:43.123:     'local/linux-ThinkCentre-M910q:@/tmp/.ICE-unix/1172,unix/linux-ThinkCentre-M910q:/tmp/.ICE-unix/1172'
(flatpak run:503382): flatpak2-DEBUG: 15:43:43.123:     --setenv
(flatpak run:503382): flatpak2-DEBUG: 15:43:43.123:     SHELL
(flatpak run:503382): flatpak2-DEBUG: 15:43:43.123:     /bin/sh
(flatpak run:503382): flatpak2-DEBUG: 15:43:43.123:     --setenv
(flatpak run:503382): flatpak2-DEBUG: 15:43:43.123:     SHLVL
(flatpak run:503382): flatpak2-DEBUG: 15:43:43.123:     2
(flatpak run:503382): flatpak2-DEBUG: 15:43:43.123:     --setenv
(flatpak run:503382): flatpak2-DEBUG: 15:43:43.123:     SSH_AUTH_SOCK
(flatpak run:503382): flatpak2-DEBUG: 15:43:43.123:     /run/user/1000/keyring/ssh
(flatpak run:503382): flatpak2-DEBUG: 15:43:43.123:     --setenv
(flatpak run:503382): flatpak2-DEBUG: 15:43:43.123:     TERM
(flatpak run:503382): flatpak2-DEBUG: 15:43:43.123:     xterm-256color
(flatpak run:503382): flatpak2-DEBUG: 15:43:43.123:     --setenv
(flatpak run:503382): flatpak2-DEBUG: 15:43:43.123:     TERM_PROGRAM
(flatpak run:503382): flatpak2-DEBUG: 15:43:43.123:     vscode
(flatpak run:503382): flatpak2-DEBUG: 15:43:43.123:     --setenv
(flatpak run:503382): flatpak2-DEBUG: 15:43:43.123:     TERM_PROGRAM_VERSION
(flatpak run:503382): flatpak2-DEBUG: 15:43:43.123:     1.106.2
(flatpak run:503382): flatpak2-DEBUG: 15:43:43.123:     --setenv
(flatpak run:503382): flatpak2-DEBUG: 15:43:43.123:     USER
(flatpak run:503382): flatpak2-DEBUG: 15:43:43.123:     linux
(flatpak run:503382): flatpak2-DEBUG: 15:43:43.123:     --setenv
(flatpak run:503382): flatpak2-DEBUG: 15:43:43.123:     VSCODE_DEBUGPY_ADAPTER_ENDPOINTS
(flatpak run:503382): flatpak2-DEBUG: 15:43:43.123:     /home/linux/.vscode/extensions/ms-python.debugpy-2025.16.0-linux-x64/.noConfigDebugAdapterEndpoints/endpoint-767523565b93c83b.txt
(flatpak run:503382): flatpak2-DEBUG: 15:43:43.123:     --setenv
(flatpak run:503382): flatpak2-DEBUG: 15:43:43.123:     VSCODE_GIT_ASKPASS_EXTRA_ARGS
(flatpak run:503382): flatpak2-DEBUG: 15:43:43.123:     ''
(flatpak run:503382): flatpak2-DEBUG: 15:43:43.123:     --setenv
(flatpak run:503382): flatpak2-DEBUG: 15:43:43.123:     VSCODE_GIT_ASKPASS_MAIN
(flatpak run:503382): flatpak2-DEBUG: 15:43:43.123:     /usr/share/code/resources/app/extensions/git/dist/askpass-main.js
(flatpak run:503382): flatpak2-DEBUG: 15:43:43.123:     --setenv
(flatpak run:503382): flatpak2-DEBUG: 15:43:43.123:     VSCODE_GIT_ASKPASS_NODE
(flatpak run:503382): flatpak2-DEBUG: 15:43:43.123:     /usr/share/code/code
(flatpak run:503382): flatpak2-DEBUG: 15:43:43.123:     --setenv
(flatpak run:503382): flatpak2-DEBUG: 15:43:43.123:     VSCODE_GIT_IPC_HANDLE
(flatpak run:503382): flatpak2-DEBUG: 15:43:43.123:     /run/user/1000/vscode-git-348da32aef.sock
(flatpak run:503382): flatpak2-DEBUG: 15:43:43.123:     --setenv
(flatpak run:503382): flatpak2-DEBUG: 15:43:43.123:     VSCODE_PYTHON_AUTOACTIVATE_GUARD
(flatpak run:503382): flatpak2-DEBUG: 15:43:43.123:     1
(flatpak run:503382): flatpak2-DEBUG: 15:43:43.123:     --setenv
(flatpak run:503382): flatpak2-DEBUG: 15:43:43.123:     VTE_VERSION
(flatpak run:503382): flatpak2-DEBUG: 15:43:43.123:     7600
(flatpak run:503382): flatpak2-DEBUG: 15:43:43.123:     --setenv
(flatpak run:503382): flatpak2-DEBUG: 15:43:43.123:     XAUTHORITY
(flatpak run:503382): flatpak2-DEBUG: 15:43:43.123:     /run/flatpak/Xauthority
(flatpak run:503382): flatpak2-DEBUG: 15:43:43.123:     --setenv
(flatpak run:503382): flatpak2-DEBUG: 15:43:43.123:     XDG_CACHE_HOME
(flatpak run:503382): flatpak2-DEBUG: 15:43:43.123:     /home/linux/.var/app/im.github.rallep71.DinoX/cache
(flatpak run:503382): flatpak2-DEBUG: 15:43:43.123:     --setenv
(flatpak run:503382): flatpak2-DEBUG: 15:43:43.123:     XDG_CONFIG_DIRS
(flatpak run:503382): flatpak2-DEBUG: 15:43:43.123:     /app/etc/xdg:/etc/xdg
(flatpak run:503382): flatpak2-DEBUG: 15:43:43.123:     --setenv
(flatpak run:503382): flatpak2-DEBUG: 15:43:43.123:     XDG_CONFIG_HOME
(flatpak run:503382): flatpak2-DEBUG: 15:43:43.123:     /home/linux/.var/app/im.github.rallep71.DinoX/config
(flatpak run:503382): flatpak2-DEBUG: 15:43:43.123:     --setenv
(flatpak run:503382): flatpak2-DEBUG: 15:43:43.123:     XDG_CURRENT_DESKTOP
(flatpak run:503382): flatpak2-DEBUG: 15:43:43.123:     X-Cinnamon
(flatpak run:503382): flatpak2-DEBUG: 15:43:43.123:     --setenv
(flatpak run:503382): flatpak2-DEBUG: 15:43:43.123:     XDG_DATA_DIRS
(flatpak run:503382): flatpak2-DEBUG: 15:43:43.123:     /app/share:/usr/share:/usr/share/runtime/share:/run/host/user-share:/run/host/share
(flatpak run:503382): flatpak2-DEBUG: 15:43:43.123:     --setenv
(flatpak run:503382): flatpak2-DEBUG: 15:43:43.123:     XDG_DATA_HOME
(flatpak run:503382): flatpak2-DEBUG: 15:43:43.123:     /home/linux/.var/app/im.github.rallep71.DinoX/data
(flatpak run:503382): flatpak2-DEBUG: 15:43:43.123:     --setenv
(flatpak run:503382): flatpak2-DEBUG: 15:43:43.123:     XDG_GREETER_DATA_DIR
(flatpak run:503382): flatpak2-DEBUG: 15:43:43.123:     /var/lib/lightdm-data/linux
(flatpak run:503382): flatpak2-DEBUG: 15:43:43.123:     --setenv
(flatpak run:503382): flatpak2-DEBUG: 15:43:43.123:     XDG_SEAT
(flatpak run:503382): flatpak2-DEBUG: 15:43:43.123:     seat0
(flatpak run:503382): flatpak2-DEBUG: 15:43:43.123:     --setenv
(flatpak run:503382): flatpak2-DEBUG: 15:43:43.124:     XDG_SEAT_PATH
(flatpak run:503382): flatpak2-DEBUG: 15:43:43.124:     /org/freedesktop/DisplayManager/Seat0
(flatpak run:503382): flatpak2-DEBUG: 15:43:43.124:     --setenv
(flatpak run:503382): flatpak2-DEBUG: 15:43:43.124:     XDG_SESSION_CLASS
(flatpak run:503382): flatpak2-DEBUG: 15:43:43.124:     user
(flatpak run:503382): flatpak2-DEBUG: 15:43:43.124:     --setenv
(flatpak run:503382): flatpak2-DEBUG: 15:43:43.124:     XDG_SESSION_DESKTOP
(flatpak run:503382): flatpak2-DEBUG: 15:43:43.124:     cinnamon
(flatpak run:503382): flatpak2-DEBUG: 15:43:43.124:     --setenv
(flatpak run:503382): flatpak2-DEBUG: 15:43:43.124:     XDG_SESSION_ID
(flatpak run:503382): flatpak2-DEBUG: 15:43:43.124:     c1
(flatpak run:503382): flatpak2-DEBUG: 15:43:43.124:     --setenv
(flatpak run:503382): flatpak2-DEBUG: 15:43:43.124:     XDG_SESSION_PATH
(flatpak run:503382): flatpak2-DEBUG: 15:43:43.124:     /org/freedesktop/DisplayManager/Session0
(flatpak run:503382): flatpak2-DEBUG: 15:43:43.124:     --setenv
(flatpak run:503382): flatpak2-DEBUG: 15:43:43.124:     XDG_SESSION_TYPE
(flatpak run:503382): flatpak2-DEBUG: 15:43:43.124:     x11
(flatpak run:503382): flatpak2-DEBUG: 15:43:43.124:     --setenv
(flatpak run:503382): flatpak2-DEBUG: 15:43:43.124:     XDG_STATE_HOME
(flatpak run:503382): flatpak2-DEBUG: 15:43:43.124:     /home/linux/.var/app/im.github.rallep71.DinoX/.local/state
(flatpak run:503382): flatpak2-DEBUG: 15:43:43.124:     --setenv
(flatpak run:503382): flatpak2-DEBUG: 15:43:43.124:     XDG_VTNR
(flatpak run:503382): flatpak2-DEBUG: 15:43:43.124:     7
(flatpak run:503382): flatpak2-DEBUG: 15:43:43.124:     --setenv
(flatpak run:503382): flatpak2-DEBUG: 15:43:43.124:     _
(flatpak run:503382): flatpak2-DEBUG: 15:43:43.124:     /usr/bin/flatpak
(flatpak run:503382): flatpak2-DEBUG: 15:43:43.124:     --setenv
(flatpak run:503382): flatpak2-DEBUG: 15:43:43.124:     __EGL_EXTERNAL_PLATFORM_CONFIG_DIRS
(flatpak run:503382): flatpak2-DEBUG: 15:43:43.124:     /etc/egl/egl_external_platform.d:/usr/lib/x86_64-linux-gnu/GL/egl/egl_external_platform.d:/usr/share/egl/egl_external_platform.d
(flatpak run:503382): flatpak-DEBUG: 15:43:43.124: Running 'bwrap --args 73 -- dinox'
(gst-plugin-scanner:3): GVFS-DEBUG: 15:43:43.617: org.gtk.vfs.MountTracker.listMountableInfo call failed: GDBus.Error:org.freedesktop.DBus.Error.ServiceUnknown: org.freedesktop.DBus.Error.ServiceUnknown (g-dbus-error-quark, 2)

(gst-plugin-scanner:3): GLib-GIO-DEBUG: 15:43:43.618: _g_io_module_get_default: Found default implementation local (GLocalVfs) for ?gio-vfs?
(dinox:2): GLib-GIO-DEBUG: 15:43:43.740: _g_io_module_get_default: Found default implementation portal (GNetworkMonitorPortal) for ‘gio-network-monitor’
(dinox:2): GVFS-DEBUG: 15:43:43.744: org.gtk.vfs.MountTracker.listMountableInfo call failed: GDBus.Error:org.freedesktop.DBus.Error.ServiceUnknown: org.freedesktop.DBus.Error.ServiceUnknown (g-dbus-error-quark, 2)

(dinox:2): GLib-GIO-DEBUG: 15:43:43.745: _g_io_module_get_default: Found default implementation local (GLocalVfs) for ‘gio-vfs’
(dinox:2): Gtk-DEBUG: 15:43:43.778: Not using session manager

(dinox:2): Gtk-WARNING **: 15:43:43.926: Theme parser error: style.css:421:5-14: No property named "max-width"

(dinox:2): Gtk-WARNING **: 15:43:43.926: Theme parser error: style.css:426:5-14: No property named "max-width"
(dinox:2): libdino-DEBUG: 15:43:43.929: history_sync.vala:536: [carl@chat.handwerker.jetzt | dinomuc@conference.chat.handwerker.jetzt] | 1763898531 - 1764054702 vs 1763898531 - 1764054702
(dinox:2): libdino-DEBUG: 15:43:43.929: history_sync.vala:536: [carl@chat.handwerker.jetzt | carl@chat.handwerker.jetzt] | 0 - 1764063973 vs 0 - 1764063973
(dinox:2): libdino-DEBUG: 15:43:43.929: history_sync.vala:536: [carl@chat.handwerker.jetzt | privat@conference.chat.handwerker.jetzt] | 1764058241 - 1764065864 vs 1764058241 - 1764065864
(dinox:2): libdino-DEBUG: 15:43:43.929: history_sync.vala:536: [carl@chat.handwerker.jetzt | calmember@conference.chat.handwerker.jetzt] | 1764054307 - 1764054739 vs 1764054307 - 1764054739
(dinox:2): libdino-DEBUG: 15:43:43.936: connection_manager.vala:194: [carl@chat.handwerker.jetzt] (Maybe) Establishing a new connection
(dinox:2): GLib-GIO-DEBUG: 15:43:43.947: _g_io_module_get_default: Found default implementation keyfile (GKeyfileSettingsBackend) for ‘gsettings-backend’
(dinox:2): Gdk-DEBUG: 15:43:44.091: Failed to find color state, assuming SRGB
(dinox:2): Gdk-DEBUG: 15:43:44.092: Failed to find color state, assuming SRGB
(dinox:2): Gdk-DEBUG: 15:43:44.092: Failed to find color state, assuming SRGB
(dinox:2): Gdk-DEBUG: 15:43:44.093: Failed to find color state, assuming SRGB
(dinox:2): dino-DEBUG: 15:43:44.153: video_player_widget.vala:85: VideoPlayerWidget: init
(dinox:2): dino-DEBUG: 15:43:44.158: video_player_widget.vala:174: VideoPlayerWidget: update_widget state=DINO_ENTITIES_FILE_TRANSFER_STATE_COMPLETE
(dinox:2): dino-DEBUG: 15:43:44.158: video_player_widget.vala:222: VideoPlayerWidget: setup_pipeline for file:///home/linux/.var/app/im.github.rallep71.DinoX/data/dino/files/5163c93a_78575668112__E562FCDA-F1D7-44A3-80CB-4F5437A03CC0.MOV
Gdk-INFO: 15:43:44.239: Vulkan: Loader Message: linux_read_sorted_physical_devices:
Gdk-INFO: 15:43:44.239: Vulkan: Loader Message:      Original order:
Gdk-INFO: 15:43:44.239: Vulkan: Loader Message:            [0] Intel(R) HD Graphics 530 (SKL GT2)
Gdk-INFO: 15:43:44.239: Vulkan: Loader Message:            [1] llvmpipe (LLVM 19.1.7, 256 bits)
Gdk-INFO: 15:43:44.239: Vulkan: Loader Message:            [2] Intel(R) HD Graphics 530 (SKL GT2)
Gdk-INFO: 15:43:44.239: Vulkan: Loader Message:            [3] llvmpipe (LLVM 19.1.7, 256 bits)
Gdk-INFO: 15:43:44.239: Vulkan: Loader Message:      Sorted order:
Gdk-INFO: 15:43:44.239: Vulkan: Loader Message:            [0] Intel(R) HD Graphics 530 (SKL GT2)  
Gdk-INFO: 15:43:44.239: Vulkan: Loader Message:            [1] Intel(R) HD Graphics 530 (SKL GT2)  
Gdk-INFO: 15:43:44.239: Vulkan: Loader Message:            [2] llvmpipe (LLVM 19.1.7, 256 bits)  
Gdk-INFO: 15:43:44.239: Vulkan: Loader Message:            [3] llvmpipe (LLVM 19.1.7, 256 bits)  
Gdk-INFO: 15:43:44.239: Vulkan: Loader Message: linux_read_sorted_physical_devices:
Gdk-INFO: 15:43:44.239: Vulkan: Loader Message:      Original order:
Gdk-INFO: 15:43:44.239: Vulkan: Loader Message:            [0] Intel(R) HD Graphics 530 (SKL GT2)
Gdk-INFO: 15:43:44.239: Vulkan: Loader Message:            [1] llvmpipe (LLVM 19.1.7, 256 bits)
Gdk-INFO: 15:43:44.239: Vulkan: Loader Message:            [2] Intel(R) HD Graphics 530 (SKL GT2)
Gdk-INFO: 15:43:44.239: Vulkan: Loader Message:            [3] llvmpipe (LLVM 19.1.7, 256 bits)
Gdk-INFO: 15:43:44.239: Vulkan: Loader Message:      Sorted order:
Gdk-INFO: 15:43:44.239: Vulkan: Loader Message:            [0] Intel(R) HD Graphics 530 (SKL GT2)  
Gdk-INFO: 15:43:44.239: Vulkan: Loader Message:            [1] Intel(R) HD Graphics 530 (SKL GT2)  
Gdk-INFO: 15:43:44.239: Vulkan: Loader Message:            [2] llvmpipe (LLVM 19.1.7, 256 bits)  
Gdk-INFO: 15:43:44.239: Vulkan: Loader Message:            [3] llvmpipe (LLVM 19.1.7, 256 bits)  
(dinox:2): Gdk-DEBUG: 15:43:44.239: Vulkan: Loader Message: Copying old device 0 into new device 0
(dinox:2): Gdk-DEBUG: 15:43:44.239: Vulkan: Loader Message: Copying old device 1 into new device 1
(dinox:2): Gdk-DEBUG: 15:43:44.239: Vulkan: Loader Message: Copying old device 2 into new device 2
(dinox:2): Gdk-DEBUG: 15:43:44.239: Vulkan: Loader Message: Copying old device 3 into new device 3
Gdk-INFO: 15:43:44.240: Vulkan: Loader Message: linux_read_sorted_physical_devices:
Gdk-INFO: 15:43:44.240: Vulkan: Loader Message:      Original order:
Gdk-INFO: 15:43:44.240: Vulkan: Loader Message:            [0] Intel(R) HD Graphics 530 (SKL GT2)
Gdk-INFO: 15:43:44.240: Vulkan: Loader Message:            [1] llvmpipe (LLVM 19.1.7, 256 bits)
Gdk-INFO: 15:43:44.240: Vulkan: Loader Message:            [2] Intel(R) HD Graphics 530 (SKL GT2)
Gdk-INFO: 15:43:44.240: Vulkan: Loader Message:            [3] llvmpipe (LLVM 19.1.7, 256 bits)
Gdk-INFO: 15:43:44.241: Vulkan: Loader Message:      Sorted order:
Gdk-INFO: 15:43:44.241: Vulkan: Loader Message:            [0] Intel(R) HD Graphics 530 (SKL GT2)  
Gdk-INFO: 15:43:44.241: Vulkan: Loader Message:            [1] Intel(R) HD Graphics 530 (SKL GT2)  
Gdk-INFO: 15:43:44.241: Vulkan: Loader Message:            [2] llvmpipe (LLVM 19.1.7, 256 bits)  
Gdk-INFO: 15:43:44.241: Vulkan: Loader Message:            [3] llvmpipe (LLVM 19.1.7, 256 bits)  
(dinox:2): Gdk-DEBUG: 15:43:44.241: Vulkan: Loader Message: Copying old device 0 into new device 0
(dinox:2): Gdk-DEBUG: 15:43:44.241: Vulkan: Loader Message: Copying old device 1 into new device 1
(dinox:2): Gdk-DEBUG: 15:43:44.241: Vulkan: Loader Message: Copying old device 2 into new device 2
(dinox:2): Gdk-DEBUG: 15:43:44.241: Vulkan: Loader Message: Copying old device 3 into new device 3
Gdk-INFO: 15:43:44.241: Vulkan: Loader Message: linux_read_sorted_physical_devices:
Gdk-INFO: 15:43:44.241: Vulkan: Loader Message:      Original order:
Gdk-INFO: 15:43:44.241: Vulkan: Loader Message:            [0] Intel(R) HD Graphics 530 (SKL GT2)
Gdk-INFO: 15:43:44.241: Vulkan: Loader Message:            [1] llvmpipe (LLVM 19.1.7, 256 bits)
Gdk-INFO: 15:43:44.241: Vulkan: Loader Message:            [2] Intel(R) HD Graphics 530 (SKL GT2)
Gdk-INFO: 15:43:44.241: Vulkan: Loader Message:            [3] llvmpipe (LLVM 19.1.7, 256 bits)
Gdk-INFO: 15:43:44.241: Vulkan: Loader Message:      Sorted order:
Gdk-INFO: 15:43:44.241: Vulkan: Loader Message:            [0] Intel(R) HD Graphics 530 (SKL GT2)  
Gdk-INFO: 15:43:44.241: Vulkan: Loader Message:            [1] Intel(R) HD Graphics 530 (SKL GT2)  
Gdk-INFO: 15:43:44.241: Vulkan: Loader Message:            [2] llvmpipe (LLVM 19.1.7, 256 bits)  
Gdk-INFO: 15:43:44.241: Vulkan: Loader Message:            [3] llvmpipe (LLVM 19.1.7, 256 bits)  
(dinox:2): Gdk-DEBUG: 15:43:44.241: Vulkan: Loader Message: Copying old device 0 into new device 0
(dinox:2): Gdk-DEBUG: 15:43:44.241: Vulkan: Loader Message: Copying old device 1 into new device 1
(dinox:2): Gdk-DEBUG: 15:43:44.241: Vulkan: Loader Message: Copying old device 2 into new device 2
(dinox:2): Gdk-DEBUG: 15:43:44.241: Vulkan: Loader Message: Copying old device 3 into new device 3
Gdk-INFO: 15:43:44.241: Vulkan: Loader Message: Removing driver /usr/lib/x86_64-linux-gnu/GL/default/lib/libvulkan_virtio.so due to not having any physical devices
Gdk-INFO: 15:43:44.241: Vulkan: Loader Message: Removing driver /usr/lib/x86_64-linux-gnu/GL/default/lib/libvulkan_intel_hasvk.so due to not having any physical devices
Gdk-INFO: 15:43:44.241: Vulkan: Loader Message: Removing driver /usr/lib/x86_64-linux-gnu/GL/default/lib/libvulkan_nouveau.so due to not having any physical devices
Gdk-INFO: 15:43:44.241: Vulkan: Loader Message: Removing driver /usr/lib/x86_64-linux-gnu/GL/default/lib/libvulkan_radeon.so due to not having any physical devices
Gdk-INFO: 15:43:44.241: Vulkan: Loader Message: Removing driver /usr/lib/x86_64-linux-gnu/GL/default/lib/libvulkan_virtio.so due to not having any physical devices
Gdk-INFO: 15:43:44.241: Vulkan: Loader Message: Removing driver /usr/lib/x86_64-linux-gnu/GL/default/lib/libvulkan_intel_hasvk.so due to not having any physical devices
Gdk-INFO: 15:43:44.242: Vulkan: Loader Message: Removing driver /usr/lib/x86_64-linux-gnu/GL/default/lib/libvulkan_nouveau.so due to not having any physical devices
Gdk-INFO: 15:43:44.242: Vulkan: Loader Message: Removing driver /usr/lib/x86_64-linux-gnu/GL/default/lib/libvulkan_radeon.so due to not having any physical devices
Gdk-INFO: 15:43:44.242: Vulkan: Loader Message: Failed to find vkGetDeviceProcAddr in layer "libVkLayer_MESA_device_select.so"
Gdk-INFO: 15:43:44.242: Vulkan: Loader Message: vkCreateDevice layer callstack setup to:
Gdk-INFO: 15:43:44.242: Vulkan: Loader Message:    <Application>
Gdk-INFO: 15:43:44.242: Vulkan: Loader Message:      ||
Gdk-INFO: 15:43:44.242: Vulkan: Loader Message:    <Loader>
Gdk-INFO: 15:43:44.242: Vulkan: Loader Message:      ||
Gdk-INFO: 15:43:44.242: Vulkan: Loader Message:    <Device>
Gdk-INFO: 15:43:44.242: Vulkan: Loader Message:        Using "Intel(R) HD Graphics 530 (SKL GT2)" with driver: "/usr/lib/x86_64-linux-gnu/GL/default/lib/libvulkan_intel.so"
MESA-INTEL: warning: ../src/intel/vulkan/anv_formats.c:949: FINISHME: support YUV colorspace with DRM format modifiers
MESA-INTEL: warning: ../src/intel/vulkan/anv_formats.c:981: FINISHME: support more multi-planar formats with DRM modifiers
(dinox:2): dino-DEBUG: 15:43:44.250: video_player_widget.vala:287: VideoPlayerWidget: set_paintable done
(dinox:2): dino-DEBUG: 15:43:44.253: video_player_widget.vala:85: VideoPlayerWidget: init
(dinox:2): dino-DEBUG: 15:43:44.256: video_player_widget.vala:174: VideoPlayerWidget: update_widget state=DINO_ENTITIES_FILE_TRANSFER_STATE_COMPLETE
(dinox:2): dino-DEBUG: 15:43:44.256: video_player_widget.vala:222: VideoPlayerWidget: setup_pipeline for file:///home/linux/.var/app/im.github.rallep71.DinoX/data/dino/files/a84e8f5e_inventar3-2025-11-08_10.52.23.mkv
(dinox:2): dino-DEBUG: 15:43:44.284: video_player_widget.vala:287: VideoPlayerWidget: set_paintable done
Verbindung ist gescheitert: No such file or directory
(dinox:2): libdino-DEBUG: 15:43:44.304: connection_manager.vala:354: NetworkMonitor: Network reported online
(dinox:2): libdino-DEBUG: 15:43:44.305: connection_manager.vala:354: NetworkMonitor: Network reported online
Systray: Dbusmenu.Server initialized on /MenuBar
Systray: StatusNotifierItem registered on D-Bus
(dinox:2): xmpp-vala-DEBUG: 15:43:44.310: stream_connect.vala:45: Got no xmpp-client DNS records for chat.handwerker.jetzt: Kein DNS-Eintrag des angeforderten Typs für »_xmpp-client._tcp.chat.handwerker.jetzt«
(dinox:2): Gtk-DEBUG: 15:43:44.335: snapshot symbolic icon using mask
(dinox:2): Gtk-DEBUG: 15:43:44.335: snapshot symbolic icon using mask
(dinox:2): Gtk-DEBUG: 15:43:44.338: snapshot symbolic icon using mask
(dinox:2): Gtk-DEBUG: 15:43:44.339: snapshot symbolic icon using mask
(dinox:2): Gtk-DEBUG: 15:43:44.339: snapshot symbolic icon using mask
(dinox:2): Gtk-DEBUG: 15:43:44.339: snapshot symbolic icon using mask
(dinox:2): Gtk-DEBUG: 15:43:44.339: snapshot symbolic icon using mask
(dinox:2): Gtk-DEBUG: 15:43:44.340: snapshot symbolic icon using mask
(dinox:2): Gtk-DEBUG: 15:43:44.340: snapshot symbolic icon using mask
(dinox:2): Gtk-DEBUG: 15:43:44.340: snapshot symbolic icon using mask
(dinox:2): Gtk-DEBUG: 15:43:44.341: snapshot symbolic icon using mask
(dinox:2): Gtk-DEBUG: 15:43:44.341: snapshot symbolic icon using mask
(dinox:2): Gtk-DEBUG: 15:43:44.342: snapshot symbolic icon using mask
(dinox:2): Gtk-DEBUG: 15:43:44.342: snapshot symbolic icon using mask
(dinox:2): Gtk-DEBUG: 15:43:44.342: snapshot symbolic icon using mask
(dinox:2): xmpp-vala-DEBUG: 15:43:44.525: stream_connect.vala:53: Got no xmpps-client DNS records for chat.handwerker.jetzt: Kein DNS-Eintrag des angeforderten Typs für »_xmpps-client._tcp.chat.handwerker.jetzt«
(dinox:2): xmpp-vala-DEBUG: 15:43:44.526: starttls_xmpp_stream.vala:19: Connecting to chat.handwerker.jetzt:5222 (starttls)
(dinox:2): GLib-GIO-DEBUG: 15:43:44.531: _g_io_module_get_default: Found default implementation portal (GProxyResolverPortal) for ‘gio-proxy-resolver’
(dinox:2): GLib-GIO-DEBUG: 15:43:44.531: g_socket_client_connect_async: starting new g_socket_client_connect_async() with GTask 0x58740dfe3a40 and GSocketClientAsyncConnectData 0x58740cdb8fd0
(dinox:2): GLib-GIO-DEBUG: 15:43:44.532: GSocketClient: Starting new address enumeration
(dinox:2): GLib-GIO-DEBUG: 15:43:44.533: lookup_by_name_with_flags_async: starting new lookup for chat.handwerker.jetzt with GTask 0x58740dfe1850, LookupData 0x58740d23b880
(dinox:2): GLib-GIO-DEBUG: 15:43:44.533: lookup_by_name_with_flags_async: starting new lookup for chat.handwerker.jetzt with GTask 0x58740dfe1910, LookupData 0x58740dfe3b00
(dinox:2): dino-DEBUG: 15:43:44.535: video_player_widget.vala:262: VideoPlayerWidget: Media file prepared: 5163c93a_78575668112__E562FCDA-F1D7-44A3-80CB-4F5437A03CC0.MOV (has_video: true, has_audio: true)
(dinox:2): dino-DEBUG: 15:43:44.536: video_player_widget.vala:262: VideoPlayerWidget: Media file prepared: a84e8f5e_inventar3-2025-11-08_10.52.23.mkv (has_video: true, has_audio: false)
Systray: Successfully registered with org.kde.StatusNotifierWatcher as :1.1779
(dinox:2): Gtk-DEBUG: 15:43:44.537: Registering resource for Emoji data for de from file /usr/share/gtk-4.0/emoji/de.gresource
(dinox:2): Gtk-DEBUG: 15:43:44.537: Found emoji data for de in resource /org/gtk/libgtk/emoji/de.data
(dinox:2): Gtk-DEBUG: 15:43:44.538: Found emoji data for de in resource /org/gtk/libgtk/emoji/de.data
(dinox:2): GLib-GIO-DEBUG: 15:43:44.586: IPv6 DNS error: Fehler beim Auflösen von »chat.handwerker.jetzt«: Zu diesem Hostnamen gehört keine Adresse
(dinox:2): GLib-GIO-DEBUG: 15:43:44.587: GSocketClient: Address enumeration succeeded
(dinox:2): GLib-GIO-DEBUG: 15:43:44.587: g_socket_client_enumerator_callback: starting connection attempt 0x58740c9d5e10 for GSocketClientAsyncConnectData 0x58740cdb8fd0
(dinox:2): GLib-GIO-DEBUG: 15:43:44.587: GSocketClient: Starting TCP connection attempt
(dinox:2): Gtk-DEBUG: 15:43:44.608: snapshot symbolic icon using mask
(dinox:2): Gtk-DEBUG: 15:43:44.608: snapshot symbolic icon using mask
(dinox:2): Gtk-DEBUG: 15:43:44.608: snapshot symbolic icon using mask
(dinox:2): Gtk-DEBUG: 15:43:44.609: snapshot symbolic icon using mask
(dinox:2): Gtk-DEBUG: 15:43:44.609: snapshot symbolic icon using mask
(dinox:2): Gtk-DEBUG: 15:43:44.609: snapshot symbolic icon using mask
(dinox:2): Gtk-DEBUG: 15:43:44.609: snapshot symbolic icon using mask
(dinox:2): Gtk-DEBUG: 15:43:44.610: snapshot symbolic icon using mask
(dinox:2): Gtk-DEBUG: 15:43:44.610: snapshot symbolic icon using mask
(dinox:2): Gtk-DEBUG: 15:43:44.610: snapshot symbolic icon using mask
(dinox:2): Gtk-DEBUG: 15:43:44.610: snapshot symbolic icon using mask
(dinox:2): Gtk-DEBUG: 15:43:44.610: snapshot symbolic icon using mask
(dinox:2): GLib-GIO-DEBUG: 15:43:44.635: GSocketClient: TCP connection successful
(dinox:2): GLib-GIO-DEBUG: 15:43:44.635: GSocketClient: Starting application layer connection
(dinox:2): GLib-GIO-DEBUG: 15:43:44.635: GSocketClient: Connection successful!
(dinox:2): GLib-GIO-DEBUG: 15:43:44.685: _g_io_module_get_default: Found default implementation gnutls (GTlsBackendGnutls) for ‘gio-tls-backend’
(dinox:2): libdino-DEBUG: 15:43:45.006: connection_manager.vala:241: [carl@chat.handwerker.jetzt/dino.92acb1f] New connection: 0x58740e06f8d0
(dinox:2): libdino-DEBUG: 15:43:45.156: history_sync.vala:34: MAM: [carl@chat.handwerker.jetzt] Reset catchup_id
(dinox:2): libdino-DEBUG: 15:43:45.222: history_sync.vala:493: [carl@chat.handwerker.jetzt] MAM available
(dinox:2): libdino-DEBUG: 15:43:45.222: history_sync.vala:124: [carl@chat.handwerker.jetzt | carl@chat.handwerker.jetzt] Fetch everything (until 1970-01-01T00:00:00+0000)
(dinox:2): libdino-DEBUG: 15:43:45.222: history_sync.vala:199: [carl@chat.handwerker.jetzt | carl@chat.handwerker.jetzt] Fetching latest page
(dinox:2): libdino-DEBUG: 15:43:45.235: muc_manager.vala:623: [carl@chat.handwerker.jetzt] Using PEP native bookmarks (urn:xmpp:bookmarks:1)
(dinox:2): OMEMO-DEBUG: 15:43:45.270: manager.vala:231: received device list for carl@chat.handwerker.jetzt from ralf@chat.handwerker.jetzt
(dinox:2): OMEMO-DEBUG: 15:43:45.287: manager.vala:231: received device list for carl@chat.handwerker.jetzt from test@chat.handwerker.jetzt
(dinox:2): OMEMO-DEBUG: 15:43:45.360: manager.vala:231: received device list for carl@chat.handwerker.jetzt from carl@chat.handwerker.jetzt
(dinox:2): OMEMO-DEBUG: 15:43:45.380: manager.vala:231: received device list for carl@chat.handwerker.jetzt from carl@chat.handwerker.jetzt
(dinox:2): ice-DEBUG: 15:43:45.396: plugin.vala:46: Server offers STUN server: 212.87.214.35:3478, resolved to 212.87.214.35
(dinox:2): ice-DEBUG: 15:43:45.396: plugin.vala:50: Server offers TURN server: 212.87.214.35:3478, resolved to 212.87.214.35
(dinox:2): ice-DEBUG: 15:43:45.396: plugin.vala:73: Re-fetching TURN credentials in 21600 sec
(dinox:2): libdino-DEBUG: 15:43:45.524: muc_manager.vala:574: [carl@chat.handwerker.jetzt] Default MUC: conference.chat.handwerker.jetzt
(dinox:2): Gtk-DEBUG: 15:43:45.554: snapshot symbolic icon using mask
(dinox:2): Gtk-DEBUG: 15:43:45.623: snapshot symbolic icon using mask
(dinox:2): libdino-DEBUG: 15:43:45.635: history_sync.vala:124: [carl@chat.handwerker.jetzt | privat@conference.chat.handwerker.jetzt] Fetch everything (until 2025-11-20T08:21:54+0000)
(dinox:2): libdino-DEBUG: 15:43:45.636: history_sync.vala:199: [carl@chat.handwerker.jetzt | privat@conference.chat.handwerker.jetzt] Fetching latest page
(dinox:2): libdino-DEBUG: 15:43:46.932: history_sync.vala:220: [carl@chat.handwerker.jetzt | privat@conference.chat.handwerker.jetzt] Latest page result: DINO_HISTORY_SYNC_PAGE_RESULT_TargetReached
(dinox:2): libdino-DEBUG: 15:43:46.932: history_sync.vala:185: [carl@chat.handwerker.jetzt | privat@conference.chat.handwerker.jetzt] No logs on server before 1764058241, aborting sync.
(dinox:2): libdino-DEBUG: 15:43:46.933: history_sync.vala:220: [carl@chat.handwerker.jetzt | carl@chat.handwerker.jetzt] Latest page result: DINO_HISTORY_SYNC_PAGE_RESULT_TargetReached
(dinox:2): libdino-DEBUG: 15:43:46.933: history_sync.vala:191: [carl@chat.handwerker.jetzt | carl@chat.handwerker.jetzt] Current range starting 0 is before limit 0, aborting sync.
(dinox:2): Gtk-DEBUG: 15:43:48.131: snapshot symbolic icon using mask
(dinox:2): Gtk-DEBUG: 15:43:48.131: snapshot symbolic icon using mask
(dinox:2): rtp-DEBUG: 15:43:51.243: plugin.vala:100: Creating call pipe.
(dinox:2): rtp-DEBUG: 15:43:51.482: video_widget.vala:205: Video widget 0x587410d5ea00 created. total=1
(dinox:2): dino-DEBUG: 15:43:51.482: call_window_controller.vala:247: [carl@chat.handwerker.jetzt] Call window controller | Add participant: ralf@chat.handwerker.jetzt
(dinox:2): rtp-DEBUG: 15:43:51.485: video_widget.vala:205: Video widget 0x587410d90660 created. total=2
(dinox:2): rtp-DEBUG: 15:43:51.485: plugin.vala:438: Max framerate for device REC 600 HD Webcam (V4L2): 60
(dinox:2): rtp-DEBUG: 15:43:51.485: plugin.vala:471: Using REC 600 HD Webcam (V4L2) for outgoing video as it has max FPS (60)
(dinox:2): rtp-DEBUG: 15:43:51.487: device.vala:479: Creating device pipewiredevice0
(dinox:2): rtp-DEBUG: 15:43:51.487: device.vala:461: Selected caps video/x-raw, format=(string)YUY2, width=(int)800, height=(int)480, framerate=(fraction)30/1
(dinox:2): rtp-DEBUG: 15:43:51.490: plugin.vala:48: Continue pipe after modifications
(dinox:2): rtp-DEBUG: 15:43:51.589: video_widget.vala:219: Input resolution changed: 800x480
(dinox:2): rtp-DEBUG: 15:43:51.592: plugin.vala:455: Using Audio Adapter (Unitek Y-247A) Mono for outgoing audio as it's default
(dinox:2): rtp-DEBUG: 15:43:51.593: plugin.vala:455: Using Audio Adapter (Unitek Y-247A) Analoges Stereo for incoming audio as it's default
(dinox:2): rtp-DEBUG: 15:43:51.613: plugin.vala:219: New clock.
(dinox:2): rtp-DEBUG: 15:43:51.613: plugin.vala:234: Latency message from dinopluginsrtpsink0: live=true, min_latency=15000000, max_latency=18446744073709551615
(dinox:2): rtp-DEBUG: 15:43:51.614: plugin.vala:209: pipewiredevice0 stream changed status to GST_STREAM_STATUS_TYPE_CREATE
(dinox:2): rtp-DEBUG: 15:43:51.614: plugin.vala:209: pipewiredevice0 stream changed status to GST_STREAM_STATUS_TYPE_ENTER
(dinox:2): rtp-DEBUG: 15:43:51.614: plugin.vala:239: Pipe bus message: GST_MESSAGE_STREAM_START
(dinox:2): Gtk-DEBUG: 15:43:51.622: snapshot symbolic icon using color-matrix
(dinox:2): Gtk-DEBUG: 15:43:51.649: snapshot symbolic icon using mask
(dinox:2): Gtk-DEBUG: 15:43:51.649: snapshot symbolic icon using mask
(dinox:2): Gtk-DEBUG: 15:43:51.649: snapshot symbolic icon using mask
(dinox:2): Gtk-DEBUG: 15:43:51.649: snapshot symbolic icon using mask
(dinox:2): Gtk-DEBUG: 15:43:51.649: snapshot symbolic icon using mask
(dinox:2): Gtk-DEBUG: 15:43:51.649: snapshot symbolic icon using mask
(dinox:2): Gtk-DEBUG: 15:43:51.649: snapshot symbolic icon using mask
(dinox:2): Gtk-DEBUG: 15:43:51.649: snapshot symbolic icon using mask
(dinox:2): rtp-DEBUG: 15:43:51.914: plugin.vala:234: Latency message from dinopluginsrtpsink0: live=true, min_latency=15000000, max_latency=18446744073709551615

(dinox:2): rtp-WARNING **: 15:43:53.302: plugin.vala:193: Warning in pipeline: Es werden viele Puffer verworfen.
(dinox:2): rtp-DEBUG: 15:43:53.302: plugin.vala:194: ../libs/gst/base/gstbasesink.c(3147): gst_base_sink_is_too_late (): /GstPipeline:pipeline0/DinoPluginsRtpSink:dinopluginsrtpsink0:
There may be a timestamping problem, or this computer is too slow.

(dinox:2): rtp-WARNING **: 15:43:54.398: plugin.vala:193: Warning in pipeline: Es werden viele Puffer verworfen.
(dinox:2): rtp-DEBUG: 15:43:54.398: plugin.vala:194: ../libs/gst/base/gstbasesink.c(3147): gst_base_sink_is_too_late (): /GstPipeline:pipeline0/DinoPluginsRtpSink:dinopluginsrtpsink0:
There may be a timestamping problem, or this computer is too slow.

(dinox:2): rtp-WARNING **: 15:43:55.494: plugin.vala:193: Warning in pipeline: Es werden viele Puffer verworfen.
(dinox:2): rtp-DEBUG: 15:43:55.494: plugin.vala:194: ../libs/gst/base/gstbasesink.c(3147): gst_base_sink_is_too_late (): /GstPipeline:pipeline0/DinoPluginsRtpSink:dinopluginsrtpsink0:
There may be a timestamping problem, or this computer is too slow.

(dinox:2): rtp-WARNING **: 15:43:56.590: plugin.vala:193: Warning in pipeline: Es werden viele Puffer verworfen.
(dinox:2): rtp-DEBUG: 15:43:56.590: plugin.vala:194: ../libs/gst/base/gstbasesink.c(3147): gst_base_sink_is_too_late (): /GstPipeline:pipeline0/DinoPluginsRtpSink:dinopluginsrtpsink0:
There may be a timestamping problem, or this computer is too slow.

(dinox:2): rtp-WARNING **: 15:43:57.682: plugin.vala:193: Warning in pipeline: Es werden viele Puffer verworfen.
(dinox:2): rtp-DEBUG: 15:43:57.682: plugin.vala:194: ../libs/gst/base/gstbasesink.c(3147): gst_base_sink_is_too_late (): /GstPipeline:pipeline0/DinoPluginsRtpSink:dinopluginsrtpsink0:
There may be a timestamping problem, or this computer is too slow.

(dinox:2): rtp-WARNING **: 15:43:59.674: plugin.vala:193: Warning in pipeline: Es werden viele Puffer verworfen.
(dinox:2): rtp-DEBUG: 15:43:59.674: plugin.vala:194: ../libs/gst/base/gstbasesink.c(3147): gst_base_sink_is_too_late (): /GstPipeline:pipeline0/DinoPluginsRtpSink:dinopluginsrtpsink0:
There may be a timestamping problem, or this computer is too slow.

(dinox:2): rtp-WARNING **: 15:44:00.770: plugin.vala:193: Warning in pipeline: Es werden viele Puffer verworfen.
(dinox:2): rtp-DEBUG: 15:44:00.770: plugin.vala:194: ../libs/gst/base/gstbasesink.c(3147): gst_base_sink_is_too_late (): /GstPipeline:pipeline0/DinoPluginsRtpSink:dinopluginsrtpsink0:
There may be a timestamping problem, or this computer is too slow.

(dinox:2): rtp-WARNING **: 15:44:01.866: plugin.vala:193: Warning in pipeline: Es werden viele Puffer verworfen.
(dinox:2): rtp-DEBUG: 15:44:01.866: plugin.vala:194: ../libs/gst/base/gstbasesink.c(3147): gst_base_sink_is_too_late (): /GstPipeline:pipeline0/DinoPluginsRtpSink:dinopluginsrtpsink0:
There may be a timestamping problem, or this computer is too slow.

(dinox:2): rtp-WARNING **: 15:44:02.958: plugin.vala:193: Warning in pipeline: Es werden viele Puffer verworfen.
(dinox:2): rtp-DEBUG: 15:44:02.958: plugin.vala:194: ../libs/gst/base/gstbasesink.c(3147): gst_base_sink_is_too_late (): /GstPipeline:pipeline0/DinoPluginsRtpSink:dinopluginsrtpsink0:
There may be a timestamping problem, or this computer is too slow.

(dinox:2): rtp-WARNING **: 15:44:04.054: plugin.vala:193: Warning in pipeline: Es werden viele Puffer verworfen.
(dinox:2): rtp-DEBUG: 15:44:04.054: plugin.vala:194: ../libs/gst/base/gstbasesink.c(3147): gst_base_sink_is_too_late (): /GstPipeline:pipeline0/DinoPluginsRtpSink:dinopluginsrtpsink0:
There may be a timestamping problem, or this computer is too slow.

(dinox:2): rtp-WARNING **: 15:44:05.150: plugin.vala:193: Warning in pipeline: Es werden viele Puffer verworfen.
(dinox:2): rtp-DEBUG: 15:44:05.150: plugin.vala:194: ../libs/gst/base/gstbasesink.c(3147): gst_base_sink_is_too_late (): /GstPipeline:pipeline0/DinoPluginsRtpSink:dinopluginsrtpsink0:
There may be a timestamping problem, or this computer is too slow.

(dinox:2): rtp-WARNING **: 15:44:06.246: plugin.vala:193: Warning in pipeline: Es werden viele Puffer verworfen.
(dinox:2): rtp-DEBUG: 15:44:06.246: plugin.vala:194: ../libs/gst/base/gstbasesink.c(3147): gst_base_sink_is_too_late (): /GstPipeline:pipeline0/DinoPluginsRtpSink:dinopluginsrtpsink0:
There may be a timestamping problem, or this computer is too slow.
(dinox:2): libdino-DEBUG: 15:44:06.654: call_state.vala:297: [carl@chat.handwerker.jetzt] Renaming ralf@chat.handwerker.jetzt to ralf@chat.handwerker.jetzt/Monal-iOS.1d5a769a exists true
(dinox:2): rtp-DEBUG: 15:44:06.731: module.vala:92: using opusenc to encode opus
(dinox:2): rtp-DEBUG: 15:44:06.797: module.vala:106: using opusdec to decode opus
(dinox:2): rtp-DEBUG: 15:44:06.885: module.vala:92: using speexenc to encode speex

(dinox:2): GStreamer-WARNING **: 15:44:06.887: ../gst/gstpad.c:4736:gst_pad_push_data:<encode-speex-112518224_rtp_depay:src> Got data flow before segment event

(dinox:2): GStreamer-WARNING **: 15:44:06.887: ../gst/gstpad.c:4463:gst_pad_chain_data_unchecked:<encode-speex-112518224_speex_decode:sink> Got data flow before segment event
(dinox:2): rtp-DEBUG: 15:44:06.964: module.vala:106: using speexdec to decode speex
(dinox:2): rtp-DEBUG: 15:44:07.051: module.vala:92: using avenc_g722 to encode g722
(dinox:2): rtp-DEBUG: 15:44:07.138: module.vala:106: using avdec_g722 to decode g722
(dinox:2): rtp-DEBUG: 15:44:07.295: module.vala:92: using mulawenc to encode pcmu

(dinox:2): rtp-WARNING **: 15:44:07.342: plugin.vala:193: Warning in pipeline: Es werden viele Puffer verworfen.
(dinox:2): rtp-DEBUG: 15:44:07.342: plugin.vala:194: ../libs/gst/base/gstbasesink.c(3147): gst_base_sink_is_too_late (): /GstPipeline:pipeline0/DinoPluginsRtpSink:dinopluginsrtpsink0:
There may be a timestamping problem, or this computer is too slow.
(dinox:2): rtp-DEBUG: 15:44:07.446: module.vala:106: using mulawdec to decode pcmu
(dinox:2): rtp-DEBUG: 15:44:07.604: module.vala:92: using alawenc to encode pcma
(dinox:2): rtp-DEBUG: 15:44:07.755: module.vala:106: using alawdec to decode pcma
(dinox:2): ice-DEBUG: 15:44:07.777: module.vala:27: STUN server for libnice 212.87.214.35 3478
(dinox:2): libnice-DEBUG: 15:44:07.779: Agent 0x587411038cd0 : Property set, role is already "controlling".
(dinox:2): libnice-DEBUG: 15:44:07.779: Created NiceStream (1 created, 0 destroyed)
(dinox:2): ice-DEBUG: 15:44:07.779: dtls_srtp.vala:150: Setting up DTLS connection. We're DINO_PLUGINS_ICE_DTLS_SRTP_MODE_SERVER
(dinox:2): libnice-DEBUG: 15:44:07.779: Created NiceComponent (1 created, 0 destroyed)
(dinox:2): libnice-DEBUG: 15:44:07.779: Created NiceComponent (2 created, 0 destroyed)
(dinox:2): libnice-DEBUG: 15:44:07.779: Agent 0x587411038cd0 : allocating stream id 1 (0x587411040f80)
(dinox:2): libnice-DEBUG: 15:44:07.779: Agent 0x587411038cd0: added relay server [212.87.214.35]:3478 of type 0 to s/c 1/1 with user/pass : 1764125025:b6048fa7aecbd69b -- fF7DNrPnPC1Xp9EZDJpY1C+CJHU=
(dinox:2): ice-DEBUG: 15:44:07.779: transport_parameters.vala:110: TURN info (component 1) 212.87.214.35:3478
(dinox:2): libnice-DEBUG: 15:44:07.779: Agent 0x587411038cd0: added relay server [212.87.214.35]:3478 of type 0 to s/c 1/2 with user/pass : 1764125025:b6048fa7aecbd69b -- fF7DNrPnPC1Xp9EZDJpY1C+CJHU=
(dinox:2): ice-DEBUG: 15:44:07.779: transport_parameters.vala:110: TURN info (component 2) 212.87.214.35:3478
(dinox:2): xmpp-vala-DEBUG: 15:44:07.779: transport_parameters.vala:61: Initialized for JejBG5c8koIz4lNZZPafj6
(dinox:2): libnice-DEBUG: 15:44:07.779: Agent 0x587411038cd0 : In ICE-FULL mode, starting candidate gathering.
(dinox:2): libnice-DEBUG: 15:44:07.779: Interface:  lo
(dinox:2): libnice-DEBUG: 15:44:07.779: IP Address: 127.0.0.1
(dinox:2): libnice-DEBUG: 15:44:07.779: Ignoring loopback interface
(dinox:2): libnice-DEBUG: 15:44:07.779: Interface:  wlx08beac0b1ab4
(dinox:2): libnice-DEBUG: 15:44:07.779: IP Address: 10.0.50.15
(dinox:2): libnice-DEBUG: 15:44:07.779: Interface:  lo
(dinox:2): libnice-DEBUG: 15:44:07.779: IP Address: ::1
(dinox:2): libnice-DEBUG: 15:44:07.779: Ignoring loopback interface
(dinox:2): libnice-DEBUG: 15:44:07.780: Interface:  wlx08beac0b1ab4
(dinox:2): libnice-DEBUG: 15:44:07.780: IP Address: fe80::abe:acff:fe0b:1ab4%wlx08beac0b1ab4
(dinox:2): libnice-DEBUG: 15:44:07.780: Agent:0x587411038cd0 s:1: Resolving STUN server 212.87.214.35
(dinox:2): libnice-DEBUG: 15:44:07.780: Interface:  lo
(dinox:2): libnice-DEBUG: 15:44:07.780: IP Address: 127.0.0.1
(dinox:2): libnice-DEBUG: 15:44:07.780: Interface:  wlx08beac0b1ab4
(dinox:2): libnice-DEBUG: 15:44:07.780: IP Address: 10.0.50.15
(dinox:2): libnice-DEBUG: 15:44:07.780: Interface:  lo
(dinox:2): libnice-DEBUG: 15:44:07.780: IP Address: ::1
(dinox:2): libnice-DEBUG: 15:44:07.780: Interface:  wlx08beac0b1ab4
(dinox:2): libnice-DEBUG: 15:44:07.780: IP Address: fe80::abe:acff:fe0b:1ab4%wlx08beac0b1ab4
(dinox:2): libnice-DEBUG: 15:44:07.780: Agent 0x587411038cd0: Could not set IPV6 socket ToS: Das Protokoll ist nicht verfügbar
(dinox:2): libnice-DEBUG: 15:44:07.780: Component 0x587411333d60: Attach source (stream 1).
(dinox:2): libnice-DEBUG: 15:44:07.780: Attaching source 0x5874113028d0 (socket 0x58740d12cb10, FD 232) to context 0x5874112fd4c0
(dinox:2): libnice-DEBUG: 15:44:07.780: Agent 0x587411038cd0: s1/c1: creation of host candidate udp:[10.0.50.15]:0: success
(dinox:2): libnice-DEBUG: 15:44:07.780: Agent 0x587411038cd0 : libnice compiled without GUPnP support
(dinox:2): libnice-DEBUG: 15:44:07.780: Agent 0x587411038cd0 : Adding new relay-rflx candidate discovery 0x58741137a660
(dinox:2): libnice-DEBUG: 15:44:07.780: Interface:  lo
(dinox:2): libnice-DEBUG: 15:44:07.780: IP Address: 127.0.0.1
(dinox:2): libnice-DEBUG: 15:44:07.780: Interface:  wlx08beac0b1ab4
(dinox:2): libnice-DEBUG: 15:44:07.780: IP Address: 10.0.50.15
(dinox:2): libnice-DEBUG: 15:44:07.780: Interface:  lo
(dinox:2): libnice-DEBUG: 15:44:07.780: IP Address: ::1
(dinox:2): libnice-DEBUG: 15:44:07.780: Interface:  wlx08beac0b1ab4
(dinox:2): libnice-DEBUG: 15:44:07.780: IP Address: fe80::abe:acff:fe0b:1ab4%wlx08beac0b1ab4
(dinox:2): libnice-DEBUG: 15:44:07.780: Component 0x587411333d60: Attach source (stream 1).
(dinox:2): libnice-DEBUG: 15:44:07.780: Attaching source 0x587411309000 (socket 0x587411302b00, FD 233) to context 0x5874112fd4c0
(dinox:2): libnice-DEBUG: 15:44:07.780: Agent 0x587411038cd0: s1/c1: creation of host candidate udp:[fe80::abe:acff:fe0b:1ab4]:0: success
(dinox:2): libnice-DEBUG: 15:44:07.780: Agent 0x587411038cd0 : stream 1 component 1 STATE-CHANGE disconnected -> gathering.
(dinox:2): libnice-DEBUG: 15:44:07.780: Interface:  lo
(dinox:2): libnice-DEBUG: 15:44:07.780: IP Address: 127.0.0.1
(dinox:2): libnice-DEBUG: 15:44:07.780: Interface:  wlx08beac0b1ab4
(dinox:2): libnice-DEBUG: 15:44:07.780: IP Address: 10.0.50.15
(dinox:2): libnice-DEBUG: 15:44:07.780: Interface:  lo
(dinox:2): libnice-DEBUG: 15:44:07.780: IP Address: ::1
(dinox:2): libnice-DEBUG: 15:44:07.780: Interface:  wlx08beac0b1ab4
(dinox:2): libnice-DEBUG: 15:44:07.780: IP Address: fe80::abe:acff:fe0b:1ab4%wlx08beac0b1ab4
(dinox:2): libnice-DEBUG: 15:44:07.780: Agent 0x587411038cd0: Could not set IPV6 socket ToS: Das Protokoll ist nicht verfügbar
(dinox:2): libnice-DEBUG: 15:44:07.780: Component 0x5874113571e0: Attach source (stream 1).
(dinox:2): libnice-DEBUG: 15:44:07.781: Attaching source 0x587411310670 (socket 0x587411309130, FD 234) to context 0x5874112fd4c0
(dinox:2): libnice-DEBUG: 15:44:07.781: Agent 0x587411038cd0: s1/c2: creation of host candidate udp:[10.0.50.15]:0: success
(dinox:2): libnice-DEBUG: 15:44:07.781: Agent 0x587411038cd0 : Adding new relay-rflx candidate discovery 0x58741138de90
(dinox:2): libnice-DEBUG: 15:44:07.781: Interface:  lo
(dinox:2): libnice-DEBUG: 15:44:07.781: IP Address: 127.0.0.1
(dinox:2): libnice-DEBUG: 15:44:07.781: Interface:  wlx08beac0b1ab4
(dinox:2): libnice-DEBUG: 15:44:07.781: IP Address: 10.0.50.15
(dinox:2): libnice-DEBUG: 15:44:07.781: Interface:  lo
(dinox:2): libnice-DEBUG: 15:44:07.781: IP Address: ::1
(dinox:2): libnice-DEBUG: 15:44:07.781: Interface:  wlx08beac0b1ab4
(dinox:2): libnice-DEBUG: 15:44:07.781: IP Address: fe80::abe:acff:fe0b:1ab4%wlx08beac0b1ab4
(dinox:2): libnice-DEBUG: 15:44:07.781: Component 0x5874113571e0: Attach source (stream 1).
(dinox:2): libnice-DEBUG: 15:44:07.781: Attaching source 0x587411310ae0 (socket 0x587411310890, FD 235) to context 0x5874112fd4c0
(dinox:2): libnice-DEBUG: 15:44:07.781: Agent 0x587411038cd0: s1/c2: creation of host candidate udp:[fe80::abe:acff:fe0b:1ab4]:0: success
(dinox:2): libnice-DEBUG: 15:44:07.781: Agent 0x587411038cd0 : stream 1 component 2 STATE-CHANGE disconnected -> gathering.
(dinox:2): libnice-DEBUG: 15:44:07.781: Agent 0x587411038cd0 : discovery tick #1 with list 0x587410d76110 (1)
(dinox:2): libnice-DEBUG: 15:44:07.781: Agent 0x587411038cd0 : discovery - scheduling cand type 3 addr 212.87.214.35.
(dinox:2): ice-DEBUG: 15:44:07.781: transport_parameters.vala:265: stream 1 component 1 state changed to gathering
(dinox:2): ice-DEBUG: 15:44:07.781: transport_parameters.vala:265: stream 1 component 2 state changed to gathering
(dinox:2): xmpp-vala-DEBUG: 15:44:07.781: transport_parameters.vala:144: New local candidate 1 host 10.0.50.15:43605
(dinox:2): xmpp-vala-DEBUG: 15:44:07.781: transport_parameters.vala:144: New local candidate 2 host 10.0.50.15:39707
(dinox:2): libnice-DEBUG: 15:44:07.799: Agent:0x587411038cd0 s:1: Resolving STUN server 212.87.214.35
(dinox:2): libnice-DEBUG: 15:44:07.799: Agent 0x587411038cd0: s:1: Resolved STUN server 212.87.214.35 to 212.87.214.35
(dinox:2): libnice-DEBUG: 15:44:07.799: Agent 0x587411038cd0 : Adding new srv-rflx candidate discovery 0x5874113b9d30
(dinox:2): libnice-DEBUG: 15:44:07.799: Agent 0x587411038cd0 : Adding new srv-rflx candidate discovery 0x5874113cd560
(dinox:2): libnice-DEBUG: 15:44:07.801: Agent 0x587411038cd0 : discovery - scheduling cand type 3 addr 212.87.214.35.
(dinox:2): libnice-DEBUG: 15:44:07.809: agent_recv_message_unlocked: Agent 0x587411038cd0 : Packet received on local socket 0x58740d12cb10 (fd 232) from [212.87.214.35]:3478 (104 octets).
(dinox:2): libnice-DEBUG: 15:44:07.809: compact_input_message: **WARNING: SLOW PATH**
(dinox:2): libnice-DEBUG: 15:44:07.809: Message 0x7206b33fa980 (from: 0x7206b33f9f90, length: 104)
(dinox:2): libnice-DEBUG: 15:44:07.809: 	Buffer 0x5874113371c0 (length: 65535)
(dinox:2): libnice-DEBUG: 15:44:07.809: Agent 0x587411038cd0: inbound STUN packet for 1/1 (stream/component) from [212.87.214.35]:3478 (104 octets) :
(dinox:2): libnice-stun-DEBUG: 15:44:07.809: STUN demux error: no FINGERPRINT attribute!
(dinox:2): libnice-stun-DEBUG: 15:44:07.809: STUN unknown: 0 mandatory attribute(s)!
(dinox:2): libnice-stun-DEBUG: 15:44:07.809:  STUN error message received (code: 401)
(dinox:2): libnice-DEBUG: 15:44:07.809: Agent 0x587411038cd0 : stun_turn_process/disc for 0x58741137a660 res 2.
(dinox:2): libnice-DEBUG: 15:44:07.809: agent_recv_message_unlocked: Valid STUN packet received.
(dinox:2): libnice-DEBUG: 15:44:07.809: agent_recv_message_unlocked: Agent 0x587411038cd0: no message available on read attempt
(dinox:2): libnice-DEBUG: 15:44:07.809: component_io_cb: 0x587411038cd0: no message available on read attempt
(dinox:2): libnice-DEBUG: 15:44:07.821: Agent 0x587411038cd0 : discovery - scheduling cand type 3 addr 212.87.214.35.
(dinox:2): libnice-stun-DEBUG: 15:44:07.821:  Message HMAC-SHA1 message integrity:
(dinox:2): libnice-stun-DEBUG: 15:44:07.821:   key     : 0x664637444e72506e504331587039455a444a705931432b434a48553d
(dinox:2): libnice-stun-DEBUG: 15:44:07.821:   sent    : 0x10ecd6a9bf33dc5c31445136121aed7c24e4ddfd
(dinox:2): libnice-DEBUG: 15:44:07.835: agent_recv_message_unlocked: Agent 0x587411038cd0 : Packet received on local socket 0x587411309130 (fd 234) from [212.87.214.35]:3478 (104 octets).
(dinox:2): libnice-DEBUG: 15:44:07.835: compact_input_message: **WARNING: SLOW PATH**
(dinox:2): libnice-DEBUG: 15:44:07.835: Message 0x7206b33fa980 (from: 0x7206b33f9f90, length: 104)
(dinox:2): libnice-DEBUG: 15:44:07.835: 	Buffer 0x58741135a640 (length: 65535)
(dinox:2): libnice-DEBUG: 15:44:07.836: Agent 0x587411038cd0: inbound STUN packet for 1/2 (stream/component) from [212.87.214.35]:3478 (104 octets) :
(dinox:2): libnice-stun-DEBUG: 15:44:07.836: STUN demux error: no FINGERPRINT attribute!
(dinox:2): libnice-stun-DEBUG: 15:44:07.836: STUN unknown: 0 mandatory attribute(s)!
(dinox:2): libnice-stun-DEBUG: 15:44:07.836:  STUN error message received (code: 401)
(dinox:2): libnice-DEBUG: 15:44:07.836: Agent 0x587411038cd0 : stun_turn_process/disc for 0x58741138de90 res 2.
(dinox:2): libnice-DEBUG: 15:44:07.836: agent_recv_message_unlocked: Valid STUN packet received.
(dinox:2): libnice-DEBUG: 15:44:07.836: agent_recv_message_unlocked: Agent 0x587411038cd0: no message available on read attempt
(dinox:2): libnice-DEBUG: 15:44:07.836: component_io_cb: 0x587411038cd0: no message available on read attempt
(dinox:2): libnice-DEBUG: 15:44:07.841: Agent 0x587411038cd0 : discovery - scheduling cand type 3 addr 212.87.214.35.
(dinox:2): libnice-stun-DEBUG: 15:44:07.841:  Message HMAC-SHA1 message integrity:
(dinox:2): libnice-stun-DEBUG: 15:44:07.842:   key     : 0x664637444e72506e504331587039455a444a705931432b434a48553d
(dinox:2): libnice-stun-DEBUG: 15:44:07.842:   sent    : 0xdc9d6ca549b86caa1d556514aaf144d2d63ee587
(dinox:2): libnice-DEBUG: 15:44:07.848: agent_recv_message_unlocked: Agent 0x587411038cd0 : Packet received on local socket 0x58740d12cb10 (fd 232) from [212.87.214.35]:3478 (96 octets).
(dinox:2): libnice-DEBUG: 15:44:07.848: compact_input_message: **WARNING: SLOW PATH**
(dinox:2): libnice-DEBUG: 15:44:07.848: Message 0x7206b33fa980 (from: 0x7206b33f9f90, length: 96)
(dinox:2): libnice-DEBUG: 15:44:07.848: 	Buffer 0x5874113371c0 (length: 65535)
(dinox:2): libnice-DEBUG: 15:44:07.848: Agent 0x587411038cd0: inbound STUN packet for 1/1 (stream/component) from [212.87.214.35]:3478 (96 octets) :
(dinox:2): libnice-stun-DEBUG: 15:44:07.848: STUN demux error: no FINGERPRINT attribute!
(dinox:2): libnice-stun-DEBUG: 15:44:07.848:  Message HMAC-SHA1 fingerprint:
(dinox:2): libnice-stun-DEBUG: 15:44:07.848:   key     : 0x664637444e72506e504331587039455a444a705931432b434a48553d
(dinox:2): libnice-stun-DEBUG: 15:44:07.848:   expected: 0x84fade5a6fddc7551b4d94ca94f37e40f2e65000
(dinox:2): libnice-stun-DEBUG: 15:44:07.849:   received: 0x84fade5a6fddc7551b4d94ca94f37e40f2e65000
(dinox:2): libnice-stun-DEBUG: 15:44:07.849: STUN auth: OK!
(dinox:2): libnice-stun-DEBUG: 15:44:07.849: STUN unknown: 0 mandatory attribute(s)!
(dinox:2): libnice-stun-DEBUG: 15:44:07.849: Received 96-bytes STUN message
(dinox:2): libnice-stun-DEBUG: 15:44:07.849:  Mapped address found!
(dinox:2): libnice-DEBUG: 15:44:07.849: Agent 0x587411038cd0 : stun_turn_process/disc for 0x58741137a660 res 1.
(dinox:2): libnice-DEBUG: 15:44:07.849: Interface:  lo
(dinox:2): libnice-DEBUG: 15:44:07.849: IP Address: 127.0.0.1
(dinox:2): libnice-DEBUG: 15:44:07.849: Interface:  wlx08beac0b1ab4
(dinox:2): libnice-DEBUG: 15:44:07.849: IP Address: 10.0.50.15
(dinox:2): libnice-DEBUG: 15:44:07.849: Interface:  lo
(dinox:2): libnice-DEBUG: 15:44:07.849: IP Address: ::1
(dinox:2): libnice-DEBUG: 15:44:07.849: Interface:  wlx08beac0b1ab4
(dinox:2): libnice-DEBUG: 15:44:07.849: IP Address: fe80::abe:acff:fe0b:1ab4%wlx08beac0b1ab4
(dinox:2): libnice-DEBUG: 15:44:07.849: Interface:  lo
(dinox:2): libnice-DEBUG: 15:44:07.849: IP Address: 127.0.0.1
(dinox:2): libnice-DEBUG: 15:44:07.849: Interface:  wlx08beac0b1ab4
(dinox:2): libnice-DEBUG: 15:44:07.849: IP Address: 10.0.50.15
(dinox:2): libnice-DEBUG: 15:44:07.849: Interface:  lo
(dinox:2): libnice-DEBUG: 15:44:07.849: IP Address: ::1
(dinox:2): libnice-DEBUG: 15:44:07.849: Interface:  wlx08beac0b1ab4
(dinox:2): libnice-DEBUG: 15:44:07.849: IP Address: fe80::abe:acff:fe0b:1ab4%wlx08beac0b1ab4
(dinox:2): libnice-DEBUG: 15:44:07.849: Component 0x587411333d60: Attach source (stream 1).
(dinox:2): libnice-DEBUG: 15:44:07.849: Agent 0x587411038cd0 : Adding new refresh candidate 0x720748028e20 with timeout 540
(dinox:2): libnice-DEBUG: 15:44:07.849: timer source is : 0x720748013bd0
(dinox:2): libnice-DEBUG: 15:44:07.849: agent_recv_message_unlocked: Valid STUN packet received.
(dinox:2): libnice-DEBUG: 15:44:07.849: agent_recv_message_unlocked: Agent 0x587411038cd0: no message available on read attempt
(dinox:2): libnice-DEBUG: 15:44:07.849: component_io_cb: 0x587411038cd0: no message available on read attempt
(dinox:2): xmpp-vala-DEBUG: 15:44:07.849: transport_parameters.vala:144: New local candidate 1 srflx 146.52.11.140:24407
(dinox:2): xmpp-vala-DEBUG: 15:44:07.849: transport_parameters.vala:144: New local candidate 1 relay 212.87.214.35:49152
(dinox:2): rtp-DEBUG: 15:44:07.858: module.vala:92: using vp8enc to encode vp8
(dinox:2): libnice-DEBUG: 15:44:07.868: Agent 0x587411038cd0 : discovery - scheduling cand type 1 addr 212.87.214.35.
(dinox:2): libnice-DEBUG: 15:44:07.878: agent_recv_message_unlocked: Agent 0x587411038cd0 : Packet received on local socket 0x587411309130 (fd 234) from [212.87.214.35]:3478 (96 octets).
(dinox:2): libnice-DEBUG: 15:44:07.878: compact_input_message: **WARNING: SLOW PATH**
(dinox:2): libnice-DEBUG: 15:44:07.878: Message 0x7206b33fa980 (from: 0x7206b33f9f90, length: 96)
(dinox:2): libnice-DEBUG: 15:44:07.878: 	Buffer 0x58741135a640 (length: 65535)
(dinox:2): libnice-DEBUG: 15:44:07.878: Agent 0x587411038cd0: inbound STUN packet for 1/2 (stream/component) from [212.87.214.35]:3478 (96 octets) :
(dinox:2): libnice-stun-DEBUG: 15:44:07.878: STUN demux error: no FINGERPRINT attribute!
(dinox:2): libnice-stun-DEBUG: 15:44:07.878:  Message HMAC-SHA1 fingerprint:
(dinox:2): libnice-stun-DEBUG: 15:44:07.878:   key     : 0x664637444e72506e504331587039455a444a705931432b434a48553d
(dinox:2): libnice-stun-DEBUG: 15:44:07.878:   expected: 0xd729b4866301435701f3b18b8b26798b99bc5ec5
(dinox:2): libnice-stun-DEBUG: 15:44:07.878:   received: 0xd729b4866301435701f3b18b8b26798b99bc5ec5
(dinox:2): libnice-stun-DEBUG: 15:44:07.878: STUN auth: OK!
(dinox:2): libnice-stun-DEBUG: 15:44:07.878: STUN unknown: 0 mandatory attribute(s)!
(dinox:2): libnice-stun-DEBUG: 15:44:07.878: Received 96-bytes STUN message
(dinox:2): libnice-stun-DEBUG: 15:44:07.878:  Mapped address found!
(dinox:2): libnice-DEBUG: 15:44:07.878: Agent 0x587411038cd0 : stun_turn_process/disc for 0x58741138de90 res 1.
(dinox:2): libnice-DEBUG: 15:44:07.878: Interface:  lo
(dinox:2): libnice-DEBUG: 15:44:07.878: IP Address: 127.0.0.1
(dinox:2): libnice-DEBUG: 15:44:07.878: Interface:  wlx08beac0b1ab4
(dinox:2): libnice-DEBUG: 15:44:07.878: IP Address: 10.0.50.15
(dinox:2): libnice-DEBUG: 15:44:07.878: Interface:  lo
(dinox:2): libnice-DEBUG: 15:44:07.879: IP Address: ::1
(dinox:2): libnice-DEBUG: 15:44:07.879: Interface:  wlx08beac0b1ab4
(dinox:2): libnice-DEBUG: 15:44:07.879: IP Address: fe80::abe:acff:fe0b:1ab4%wlx08beac0b1ab4
(dinox:2): libnice-DEBUG: 15:44:07.879: Interface:  lo
(dinox:2): libnice-DEBUG: 15:44:07.879: IP Address: 127.0.0.1
(dinox:2): libnice-DEBUG: 15:44:07.879: Interface:  wlx08beac0b1ab4
(dinox:2): libnice-DEBUG: 15:44:07.879: IP Address: 10.0.50.15
(dinox:2): libnice-DEBUG: 15:44:07.879: Interface:  lo
(dinox:2): libnice-DEBUG: 15:44:07.879: IP Address: ::1
(dinox:2): libnice-DEBUG: 15:44:07.879: Interface:  wlx08beac0b1ab4
(dinox:2): libnice-DEBUG: 15:44:07.879: IP Address: fe80::abe:acff:fe0b:1ab4%wlx08beac0b1ab4
(dinox:2): libnice-DEBUG: 15:44:07.879: Component 0x5874113571e0: Attach source (stream 1).
(dinox:2): libnice-DEBUG: 15:44:07.879: Agent 0x587411038cd0 : Adding new refresh candidate 0x720748050c30 with timeout 540
(dinox:2): libnice-DEBUG: 15:44:07.879: timer source is : 0x720748064480
(dinox:2): libnice-DEBUG: 15:44:07.879: agent_recv_message_unlocked: Valid STUN packet received.
(dinox:2): libnice-DEBUG: 15:44:07.879: agent_recv_message_unlocked: Agent 0x587411038cd0: no message available on read attempt
(dinox:2): libnice-DEBUG: 15:44:07.879: component_io_cb: 0x587411038cd0: no message available on read attempt
(dinox:2): xmpp-vala-DEBUG: 15:44:07.879: transport_parameters.vala:144: New local candidate 2 srflx 146.52.11.140:26505
(dinox:2): xmpp-vala-DEBUG: 15:44:07.879: transport_parameters.vala:144: New local candidate 2 relay 212.87.214.35:49170
(dinox:2): libnice-DEBUG: 15:44:07.888: Agent 0x587411038cd0 : discovery - scheduling cand type 1 addr 212.87.214.35.
(dinox:2): libnice-DEBUG: 15:44:07.892: agent_recv_message_unlocked: Agent 0x587411038cd0 : Packet received on local socket 0x58740d12cb10 (fd 232) from [212.87.214.35]:3478 (52 octets).
(dinox:2): libnice-DEBUG: 15:44:07.892: Agent 0x587411038cd0 : Packet received from TURN server candidate.
(dinox:2): libnice-stun-DEBUG: 15:44:07.892: STUN demux error: no cookie!
(dinox:2): libnice-DEBUG: 15:44:07.892: compact_input_message: **WARNING: SLOW PATH**
(dinox:2): libnice-DEBUG: 15:44:07.892: Message 0x7206b33fa980 (from: 0x7206b33f9f90, length: 52)
(dinox:2): libnice-DEBUG: 15:44:07.892: 	Buffer 0x5874113371c0 (length: 65535)
(dinox:2): libnice-DEBUG: 15:44:07.892: Agent 0x587411038cd0: inbound STUN packet for 1/1 (stream/component) from [212.87.214.35]:3478 (52 octets) :
(dinox:2): libnice-stun-DEBUG: 15:44:07.892: STUN demux error: no cookie!
(dinox:2): libnice-stun-DEBUG: 15:44:07.892: STUN demux error: no cookie!
(dinox:2): libnice-DEBUG: 15:44:07.892: Comparing r.sid=1 to sid=1, r.cid=1 to cid=1 and 0x58740d12cb10 and 0x720748014ff0 to 0x58740d12cb10
(dinox:2): libnice-stun-DEBUG: 15:44:07.892: STUN demux error: no cookie!
(dinox:2): libnice-DEBUG: 15:44:07.892: Validating gave 3
(dinox:2): libnice-DEBUG: 15:44:07.892: Agent 0x587411038cd0 : Incorrectly multiplexed STUN message ignored.
(dinox:2): libnice-DEBUG: 15:44:07.893: agent_recv_message_unlocked: Packet passed fast STUN validation but failed slow validation.
(dinox:2): libnice-DEBUG: 15:44:07.893: Agent 0x587411038cd0 : 1:1 DROPPING packet from unknown source 212.87.214.35:3478 sock-type: 0
(dinox:2): libnice-DEBUG: 15:44:07.893: agent_recv_message_unlocked: Agent 0x587411038cd0: no message available on read attempt
(dinox:2): libnice-DEBUG: 15:44:07.893: component_io_cb: 0x587411038cd0: no message available on read attempt
(dinox:2): libnice-DEBUG: 15:44:07.917: agent_recv_message_unlocked: Agent 0x587411038cd0 : Packet received on local socket 0x587411309130 (fd 234) from [212.87.214.35]:3478 (52 octets).
(dinox:2): libnice-DEBUG: 15:44:07.917: Agent 0x587411038cd0 : Packet received from TURN server candidate.
(dinox:2): libnice-stun-DEBUG: 15:44:07.917: STUN demux error: no cookie!
(dinox:2): libnice-DEBUG: 15:44:07.917: compact_input_message: **WARNING: SLOW PATH**
(dinox:2): libnice-DEBUG: 15:44:07.917: Message 0x7206b33fa980 (from: 0x7206b33f9f90, length: 52)
(dinox:2): libnice-DEBUG: 15:44:07.917: 	Buffer 0x58741135a640 (length: 65535)
(dinox:2): libnice-DEBUG: 15:44:07.917: Agent 0x587411038cd0: inbound STUN packet for 1/2 (stream/component) from [212.87.214.35]:3478 (52 octets) :
(dinox:2): libnice-stun-DEBUG: 15:44:07.917: STUN demux error: no cookie!
(dinox:2): libnice-stun-DEBUG: 15:44:07.917: STUN demux error: no cookie!
(dinox:2): libnice-DEBUG: 15:44:07.917: Comparing r.sid=1 to sid=1, r.cid=1 to cid=2 and 0x58740d12cb10 and 0x720748014ff0 to 0x587411309130
(dinox:2): libnice-DEBUG: 15:44:07.917: Comparing r.sid=1 to sid=1, r.cid=2 to cid=2 and 0x587411309130 and 0x720748006b10 to 0x587411309130
(dinox:2): libnice-stun-DEBUG: 15:44:07.917: STUN demux error: no cookie!
(dinox:2): libnice-DEBUG: 15:44:07.917: Validating gave 3
(dinox:2): libnice-DEBUG: 15:44:07.917: Agent 0x587411038cd0 : Incorrectly multiplexed STUN message ignored.
(dinox:2): libnice-DEBUG: 15:44:07.917: agent_recv_message_unlocked: Packet passed fast STUN validation but failed slow validation.
(dinox:2): libnice-DEBUG: 15:44:07.917: Agent 0x587411038cd0 : 1:2 DROPPING packet from unknown source 212.87.214.35:3478 sock-type: 0
(dinox:2): libnice-DEBUG: 15:44:07.917: agent_recv_message_unlocked: Agent 0x587411038cd0: no message available on read attempt
(dinox:2): libnice-DEBUG: 15:44:07.917: component_io_cb: 0x587411038cd0: no message available on read attempt
(dinox:2): rtp-DEBUG: 15:44:07.927: module.vala:106: using vp8dec to decode vp8
(dinox:2): libnice-DEBUG: 15:44:07.934: Agent 0x587411038cd0 : Property set, role is already "controlling".
(dinox:2): ice-DEBUG: 15:44:07.934: dtls_srtp.vala:150: Setting up DTLS connection. We're DINO_PLUGINS_ICE_DTLS_SRTP_MODE_SERVER
(dinox:2): libnice-DEBUG: 15:44:07.934: Created NiceStream (2 created, 0 destroyed)
(dinox:2): libnice-DEBUG: 15:44:07.934: Created NiceComponent (3 created, 0 destroyed)
(dinox:2): libnice-DEBUG: 15:44:07.934: Created NiceComponent (4 created, 0 destroyed)
(dinox:2): libnice-DEBUG: 15:44:07.934: Agent 0x587411038cd0 : allocating stream id 2 (0x5874113e8890)
(dinox:2): libnice-DEBUG: 15:44:07.934: Agent 0x587411038cd0: added relay server [212.87.214.35]:3478 of type 0 to s/c 2/1 with user/pass : 1764125025:b6048fa7aecbd69b -- fF7DNrPnPC1Xp9EZDJpY1C+CJHU=
(dinox:2): ice-DEBUG: 15:44:07.934: transport_parameters.vala:110: TURN info (component 1) 212.87.214.35:3478
(dinox:2): libnice-DEBUG: 15:44:07.934: Agent 0x587411038cd0: added relay server [212.87.214.35]:3478 of type 0 to s/c 2/2 with user/pass : 1764125025:b6048fa7aecbd69b -- fF7DNrPnPC1Xp9EZDJpY1C+CJHU=
(dinox:2): ice-DEBUG: 15:44:07.934: transport_parameters.vala:110: TURN info (component 2) 212.87.214.35:3478
(dinox:2): xmpp-vala-DEBUG: 15:44:07.934: transport_parameters.vala:61: Initialized for RbxIQRbrHHfSHiDhoZ2iLr
(dinox:2): libnice-DEBUG: 15:44:07.934: Agent 0x587411038cd0 : In ICE-FULL mode, starting candidate gathering.
(dinox:2): libnice-DEBUG: 15:44:07.935: Interface:  lo
(dinox:2): libnice-DEBUG: 15:44:07.935: IP Address: 127.0.0.1
(dinox:2): libnice-DEBUG: 15:44:07.935: Ignoring loopback interface
(dinox:2): libnice-DEBUG: 15:44:07.935: Interface:  wlx08beac0b1ab4
(dinox:2): libnice-DEBUG: 15:44:07.935: IP Address: 10.0.50.15
(dinox:2): libnice-DEBUG: 15:44:07.935: Interface:  lo
(dinox:2): libnice-DEBUG: 15:44:07.935: IP Address: ::1
(dinox:2): libnice-DEBUG: 15:44:07.935: Ignoring loopback interface
(dinox:2): libnice-DEBUG: 15:44:07.935: Interface:  wlx08beac0b1ab4
(dinox:2): libnice-DEBUG: 15:44:07.935: IP Address: fe80::abe:acff:fe0b:1ab4%wlx08beac0b1ab4
(dinox:2): libnice-DEBUG: 15:44:07.935: Agent:0x587411038cd0 s:2: Resolving STUN server 212.87.214.35
(dinox:2): libnice-DEBUG: 15:44:07.935: Interface:  lo
(dinox:2): libnice-DEBUG: 15:44:07.935: IP Address: 127.0.0.1
(dinox:2): libnice-DEBUG: 15:44:07.935: Interface:  wlx08beac0b1ab4
(dinox:2): libnice-DEBUG: 15:44:07.935: IP Address: 10.0.50.15
(dinox:2): libnice-DEBUG: 15:44:07.935: Interface:  lo
(dinox:2): libnice-DEBUG: 15:44:07.935: IP Address: ::1
(dinox:2): libnice-DEBUG: 15:44:07.935: Interface:  wlx08beac0b1ab4
(dinox:2): libnice-DEBUG: 15:44:07.935: IP Address: fe80::abe:acff:fe0b:1ab4%wlx08beac0b1ab4
(dinox:2): libnice-DEBUG: 15:44:07.935: Agent 0x587411038cd0: Could not set IPV6 socket ToS: Das Protokoll ist nicht verfügbar
(dinox:2): libnice-DEBUG: 15:44:07.935: Component 0x5874113e9850: Attach source (stream 2).
(dinox:2): libnice-DEBUG: 15:44:07.935: Attaching source 0x5874113b4d30 (socket 0x5874113b0f70, FD 243) to context 0x5874113b3700
(dinox:2): libnice-DEBUG: 15:44:07.935: Agent 0x587411038cd0: s2/c1: creation of host candidate udp:[10.0.50.15]:0: success
(dinox:2): libnice-DEBUG: 15:44:07.935: Agent 0x587411038cd0 : Adding new relay-rflx candidate discovery 0x587411430150
(dinox:2): libnice-DEBUG: 15:44:07.935: Interface:  lo
(dinox:2): libnice-DEBUG: 15:44:07.935: IP Address: 127.0.0.1
(dinox:2): libnice-DEBUG: 15:44:07.935: Interface:  wlx08beac0b1ab4
(dinox:2): libnice-DEBUG: 15:44:07.935: IP Address: 10.0.50.15
(dinox:2): libnice-DEBUG: 15:44:07.935: Interface:  lo
(dinox:2): libnice-DEBUG: 15:44:07.935: IP Address: ::1
(dinox:2): libnice-DEBUG: 15:44:07.935: Interface:  wlx08beac0b1ab4
(dinox:2): libnice-DEBUG: 15:44:07.935: IP Address: fe80::abe:acff:fe0b:1ab4%wlx08beac0b1ab4
(dinox:2): libnice-DEBUG: 15:44:07.935: Component 0x5874113e9850: Attach source (stream 2).
(dinox:2): libnice-DEBUG: 15:44:07.935: Attaching source 0x587411311d10 (socket 0x58741130cc30, FD 244) to context 0x5874113b3700
(dinox:2): libnice-DEBUG: 15:44:07.935: Agent 0x587411038cd0: s2/c1: creation of host candidate udp:[fe80::abe:acff:fe0b:1ab4]:0: success
(dinox:2): libnice-DEBUG: 15:44:07.935: Agent 0x587411038cd0 : stream 2 component 1 STATE-CHANGE disconnected -> gathering.
(dinox:2): libnice-DEBUG: 15:44:07.936: Interface:  lo
(dinox:2): libnice-DEBUG: 15:44:07.936: IP Address: 127.0.0.1
(dinox:2): libnice-DEBUG: 15:44:07.936: Interface:  wlx08beac0b1ab4
(dinox:2): libnice-DEBUG: 15:44:07.936: IP Address: 10.0.50.15
(dinox:2): libnice-DEBUG: 15:44:07.936: Interface:  lo
(dinox:2): libnice-DEBUG: 15:44:07.936: IP Address: ::1
(dinox:2): libnice-DEBUG: 15:44:07.936: Interface:  wlx08beac0b1ab4
(dinox:2): libnice-DEBUG: 15:44:07.936: IP Address: fe80::abe:acff:fe0b:1ab4%wlx08beac0b1ab4
(dinox:2): libnice-DEBUG: 15:44:07.936: Agent 0x587411038cd0: Could not set IPV6 socket ToS: Das Protokoll ist nicht verfügbar
(dinox:2): libnice-DEBUG: 15:44:07.936: Component 0x58741140ccd0: Attach source (stream 2).
(dinox:2): libnice-DEBUG: 15:44:07.936: Attaching source 0x5874113b0ac0 (socket 0x58740e1ff4e0, FD 245) to context 0x5874113b3700
(dinox:2): libnice-DEBUG: 15:44:07.936: Agent 0x587411038cd0: s2/c2: creation of host candidate udp:[10.0.50.15]:0: success
(dinox:2): libnice-DEBUG: 15:44:07.936: Agent 0x587411038cd0 : Adding new relay-rflx candidate discovery 0x587411443980
(dinox:2): libnice-DEBUG: 15:44:07.936: Interface:  lo
(dinox:2): libnice-DEBUG: 15:44:07.936: IP Address: 127.0.0.1
(dinox:2): libnice-DEBUG: 15:44:07.936: Interface:  wlx08beac0b1ab4
(dinox:2): libnice-DEBUG: 15:44:07.936: IP Address: 10.0.50.15
(dinox:2): libnice-DEBUG: 15:44:07.936: Interface:  lo
(dinox:2): libnice-DEBUG: 15:44:07.936: IP Address: ::1
(dinox:2): libnice-DEBUG: 15:44:07.936: Interface:  wlx08beac0b1ab4
(dinox:2): libnice-DEBUG: 15:44:07.936: IP Address: fe80::abe:acff:fe0b:1ab4%wlx08beac0b1ab4
(dinox:2): libnice-DEBUG: 15:44:07.936: Component 0x58741140ccd0: Attach source (stream 2).
(dinox:2): libnice-DEBUG: 15:44:07.936: Attaching source 0x587411310dd0 (socket 0x587411045610, FD 246) to context 0x5874113b3700
(dinox:2): libnice-DEBUG: 15:44:07.936: Agent 0x587411038cd0: s2/c2: creation of host candidate udp:[fe80::abe:acff:fe0b:1ab4]:0: success
(dinox:2): libnice-DEBUG: 15:44:07.936: Agent 0x587411038cd0 : stream 2 component 2 STATE-CHANGE disconnected -> gathering.
(dinox:2): ice-DEBUG: 15:44:07.936: transport_parameters.vala:265: stream 2 component 1 state changed to gathering
(dinox:2): ice-DEBUG: 15:44:07.936: transport_parameters.vala:265: stream 2 component 2 state changed to gathering
(dinox:2): xmpp-vala-DEBUG: 15:44:07.936: transport_parameters.vala:144: New local candidate 1 host 10.0.50.15:40252
(dinox:2): xmpp-vala-DEBUG: 15:44:07.936: transport_parameters.vala:144: New local candidate 2 host 10.0.50.15:38323
(dinox:2): libnice-DEBUG: 15:44:07.936: Agent:0x587411038cd0 s:2: Resolving STUN server 212.87.214.35
(dinox:2): OMEMO-DEBUG: 15:44:07.938: encrypt.vala:126: Created encrypted key for ralf@chat.handwerker.jetzt/572719703
(dinox:2): OMEMO-DEBUG: 15:44:07.939: encrypt.vala:126: Created encrypted key for ralf@chat.handwerker.jetzt/572719703
(dinox:2): libdino-DEBUG: 15:44:07.942: call_peer_state.vala:334: [carl@chat.handwerker.jetzt] ralf@chat.handwerker.jetzt/Monal-iOS.1d5a769a connecting content signals audio
(dinox:2): libdino-DEBUG: 15:44:07.942: call_peer_state.vala:334: [carl@chat.handwerker.jetzt] ralf@chat.handwerker.jetzt/Monal-iOS.1d5a769a connecting content signals video
(dinox:2): libnice-DEBUG: 15:44:07.942: Agent 0x587411038cd0: s:2: Resolved STUN server 212.87.214.35 to 212.87.214.35
(dinox:2): libnice-DEBUG: 15:44:07.942: Agent 0x587411038cd0 : Adding new srv-rflx candidate discovery 0x587411463880
(dinox:2): libnice-DEBUG: 15:44:07.942: Agent 0x587411038cd0 : Adding new srv-rflx candidate discovery 0x5874114770b0
(dinox:2): libnice-DEBUG: 15:44:07.954: Agent 0x587411038cd0 : discovery - scheduling cand type 3 addr 212.87.214.35.
(dinox:2): libnice-DEBUG: 15:44:07.974: Agent 0x587411038cd0 : discovery - scheduling cand type 3 addr 212.87.214.35.
(dinox:2): libnice-DEBUG: 15:44:07.977: agent_recv_message_unlocked: Agent 0x587411038cd0 : Packet received on local socket 0x5874113b0f70 (fd 243) from [212.87.214.35]:3478 (104 octets).
(dinox:2): libnice-DEBUG: 15:44:07.977: compact_input_message: **WARNING: SLOW PATH**
(dinox:2): libnice-DEBUG: 15:44:07.977: Message 0x7206b0bf6980 (from: 0x7206b0bf5f90, length: 104)
(dinox:2): libnice-DEBUG: 15:44:07.977: 	Buffer 0x5874113eccb0 (length: 65535)
(dinox:2): libnice-DEBUG: 15:44:07.977: Agent 0x587411038cd0: inbound STUN packet for 2/1 (stream/component) from [212.87.214.35]:3478 (104 octets) :
(dinox:2): libnice-stun-DEBUG: 15:44:07.977: STUN demux error: no FINGERPRINT attribute!
(dinox:2): libnice-stun-DEBUG: 15:44:07.977: STUN unknown: 0 mandatory attribute(s)!
(dinox:2): libnice-stun-DEBUG: 15:44:07.977:  STUN error message received (code: 401)
(dinox:2): libnice-DEBUG: 15:44:07.977: Agent 0x587411038cd0 : stun_turn_process/disc for 0x587411430150 res 2.
(dinox:2): libnice-DEBUG: 15:44:07.977: agent_recv_message_unlocked: Valid STUN packet received.
(dinox:2): libnice-DEBUG: 15:44:07.977: agent_recv_message_unlocked: Agent 0x587411038cd0: no message available on read attempt
(dinox:2): libnice-DEBUG: 15:44:07.977: component_io_cb: 0x587411038cd0: no message available on read attempt
(dinox:2): libnice-DEBUG: 15:44:07.994: Agent 0x587411038cd0 : discovery - scheduling cand type 3 addr 212.87.214.35.
(dinox:2): libnice-stun-DEBUG: 15:44:07.994:  Message HMAC-SHA1 message integrity:
(dinox:2): libnice-stun-DEBUG: 15:44:07.994:   key     : 0x664637444e72506e504331587039455a444a705931432b434a48553d
(dinox:2): libnice-stun-DEBUG: 15:44:07.994:   sent    : 0x2c07c30cd036bbddc1885db9206a5feb42414b6d
(dinox:2): libnice-DEBUG: 15:44:08.003: agent_recv_message_unlocked: Agent 0x587411038cd0 : Packet received on local socket 0x58740e1ff4e0 (fd 245) from [212.87.214.35]:3478 (100 octets).
(dinox:2): libnice-DEBUG: 15:44:08.003: compact_input_message: **WARNING: SLOW PATH**
(dinox:2): libnice-DEBUG: 15:44:08.003: Message 0x7206b0bf6980 (from: 0x7206b0bf5f90, length: 100)
(dinox:2): libnice-DEBUG: 15:44:08.003: 	Buffer 0x587411410130 (length: 65535)
(dinox:2): libnice-DEBUG: 15:44:08.003: Agent 0x587411038cd0: inbound STUN packet for 2/2 (stream/component) from [212.87.214.35]:3478 (100 octets) :
(dinox:2): libnice-stun-DEBUG: 15:44:08.003: STUN demux error: no FINGERPRINT attribute!
(dinox:2): libnice-stun-DEBUG: 15:44:08.003: STUN unknown: 0 mandatory attribute(s)!
(dinox:2): libnice-stun-DEBUG: 15:44:08.003:  STUN error message received (code: 401)
(dinox:2): libnice-DEBUG: 15:44:08.003: Agent 0x587411038cd0 : stun_turn_process/disc for 0x587411443980 res 2.
(dinox:2): libnice-DEBUG: 15:44:08.003: agent_recv_message_unlocked: Valid STUN packet received.
(dinox:2): libnice-DEBUG: 15:44:08.003: agent_recv_message_unlocked: Agent 0x587411038cd0: no message available on read attempt
(dinox:2): libnice-DEBUG: 15:44:08.004: component_io_cb: 0x587411038cd0: no message available on read attempt
(dinox:2): libnice-DEBUG: 15:44:08.014: Agent 0x587411038cd0 : discovery - scheduling cand type 3 addr 212.87.214.35.
(dinox:2): libnice-stun-DEBUG: 15:44:08.014:  Message HMAC-SHA1 message integrity:
(dinox:2): libnice-stun-DEBUG: 15:44:08.014:   key     : 0x664637444e72506e504331587039455a444a705931432b434a48553d
(dinox:2): libnice-stun-DEBUG: 15:44:08.014:   sent    : 0xb7fdf1961803ec095dacb89eead74f43451f0fd8
(dinox:2): libnice-DEBUG: 15:44:08.020: agent_recv_message_unlocked: Agent 0x587411038cd0 : Packet received on local socket 0x5874113b0f70 (fd 243) from [212.87.214.35]:3478 (96 octets).
(dinox:2): libnice-DEBUG: 15:44:08.020: compact_input_message: **WARNING: SLOW PATH**
(dinox:2): libnice-DEBUG: 15:44:08.020: Message 0x7206b0bf6980 (from: 0x7206b0bf5f90, length: 96)
(dinox:2): libnice-DEBUG: 15:44:08.020: 	Buffer 0x5874113eccb0 (length: 65535)
(dinox:2): libnice-DEBUG: 15:44:08.020: Agent 0x587411038cd0: inbound STUN packet for 2/1 (stream/component) from [212.87.214.35]:3478 (96 octets) :
(dinox:2): libnice-stun-DEBUG: 15:44:08.020: STUN demux error: no FINGERPRINT attribute!
(dinox:2): libnice-stun-DEBUG: 15:44:08.020:  Message HMAC-SHA1 fingerprint:
(dinox:2): libnice-stun-DEBUG: 15:44:08.020:   key     : 0x664637444e72506e504331587039455a444a705931432b434a48553d
(dinox:2): libnice-stun-DEBUG: 15:44:08.020:   expected: 0x4fd80fb21beba5e934f0ca912169aa8b5e5db09c
(dinox:2): libnice-stun-DEBUG: 15:44:08.020:   received: 0x4fd80fb21beba5e934f0ca912169aa8b5e5db09c
(dinox:2): libnice-stun-DEBUG: 15:44:08.020: STUN auth: OK!
(dinox:2): libnice-stun-DEBUG: 15:44:08.020: STUN unknown: 0 mandatory attribute(s)!
(dinox:2): libnice-stun-DEBUG: 15:44:08.020: Received 96-bytes STUN message
(dinox:2): libnice-stun-DEBUG: 15:44:08.020:  Mapped address found!
(dinox:2): libnice-DEBUG: 15:44:08.020: Agent 0x587411038cd0 : stun_turn_process/disc for 0x587411430150 res 1.
(dinox:2): libnice-DEBUG: 15:44:08.020: Interface:  lo
(dinox:2): libnice-DEBUG: 15:44:08.020: IP Address: 127.0.0.1
(dinox:2): libnice-DEBUG: 15:44:08.020: Interface:  wlx08beac0b1ab4
(dinox:2): libnice-DEBUG: 15:44:08.020: IP Address: 10.0.50.15
(dinox:2): libnice-DEBUG: 15:44:08.020: Interface:  lo
(dinox:2): libnice-DEBUG: 15:44:08.020: IP Address: ::1
(dinox:2): libnice-DEBUG: 15:44:08.020: Interface:  wlx08beac0b1ab4
(dinox:2): libnice-DEBUG: 15:44:08.020: IP Address: fe80::abe:acff:fe0b:1ab4%wlx08beac0b1ab4
(dinox:2): libnice-DEBUG: 15:44:08.020: Interface:  lo
(dinox:2): libnice-DEBUG: 15:44:08.020: IP Address: 127.0.0.1
(dinox:2): libnice-DEBUG: 15:44:08.020: Interface:  wlx08beac0b1ab4
(dinox:2): libnice-DEBUG: 15:44:08.020: IP Address: 10.0.50.15
(dinox:2): libnice-DEBUG: 15:44:08.020: Interface:  lo
(dinox:2): libnice-DEBUG: 15:44:08.020: IP Address: ::1
(dinox:2): libnice-DEBUG: 15:44:08.020: Interface:  wlx08beac0b1ab4
(dinox:2): libnice-DEBUG: 15:44:08.020: IP Address: fe80::abe:acff:fe0b:1ab4%wlx08beac0b1ab4
(dinox:2): libnice-DEBUG: 15:44:08.020: Component 0x5874113e9850: Attach source (stream 2).
(dinox:2): libnice-DEBUG: 15:44:08.020: Agent 0x587411038cd0 : Adding new refresh candidate 0x72075001d930 with timeout 540
(dinox:2): libnice-DEBUG: 15:44:08.020: timer source is : 0x72075000a1f0
(dinox:2): libnice-DEBUG: 15:44:08.020: agent_recv_message_unlocked: Valid STUN packet received.
(dinox:2): libnice-DEBUG: 15:44:08.020: agent_recv_message_unlocked: Agent 0x587411038cd0: no message available on read attempt
(dinox:2): libnice-DEBUG: 15:44:08.020: component_io_cb: 0x587411038cd0: no message available on read attempt
(dinox:2): xmpp-vala-DEBUG: 15:44:08.020: transport_parameters.vala:144: New local candidate 1 srflx 146.52.11.140:36325
(dinox:2): xmpp-vala-DEBUG: 15:44:08.021: transport_parameters.vala:144: New local candidate 1 relay 212.87.214.35:49154
(dinox:2): libnice-DEBUG: 15:44:08.034: Agent 0x587411038cd0 : discovery - scheduling cand type 1 addr 212.87.214.35.
(dinox:2): libnice-DEBUG: 15:44:08.048: agent_recv_message_unlocked: Agent 0x587411038cd0 : Packet received on local socket 0x58740e1ff4e0 (fd 245) from [212.87.214.35]:3478 (96 octets).
(dinox:2): libnice-DEBUG: 15:44:08.048: compact_input_message: **WARNING: SLOW PATH**
(dinox:2): libnice-DEBUG: 15:44:08.048: Message 0x7206b0bf6980 (from: 0x7206b0bf5f90, length: 96)
(dinox:2): libnice-DEBUG: 15:44:08.048: 	Buffer 0x587411410130 (length: 65535)
(dinox:2): libnice-DEBUG: 15:44:08.048: Agent 0x587411038cd0: inbound STUN packet for 2/2 (stream/component) from [212.87.214.35]:3478 (96 octets) :
(dinox:2): libnice-stun-DEBUG: 15:44:08.048: STUN demux error: no FINGERPRINT attribute!
(dinox:2): libnice-stun-DEBUG: 15:44:08.048:  Message HMAC-SHA1 fingerprint:
(dinox:2): libnice-stun-DEBUG: 15:44:08.048:   key     : 0x664637444e72506e504331587039455a444a705931432b434a48553d
(dinox:2): libnice-stun-DEBUG: 15:44:08.048:   expected: 0x887cda877aab8361329aabcd090bbc2899cde208
(dinox:2): libnice-stun-DEBUG: 15:44:08.048:   received: 0x887cda877aab8361329aabcd090bbc2899cde208
(dinox:2): libnice-stun-DEBUG: 15:44:08.048: STUN auth: OK!
(dinox:2): libnice-stun-DEBUG: 15:44:08.048: STUN unknown: 0 mandatory attribute(s)!
(dinox:2): libnice-stun-DEBUG: 15:44:08.048: Received 96-bytes STUN message
(dinox:2): libnice-stun-DEBUG: 15:44:08.048:  Mapped address found!
(dinox:2): libnice-DEBUG: 15:44:08.048: Agent 0x587411038cd0 : stun_turn_process/disc for 0x587411443980 res 1.
(dinox:2): libnice-DEBUG: 15:44:08.048: Interface:  lo
(dinox:2): libnice-DEBUG: 15:44:08.048: IP Address: 127.0.0.1
(dinox:2): libnice-DEBUG: 15:44:08.048: Interface:  wlx08beac0b1ab4
(dinox:2): libnice-DEBUG: 15:44:08.048: IP Address: 10.0.50.15
(dinox:2): libnice-DEBUG: 15:44:08.048: Interface:  lo
(dinox:2): libnice-DEBUG: 15:44:08.048: IP Address: ::1
(dinox:2): libnice-DEBUG: 15:44:08.048: Interface:  wlx08beac0b1ab4
(dinox:2): libnice-DEBUG: 15:44:08.048: IP Address: fe80::abe:acff:fe0b:1ab4%wlx08beac0b1ab4
(dinox:2): libnice-DEBUG: 15:44:08.049: Interface:  lo
(dinox:2): libnice-DEBUG: 15:44:08.049: IP Address: 127.0.0.1
(dinox:2): libnice-DEBUG: 15:44:08.049: Interface:  wlx08beac0b1ab4
(dinox:2): libnice-DEBUG: 15:44:08.049: IP Address: 10.0.50.15
(dinox:2): libnice-DEBUG: 15:44:08.049: Interface:  lo
(dinox:2): libnice-DEBUG: 15:44:08.049: IP Address: ::1
(dinox:2): libnice-DEBUG: 15:44:08.049: Interface:  wlx08beac0b1ab4
(dinox:2): libnice-DEBUG: 15:44:08.049: IP Address: fe80::abe:acff:fe0b:1ab4%wlx08beac0b1ab4
(dinox:2): libnice-DEBUG: 15:44:08.049: Component 0x58741140ccd0: Attach source (stream 2).
(dinox:2): libnice-DEBUG: 15:44:08.049: Agent 0x587411038cd0 : Adding new refresh candidate 0x720750044580 with timeout 539
(dinox:2): libnice-DEBUG: 15:44:08.049: timer source is : 0x720750007010
(dinox:2): libnice-DEBUG: 15:44:08.049: agent_recv_message_unlocked: Valid STUN packet received.
(dinox:2): libnice-DEBUG: 15:44:08.049: agent_recv_message_unlocked: Agent 0x587411038cd0: no message available on read attempt
(dinox:2): libnice-DEBUG: 15:44:08.049: component_io_cb: 0x587411038cd0: no message available on read attempt
(dinox:2): xmpp-vala-DEBUG: 15:44:08.049: transport_parameters.vala:144: New local candidate 2 srflx 146.52.11.140:29395
(dinox:2): xmpp-vala-DEBUG: 15:44:08.049: transport_parameters.vala:144: New local candidate 2 relay 212.87.214.35:49153
(dinox:2): libnice-DEBUG: 15:44:08.055: Agent 0x587411038cd0 : discovery - scheduling cand type 1 addr 212.87.214.35.
(dinox:2): libnice-DEBUG: 15:44:08.076: agent_recv_message_unlocked: Agent 0x587411038cd0 : Packet received on local socket 0x5874113b0f70 (fd 243) from [212.87.214.35]:3478 (52 octets).
(dinox:2): libnice-DEBUG: 15:44:08.076: Agent 0x587411038cd0 : Packet received from TURN server candidate.
(dinox:2): libnice-stun-DEBUG: 15:44:08.076: STUN demux error: no cookie!
(dinox:2): libnice-DEBUG: 15:44:08.076: compact_input_message: **WARNING: SLOW PATH**
(dinox:2): libnice-DEBUG: 15:44:08.076: Message 0x7206b0bf6980 (from: 0x7206b0bf5f90, length: 52)
(dinox:2): libnice-DEBUG: 15:44:08.076: 	Buffer 0x5874113eccb0 (length: 65535)
(dinox:2): libnice-DEBUG: 15:44:08.076: Agent 0x587411038cd0: inbound STUN packet for 2/1 (stream/component) from [212.87.214.35]:3478 (52 octets) :
(dinox:2): libnice-stun-DEBUG: 15:44:08.076: STUN demux error: no cookie!
(dinox:2): libnice-stun-DEBUG: 15:44:08.076: STUN demux error: no cookie!
(dinox:2): libnice-DEBUG: 15:44:08.076: Comparing r.sid=1 to sid=2, r.cid=1 to cid=1 and 0x58740d12cb10 and 0x720748014ff0 to 0x5874113b0f70
(dinox:2): libnice-DEBUG: 15:44:08.076: Comparing r.sid=1 to sid=2, r.cid=2 to cid=1 and 0x587411309130 and 0x720748006b10 to 0x5874113b0f70
(dinox:2): libnice-DEBUG: 15:44:08.076: Comparing r.sid=2 to sid=2, r.cid=1 to cid=1 and 0x5874113b0f70 and 0x720750005f70 to 0x5874113b0f70
(dinox:2): libnice-stun-DEBUG: 15:44:08.076: STUN demux error: no cookie!
(dinox:2): libnice-DEBUG: 15:44:08.076: Validating gave 3
(dinox:2): libnice-DEBUG: 15:44:08.076: Agent 0x587411038cd0 : Incorrectly multiplexed STUN message ignored.
(dinox:2): libnice-DEBUG: 15:44:08.076: agent_recv_message_unlocked: Packet passed fast STUN validation but failed slow validation.
(dinox:2): libnice-DEBUG: 15:44:08.076: Agent 0x587411038cd0 : 2:1 DROPPING packet from unknown source 212.87.214.35:3478 sock-type: 0
(dinox:2): libnice-DEBUG: 15:44:08.076: agent_recv_message_unlocked: Agent 0x587411038cd0: no message available on read attempt
(dinox:2): libnice-DEBUG: 15:44:08.076: component_io_cb: 0x587411038cd0: no message available on read attempt
(dinox:2): libnice-DEBUG: 15:44:08.085: agent_recv_message_unlocked: Agent 0x587411038cd0 : Packet received on local socket 0x58740e1ff4e0 (fd 245) from [212.87.214.35]:3478 (52 octets).
(dinox:2): libnice-DEBUG: 15:44:08.085: Agent 0x587411038cd0 : Packet received from TURN server candidate.
(dinox:2): libnice-stun-DEBUG: 15:44:08.085: STUN demux error: no cookie!
(dinox:2): libnice-DEBUG: 15:44:08.085: compact_input_message: **WARNING: SLOW PATH**
(dinox:2): libnice-DEBUG: 15:44:08.085: Message 0x7206b0bf6980 (from: 0x7206b0bf5f90, length: 52)
(dinox:2): libnice-DEBUG: 15:44:08.085: 	Buffer 0x587411410130 (length: 65535)
(dinox:2): libnice-DEBUG: 15:44:08.085: Agent 0x587411038cd0: inbound STUN packet for 2/2 (stream/component) from [212.87.214.35]:3478 (52 octets) :
(dinox:2): libnice-stun-DEBUG: 15:44:08.085: STUN demux error: no cookie!
(dinox:2): libnice-stun-DEBUG: 15:44:08.085: STUN demux error: no cookie!
(dinox:2): libnice-DEBUG: 15:44:08.085: Comparing r.sid=1 to sid=2, r.cid=1 to cid=2 and 0x58740d12cb10 and 0x720748014ff0 to 0x58740e1ff4e0
(dinox:2): libnice-DEBUG: 15:44:08.085: Comparing r.sid=1 to sid=2, r.cid=2 to cid=2 and 0x587411309130 and 0x720748006b10 to 0x58740e1ff4e0
(dinox:2): libnice-DEBUG: 15:44:08.085: Comparing r.sid=2 to sid=2, r.cid=1 to cid=2 and 0x5874113b0f70 and 0x720750005f70 to 0x58740e1ff4e0
(dinox:2): libnice-DEBUG: 15:44:08.085: Comparing r.sid=2 to sid=2, r.cid=2 to cid=2 and 0x58740e1ff4e0 and 0x720750007b20 to 0x58740e1ff4e0
(dinox:2): libnice-stun-DEBUG: 15:44:08.085: STUN demux error: no cookie!
(dinox:2): libnice-DEBUG: 15:44:08.085: Validating gave 3
(dinox:2): libnice-DEBUG: 15:44:08.085: Agent 0x587411038cd0 : Incorrectly multiplexed STUN message ignored.
(dinox:2): libnice-DEBUG: 15:44:08.085: agent_recv_message_unlocked: Packet passed fast STUN validation but failed slow validation.
(dinox:2): libnice-DEBUG: 15:44:08.085: Agent 0x587411038cd0 : 2:2 DROPPING packet from unknown source 212.87.214.35:3478 sock-type: 0
(dinox:2): libnice-DEBUG: 15:44:08.085: agent_recv_message_unlocked: Agent 0x587411038cd0: no message available on read attempt
(dinox:2): libnice-DEBUG: 15:44:08.085: component_io_cb: 0x587411038cd0: no message available on read attempt
(dinox:2): libnice-DEBUG: 15:44:08.173: agent_recv_message_unlocked: Agent 0x587411038cd0 : Packet received on local socket 0x58740d12cb10 (fd 232) from [10.0.50.11]:55003 (96 octets).
(dinox:2): libnice-DEBUG: 15:44:08.173: compact_input_message: **WARNING: SLOW PATH**
(dinox:2): libnice-DEBUG: 15:44:08.173: Message 0x7206b33fa980 (from: 0x7206b33f9f90, length: 96)
(dinox:2): libnice-DEBUG: 15:44:08.173: 	Buffer 0x5874113371c0 (length: 65535)
(dinox:2): libnice-DEBUG: 15:44:08.173: Agent 0x587411038cd0: inbound STUN packet for 1/1 (stream/component) from [10.0.50.11]:55003 (96 octets) :
(dinox:2): libnice-stun-DEBUG: 15:44:08.173: STUN demux: OK!
(dinox:2): libnice-stun-DEBUG: 15:44:08.173: Comparing username/ufrag of len 9 and 4, equal=0
(dinox:2): libnice-stun-DEBUG: 15:44:08.173:   username: 0x593434613a62644476
(dinox:2): libnice-stun-DEBUG: 15:44:08.173:   ufrag:    0x59343461
(dinox:2): libnice-stun-DEBUG: 15:44:08.173: Found valid username, returning password: 'JejBG5c8koIz4lNZZPafj6'
(dinox:2): libnice-stun-DEBUG: 15:44:08.173:  Message HMAC-SHA1 fingerprint:
(dinox:2): libnice-stun-DEBUG: 15:44:08.173:   key     : 0x4a656a42473563386b6f497a346c4e5a5a5061666a36
(dinox:2): libnice-stun-DEBUG: 15:44:08.173:   expected: 0x36235132ab3ffdcc905274074a348326dd7a2ddb
(dinox:2): libnice-stun-DEBUG: 15:44:08.173:   received: 0x36235132ab3ffdcc905274074a348326dd7a2ddb
(dinox:2): libnice-stun-DEBUG: 15:44:08.173: STUN auth: OK!
(dinox:2): libnice-stun-DEBUG: 15:44:08.173: STUN unknown: 0 mandatory attribute(s)!
(dinox:2): libnice-stun-DEBUG: 15:44:08.174: STUN Reply (buffer size = 1300)...
(dinox:2): libnice-stun-DEBUG: 15:44:08.174:  Message HMAC-SHA1 message integrity:
(dinox:2): libnice-stun-DEBUG: 15:44:08.174:   key     : 0x4a656a42473563386b6f497a346c4e5a5a5061666a36
(dinox:2): libnice-stun-DEBUG: 15:44:08.174:   sent    : 0xadfc7eea2f7b6f6e053cf3a9f09e62610908320c
(dinox:2): libnice-stun-DEBUG: 15:44:08.174:  Message HMAC-SHA1 fingerprint: 0x2b3a9b17
(dinox:2): libnice-stun-DEBUG: 15:44:08.174:  All done (response size: 96)
(dinox:2): libnice-DEBUG: 15:44:08.174: Agent 0x587411038cd0 : No matching remote candidate for incoming check -> peer-reflexive candidate.
(dinox:2): libnice-DEBUG: 15:44:08.174: Agent 0x587411038cd0 :  1:1 Adding valid source candidate: 10.0.50.11:55003 trans: 0
(dinox:2): libnice-DEBUG: 15:44:08.174: Agent 0x587411038cd0 : STUN-CC RESP to '10.0.50.11:55003', socket=232, len=96, cand=0x720748050b80 (c-id:1), use-cand=0, transactionId=2112a44243492f394a45316263693972
(dinox:2): libnice-DEBUG: 15:44:08.174: Agent 0x587411038cd0 : Storing pending check.
(dinox:2): libnice-DEBUG: 15:44:08.174: Agent 0x587411038cd0 : *** conncheck list DUMP (called from conn_check_handle_inbound_stun, icheck stored)
(dinox:2): libnice-DEBUG: 15:44:08.174: Agent 0x587411038cd0 : *** agent nomination mode aggressive, controlling
(dinox:2): libnice-DEBUG: 15:44:08.174: Agent 0x587411038cd0 : *** sc=1/1 : icheck 0x720748007180 : sock udp [10.0.50.15]:43605 > [10.0.50.11]:55003, use_cand 0
(dinox:2): libnice-DEBUG: 15:44:08.174: agent_recv_message_unlocked: Valid STUN packet received.
(dinox:2): libnice-DEBUG: 15:44:08.174: agent_recv_message_unlocked: Agent 0x587411038cd0: no message available on read attempt
(dinox:2): libnice-DEBUG: 15:44:08.174: component_io_cb: 0x587411038cd0: no message available on read attempt
(dinox:2): ice-DEBUG: 15:44:08.174: transport_parameters.vala:286: initial_binding_request_received
(dinox:2): libnice-DEBUG: 15:44:08.174: agent_recv_message_unlocked: Agent 0x587411038cd0 : Packet received on local socket 0x5874113b0f70 (fd 243) from [10.0.50.11]:57937 (96 octets).
(dinox:2): libnice-DEBUG: 15:44:08.174: compact_input_message: **WARNING: SLOW PATH**
(dinox:2): libnice-DEBUG: 15:44:08.174: Message 0x7206b0bf6980 (from: 0x7206b0bf5f90, length: 96)
(dinox:2): libnice-DEBUG: 15:44:08.174: 	Buffer 0x5874113eccb0 (length: 65535)
(dinox:2): libnice-DEBUG: 15:44:08.174: Agent 0x587411038cd0: inbound STUN packet for 2/1 (stream/component) from [10.0.50.11]:57937 (96 octets) :
(dinox:2): libnice-stun-DEBUG: 15:44:08.174: STUN demux: OK!
(dinox:2): libnice-stun-DEBUG: 15:44:08.174: Comparing username/ufrag of len 9 and 4, equal=0
(dinox:2): libnice-stun-DEBUG: 15:44:08.174:   username: 0x304139453a3965535a
(dinox:2): libnice-stun-DEBUG: 15:44:08.174:   ufrag:    0x30413945
(dinox:2): libnice-stun-DEBUG: 15:44:08.174: Found valid username, returning password: 'RbxIQRbrHHfSHiDhoZ2iLr'
(dinox:2): libnice-stun-DEBUG: 15:44:08.174:  Message HMAC-SHA1 fingerprint:
(dinox:2): libnice-stun-DEBUG: 15:44:08.174:   key     : 0x526278495152627248486653486944686f5a32694c72
(dinox:2): libnice-stun-DEBUG: 15:44:08.174:   expected: 0x01fe5fbfb75c8a4c98821a4bca1c7cfbbe5bfdaa
(dinox:2): libnice-stun-DEBUG: 15:44:08.174:   received: 0x01fe5fbfb75c8a4c98821a4bca1c7cfbbe5bfdaa
(dinox:2): libnice-stun-DEBUG: 15:44:08.174: STUN auth: OK!
(dinox:2): libnice-stun-DEBUG: 15:44:08.174: STUN unknown: 0 mandatory attribute(s)!
(dinox:2): libnice-stun-DEBUG: 15:44:08.174: STUN Reply (buffer size = 1300)...
(dinox:2): libnice-stun-DEBUG: 15:44:08.174:  Message HMAC-SHA1 message integrity:
(dinox:2): libnice-stun-DEBUG: 15:44:08.174:   key     : 0x526278495152627248486653486944686f5a32694c72
(dinox:2): libnice-stun-DEBUG: 15:44:08.174:   sent    : 0x99f55a7a67f69dab5b844a157b6d938c5a886549
(dinox:2): libnice-stun-DEBUG: 15:44:08.174:  Message HMAC-SHA1 fingerprint: 0xee56d05b
(dinox:2): libnice-stun-DEBUG: 15:44:08.174:  All done (response size: 96)
(dinox:2): libnice-DEBUG: 15:44:08.174: Agent 0x587411038cd0 : No matching remote candidate for incoming check -> peer-reflexive candidate.
(dinox:2): libnice-DEBUG: 15:44:08.174: Agent 0x587411038cd0 :  2:1 Adding valid source candidate: 10.0.50.11:57937 trans: 0
(dinox:2): libnice-DEBUG: 15:44:08.174: Agent 0x587411038cd0 : STUN-CC RESP to '10.0.50.11:57937', socket=243, len=96, cand=0x720750008940 (c-id:1), use-cand=0, transactionId=2112a442444a35436f70414d30534546
(dinox:2): libnice-DEBUG: 15:44:08.174: Agent 0x587411038cd0 : Storing pending check.
(dinox:2): libnice-DEBUG: 15:44:08.174: Agent 0x587411038cd0 : *** conncheck list DUMP (called from conn_check_handle_inbound_stun, icheck stored)
(dinox:2): libnice-DEBUG: 15:44:08.174: Agent 0x587411038cd0 : *** agent nomination mode aggressive, controlling
(dinox:2): libnice-DEBUG: 15:44:08.174: Agent 0x587411038cd0 : *** sc=1/1 : icheck 0x720748007180 : sock udp [10.0.50.15]:43605 > [10.0.50.11]:55003, use_cand 0
(dinox:2): libnice-DEBUG: 15:44:08.174: Agent 0x587411038cd0 : *** sc=2/1 : icheck 0x5874113b9130 : sock udp [10.0.50.15]:40252 > [10.0.50.11]:57937, use_cand 0
(dinox:2): libnice-DEBUG: 15:44:08.174: agent_recv_message_unlocked: Valid STUN packet received.
(dinox:2): libnice-DEBUG: 15:44:08.174: agent_recv_message_unlocked: Agent 0x587411038cd0: no message available on read attempt
(dinox:2): libnice-DEBUG: 15:44:08.174: component_io_cb: 0x587411038cd0: no message available on read attempt
(dinox:2): ice-DEBUG: 15:44:08.174: transport_parameters.vala:286: initial_binding_request_received
(dinox:2): libnice-DEBUG: 15:44:08.181: agent_recv_message_unlocked: Agent 0x587411038cd0 : Packet received on local socket 0x5874113b0f70 (fd 243) from [10.0.50.11]:57937 (157 octets).
(dinox:2): libnice-stun-DEBUG: 15:44:08.181: STUN error: Incomplete message: 157 of 65300 bytes!
(dinox:2): libnice-DEBUG: 15:44:08.181: component_io_cb: 0x587411038cd0: received a valid message with 157 bytes
(dinox:2): libnice-DEBUG: 15:44:08.181: agent_recv_message_unlocked: Agent 0x587411038cd0: no message available on read attempt
(dinox:2): libnice-DEBUG: 15:44:08.181: component_io_cb: 0x587411038cd0: no message available on read attempt
(dinox:2): libnice-DEBUG: 15:44:08.181: agent_recv_message_unlocked: Agent 0x587411038cd0 : Packet received on local socket 0x58740d12cb10 (fd 232) from [10.0.50.11]:55003 (157 octets).
(dinox:2): libnice-stun-DEBUG: 15:44:08.181: STUN error: Incomplete message: 157 of 65300 bytes!
(dinox:2): libnice-DEBUG: 15:44:08.181: component_io_cb: 0x587411038cd0: received a valid message with 157 bytes
(dinox:2): libnice-DEBUG: 15:44:08.181: agent_recv_message_unlocked: Agent 0x587411038cd0: no message available on read attempt
(dinox:2): libnice-DEBUG: 15:44:08.182: component_io_cb: 0x587411038cd0: no message available on read attempt
(dinox:2): libnice-DEBUG: 15:44:08.182: nice_agent_send_messages_nonblocking_internal: n_sent: -1, n_messages: 1
(dinox:2): libnice-DEBUG: 15:44:08.182: nice_agent_send_messages_nonblocking_internal: n_sent: -1, n_messages: 1
(dinox:2): libnice-DEBUG: 15:44:08.182: nice_agent_send_messages_nonblocking_internal: n_sent: -1, n_messages: 1
(dinox:2): libnice-DEBUG: 15:44:08.182: nice_agent_send_messages_nonblocking_internal: n_sent: -1, n_messages: 1
(dinox:2): libnice-DEBUG: 15:44:08.182: nice_agent_send_messages_nonblocking_internal: n_sent: -1, n_messages: 1
(dinox:2): libnice-DEBUG: 15:44:08.182: nice_agent_send_messages_nonblocking_internal: n_sent: -1, n_messages: 1
(dinox:2): libnice-DEBUG: 15:44:08.182: nice_agent_send_messages_nonblocking_internal: n_sent: -1, n_messages: 1
(dinox:2): libnice-DEBUG: 15:44:08.182: nice_agent_send_messages_nonblocking_internal: n_sent: -1, n_messages: 1
(dinox:2): libnice-DEBUG: 15:44:08.182: nice_agent_send_messages_nonblocking_internal: n_sent: -1, n_messages: 1
(dinox:2): libnice-DEBUG: 15:44:08.182: nice_agent_send_messages_nonblocking_internal: n_sent: -1, n_messages: 1
(dinox:2): xmpp-vala-DEBUG: 15:44:08.199: omemo_decryptor.vala:43: Is ours? 1016434638 =? 1016434638
(dinox:2): OMEMO-DEBUG: 15:44:08.199: decrypt.vala:153: Continuing session for decryption with device from ralf@chat.handwerker.jetzt/572719703
(dinox:2): xmpp-vala-DEBUG: 15:44:08.200: omemo_decryptor.vala:43: Is ours? 1016434638 =? 1016434638
(dinox:2): OMEMO-DEBUG: 15:44:08.200: decrypt.vala:153: Continuing session for decryption with device from ralf@chat.handwerker.jetzt/572719703
(dinox:2): ice-DEBUG: 15:44:08.201: transport_parameters.vala:167: on_transport_accept from ralf@chat.handwerker.jetzt/Monal-iOS.1d5a769a
(dinox:2): ice-DEBUG: 15:44:08.201: transport_parameters.vala:232: create_transport_connection: 7bd255ad-5589-40ad-b266-e098876ef485
(dinox:2): ice-DEBUG: 15:44:08.202: transport_parameters.vala:233: local_credentials: Y44a JejBG5c8koIz4lNZZPafj6
(dinox:2): ice-DEBUG: 15:44:08.202: transport_parameters.vala:234: remote_credentials: bdDv +ookNBzqKEXRpM855NdX45UB
(dinox:2): ice-DEBUG: 15:44:08.202: transport_parameters.vala:235: expected incoming credentials: Y44a:bdDv JejBG5c8koIz4lNZZPafj6
(dinox:2): ice-DEBUG: 15:44:08.202: transport_parameters.vala:236: expected outgoing credentials: bdDv:Y44a +ookNBzqKEXRpM855NdX45UB
(dinox:2): libnice-DEBUG: 15:44:08.202: Agent 0x587411038cd0: set_remote_credentials 1
(dinox:2): libnice-DEBUG: 15:44:08.202: Agent 0x587411038cd0 : conn_check_remote_candidates_set 1 1
(dinox:2): libnice-DEBUG: 15:44:08.202: Agent 0x587411038cd0 : credentials have been set, we can process incoming checks
(dinox:2): libnice-DEBUG: 15:44:08.202: Agent 0x587411038cd0 : replaying icheck=0x720748007180 (sock=0x58740d12cb10)
(dinox:2): libnice-DEBUG: 15:44:08.202: Agent 0x587411038cd0 : scheduling triggered check with socket=0x58740d12cb10 and remote cand=0x720748050b80.
(dinox:2): libnice-DEBUG: 15:44:08.202: Agent 0x587411038cd0 : Adding a triggered check to conn.check list (local=0x58740cdd7ac0).
(dinox:2): libnice-DEBUG: 15:44:08.202: Agent 0x587411038cd0 : creating a new pair
(dinox:2): libnice-DEBUG: 15:44:08.202: Agent 0x587411038cd0 : pair 0x5874113e0e40 state WAITING (priv_add_new_check_pair)
(dinox:2): libnice-DEBUG: 15:44:08.202: Agent 0x587411038cd0 : new pair 0x5874113e0e40 : [10.0.50.15]:43605 --> [10.0.50.11]:55003
(dinox:2): libnice-DEBUG: 15:44:08.202: Interface:  lo
(dinox:2): libnice-DEBUG: 15:44:08.202: IP Address: 127.0.0.1
(dinox:2): libnice-DEBUG: 15:44:08.202: Interface:  wlx08beac0b1ab4
(dinox:2): libnice-DEBUG: 15:44:08.202: IP Address: 10.0.50.15
(dinox:2): libnice-DEBUG: 15:44:08.202: Interface:  lo
(dinox:2): libnice-DEBUG: 15:44:08.202: IP Address: ::1
(dinox:2): libnice-DEBUG: 15:44:08.202: Interface:  wlx08beac0b1ab4
(dinox:2): libnice-DEBUG: 15:44:08.202: IP Address: fe80::abe:acff:fe0b:1ab4%wlx08beac0b1ab4
(dinox:2): libnice-DEBUG: 15:44:08.202: Agent 0x587411038cd0 : added a new pair 0x5874113e0e40 with foundation '1:remote1' and transport udp:udp to stream 1 component 1
(dinox:2): libnice-DEBUG: 15:44:08.202: Agent 0x587411038cd0 : stream 1 component 1 STATE-CHANGE gathering -> connecting.
(dinox:2): libnice-DEBUG: 15:44:08.202: Agent 0x587411038cd0 : conn_check_remote_candidates_set 1 2
(dinox:2): ice-DEBUG: 15:44:08.202: transport_parameters.vala:265: stream 1 component 1 state changed to connecting
(dinox:2): libnice-DEBUG: 15:44:08.202: Agent 0x587411038cd0: set_remote_candidates 1 1
(dinox:2): ice-DEBUG: 15:44:08.202: transport_parameters.vala:254: Initiated component 1 with 0 remote candidates
(dinox:2): xmpp-vala-DEBUG: 15:44:08.202: content.vala:226: set_transport_connection: audio, XMPP_XEP_JINGLE_CONTENT_STATE_PENDING, 1, true, overwrites: false
(dinox:2): libnice-DEBUG: 15:44:08.202: Agent 0x587411038cd0: set_remote_candidates 1 2
(dinox:2): ice-DEBUG: 15:44:08.202: transport_parameters.vala:254: Initiated component 2 with 0 remote candidates
(dinox:2): xmpp-vala-DEBUG: 15:44:08.202: content.vala:226: set_transport_connection: audio, XMPP_XEP_JINGLE_CONTENT_STATE_PENDING, 2, true, overwrites: false

(dinox:2): xmpp-vala-WARNING **: 15:44:08.202: content_parameters.vala:165: Counterpart's preferred content type doesn't match any of our sent ones
(dinox:2): xmpp-vala-DEBUG: 15:44:08.202: content_parameters.vala:171: Counterpart didn't include any cryptos
(dinox:2): xmpp-vala-DEBUG: 15:44:08.202: content_parameters.vala:93: [0x58740e06f8d0] Jingle RTP on_accept
(dinox:2): rtp-DEBUG: 15:44:08.202: device.vala:479: Creating device pulsedevice4
(dinox:2): rtp-DEBUG: 15:44:08.203: plugin.vala:48: Continue pipe after modifications
(dinox:2): libnice-DEBUG: 15:44:08.210: agent_recv_message_unlocked: Agent 0x587411038cd0 : Packet received on local socket 0x58740d12cb10 (fd 232) from [10.0.50.11]:55003 (96 octets).
(dinox:2): libnice-DEBUG: 15:44:08.210: compact_input_message: **WARNING: SLOW PATH**
(dinox:2): libnice-DEBUG: 15:44:08.210: Message 0x7206b33fa980 (from: 0x7206b33f9f90, length: 96)
(dinox:2): libnice-DEBUG: 15:44:08.210: 	Buffer 0x5874113371c0 (length: 65535)
(dinox:2): libnice-DEBUG: 15:44:08.210: Agent 0x587411038cd0: inbound STUN packet for 1/1 (stream/component) from [10.0.50.11]:55003 (96 octets) :
(dinox:2): libnice-stun-DEBUG: 15:44:08.210: STUN demux: OK!
(dinox:2): libnice-stun-DEBUG: 15:44:08.210: Comparing username/ufrag of len 9 and 4, equal=0
(dinox:2): libnice-stun-DEBUG: 15:44:08.210:   username: 0x593434613a62644476
(dinox:2): libnice-stun-DEBUG: 15:44:08.210:   ufrag:    0x59343461
(dinox:2): libnice-stun-DEBUG: 15:44:08.210: Found valid username, returning password: 'JejBG5c8koIz4lNZZPafj6'
(dinox:2): libnice-stun-DEBUG: 15:44:08.210:  Message HMAC-SHA1 fingerprint:
(dinox:2): libnice-stun-DEBUG: 15:44:08.210:   key     : 0x4a656a42473563386b6f497a346c4e5a5a5061666a36
(dinox:2): libnice-stun-DEBUG: 15:44:08.210:   expected: 0xa9e555c37482ce3572f79df7ac8c1443fab87ec3
(dinox:2): libnice-stun-DEBUG: 15:44:08.210:   received: 0xa9e555c37482ce3572f79df7ac8c1443fab87ec3
(dinox:2): libnice-stun-DEBUG: 15:44:08.210: STUN auth: OK!
(dinox:2): libnice-stun-DEBUG: 15:44:08.210: STUN unknown: 0 mandatory attribute(s)!
(dinox:2): libnice-stun-DEBUG: 15:44:08.210: STUN Reply (buffer size = 1300)...
(dinox:2): libnice-stun-DEBUG: 15:44:08.210:  Message HMAC-SHA1 message integrity:
(dinox:2): libnice-stun-DEBUG: 15:44:08.210:   key     : 0x4a656a42473563386b6f497a346c4e5a5a5061666a36
(dinox:2): libnice-stun-DEBUG: 15:44:08.210:   sent    : 0xb127e0f60e32aa4dd01073dd6ab557b1fabb578e
(dinox:2): libnice-stun-DEBUG: 15:44:08.210:  Message HMAC-SHA1 fingerprint: 0x41a78c94
(dinox:2): libnice-stun-DEBUG: 15:44:08.210:  All done (response size: 96)
(dinox:2): libnice-DEBUG: 15:44:08.210: Agent 0x587411038cd0 : STUN-CC RESP to '10.0.50.11:55003', socket=232, len=96, cand=0x720748050b80 (c-id:1), use-cand=0, transactionId=2112a4426e414f4945434466504b5175
(dinox:2): libnice-DEBUG: 15:44:08.210: Agent 0x587411038cd0 : scheduling triggered check with socket=0x58740d12cb10 and remote cand=0x720748050b80.
(dinox:2): libnice-DEBUG: 15:44:08.210: Agent 0x587411038cd0 : Found a matching pair 0x5874113e0e40 (1:remote1) (WAITING) ...
(dinox:2): libnice-DEBUG: 15:44:08.210: Agent 0x587411038cd0 : pair 0x5874113e0e40 added for a triggered check.
(dinox:2): libnice-DEBUG: 15:44:08.210: agent_recv_message_unlocked: Valid STUN packet received.
(dinox:2): libnice-DEBUG: 15:44:08.210: agent_recv_message_unlocked: Agent 0x587411038cd0: no message available on read attempt
(dinox:2): libnice-DEBUG: 15:44:08.210: component_io_cb: 0x587411038cd0: no message available on read attempt
(dinox:2): libnice-DEBUG: 15:44:08.210: agent_recv_message_unlocked: Agent 0x587411038cd0 : Packet received on local socket 0x5874113b0f70 (fd 243) from [10.0.50.11]:57937 (96 octets).
(dinox:2): libnice-DEBUG: 15:44:08.211: compact_input_message: **WARNING: SLOW PATH**
(dinox:2): libnice-DEBUG: 15:44:08.211: Message 0x7206b0bf6980 (from: 0x7206b0bf5f90, length: 96)
(dinox:2): libnice-DEBUG: 15:44:08.211: 	Buffer 0x5874113eccb0 (length: 65535)
(dinox:2): libnice-DEBUG: 15:44:08.211: Agent 0x587411038cd0: inbound STUN packet for 2/1 (stream/component) from [10.0.50.11]:57937 (96 octets) :
(dinox:2): libnice-stun-DEBUG: 15:44:08.211: STUN demux: OK!
(dinox:2): libnice-stun-DEBUG: 15:44:08.211: Comparing username/ufrag of len 9 and 4, equal=0
(dinox:2): libnice-stun-DEBUG: 15:44:08.211:   username: 0x304139453a3965535a
(dinox:2): libnice-stun-DEBUG: 15:44:08.211:   ufrag:    0x30413945
(dinox:2): libnice-stun-DEBUG: 15:44:08.211: Found valid username, returning password: 'RbxIQRbrHHfSHiDhoZ2iLr'
(dinox:2): libnice-stun-DEBUG: 15:44:08.211:  Message HMAC-SHA1 fingerprint:
(dinox:2): libnice-stun-DEBUG: 15:44:08.211:   key     : 0x526278495152627248486653486944686f5a32694c72
(dinox:2): libnice-stun-DEBUG: 15:44:08.211:   expected: 0xd8e96c835e2c555432490ab2c908717018dd822e
(dinox:2): libnice-stun-DEBUG: 15:44:08.211:   received: 0xd8e96c835e2c555432490ab2c908717018dd822e
(dinox:2): libnice-stun-DEBUG: 15:44:08.211: STUN auth: OK!
(dinox:2): libnice-stun-DEBUG: 15:44:08.211: STUN unknown: 0 mandatory attribute(s)!
(dinox:2): libnice-stun-DEBUG: 15:44:08.211: STUN Reply (buffer size = 1300)...
(dinox:2): libnice-stun-DEBUG: 15:44:08.211:  Message HMAC-SHA1 message integrity:
(dinox:2): libnice-stun-DEBUG: 15:44:08.211:   key     : 0x526278495152627248486653486944686f5a32694c72
(dinox:2): libnice-stun-DEBUG: 15:44:08.211:   sent    : 0x310bfe1c4b9a61ab91d5585098494bba97d1fed5
(dinox:2): libnice-stun-DEBUG: 15:44:08.211:  Message HMAC-SHA1 fingerprint: 0xb1871453
(dinox:2): libnice-stun-DEBUG: 15:44:08.211:  All done (response size: 96)
(dinox:2): libnice-DEBUG: 15:44:08.211: Agent 0x587411038cd0 : STUN-CC RESP to '10.0.50.11:57937', socket=243, len=96, cand=0x720750008940 (c-id:1), use-cand=0, transactionId=2112a442525548646867415035563354
(dinox:2): libnice-DEBUG: 15:44:08.211: Agent 0x587411038cd0 : Storing pending check.
(dinox:2): libnice-DEBUG: 15:44:08.211: Agent 0x587411038cd0 : *** conncheck list DUMP (called from conn_check_handle_inbound_stun, icheck stored)
(dinox:2): libnice-DEBUG: 15:44:08.211: Agent 0x587411038cd0 : *** agent nomination mode aggressive, controlling
(dinox:2): libnice-DEBUG: 15:44:08.211: Agent 0x587411038cd0 : *** sc=1/1 : pair 0x5874113e0e40 : f=1:remote1 t=host:prflx sock=udp udp:[10.0.50.15]:43605 > udp:[10.0.50.11]:55003 prio=6e7f1eff:782000ff:1/6e2000ff state=WT
(dinox:2): libnice-DEBUG: 15:44:08.211: Agent 0x587411038cd0 : *** sc=2/1 : icheck 0x5874113b9130 : sock udp [10.0.50.15]:40252 > [10.0.50.11]:57937, use_cand 0
(dinox:2): libnice-DEBUG: 15:44:08.211: Agent 0x587411038cd0 : *** sc=2/1 : icheck 0x720750005eb0 : sock udp [10.0.50.15]:40252 > [10.0.50.11]:57937, use_cand 0
(dinox:2): libnice-DEBUG: 15:44:08.211: agent_recv_message_unlocked: Valid STUN packet received.
(dinox:2): libnice-DEBUG: 15:44:08.211: agent_recv_message_unlocked: Agent 0x587411038cd0: no message available on read attempt
(dinox:2): libnice-DEBUG: 15:44:08.211: component_io_cb: 0x587411038cd0: no message available on read attempt
(dinox:2): rtp-DEBUG: 15:44:08.217: codec_util.vala:413: Pipeline to encode audio opus without payloader: audioconvert name=pulsedevice4_opus_encoder_convert ! audioresample name=pulsedevice4_opus_encoder_resample ! queue ! opusenc audio-type=voice name=pulsedevice4_opus_encoder_encode
(dinox:2): rtp-DEBUG: 15:44:08.219: codec_util.vala:429: Pipeline to payload audio opus: rtpopuspay pt=111 name=pulsedevice4_opus_1211902159_rtp_pay
(dinox:2): rtp-DEBUG: 15:44:08.219: device.vala:152: Payload for audio with opus using ssrc 1211902159, seqnum_offset 4294967295, timestamp_offset 0
(dinox:2): rtp-DEBUG: 15:44:08.223: device.vala:479: Creating device pulsedevice6
(dinox:2): rtp-DEBUG: 15:44:08.224: plugin.vala:48: Continue pipe after modifications
(dinox:2): libnice-DEBUG: 15:44:08.231: agent_recv_message_unlocked: Agent 0x587411038cd0 : Packet received on local socket 0x5874113b0f70 (fd 243) from [10.0.50.11]:57937 (157 octets).
(dinox:2): libnice-stun-DEBUG: 15:44:08.231: STUN error: Incomplete message: 157 of 65300 bytes!
(dinox:2): libnice-DEBUG: 15:44:08.231: component_io_cb: 0x587411038cd0: received a valid message with 157 bytes
(dinox:2): libnice-DEBUG: 15:44:08.231: agent_recv_message_unlocked: Agent 0x587411038cd0: no message available on read attempt
(dinox:2): libnice-DEBUG: 15:44:08.231: component_io_cb: 0x587411038cd0: no message available on read attempt
(dinox:2): libnice-DEBUG: 15:44:08.231: agent_recv_message_unlocked: Agent 0x587411038cd0 : Packet received on local socket 0x58740d12cb10 (fd 232) from [10.0.50.11]:55003 (157 octets).
(dinox:2): libnice-stun-DEBUG: 15:44:08.231: STUN error: Incomplete message: 157 of 65300 bytes!
(dinox:2): libnice-DEBUG: 15:44:08.231: component_io_cb: 0x587411038cd0: received a valid message with 157 bytes
(dinox:2): libnice-DEBUG: 15:44:08.231: agent_recv_message_unlocked: Agent 0x587411038cd0: no message available on read attempt
(dinox:2): libnice-DEBUG: 15:44:08.231: component_io_cb: 0x587411038cd0: no message available on read attempt
(dinox:2): rtp-DEBUG: 15:44:08.235: voice_processor.vala:111: VoiceProcessor.setup(audio/x-raw, format=(string)S16LE, layout=(string)interleaved, rate=(int)48000, channels=(int)1)
(dinox:2): rtp-DEBUG: 15:44:08.250: plugin.vala:158: pad added: send_rtcp_src_0
(dinox:2): rtp-DEBUG: 15:44:08.250: plugin.vala:158: pad added: recv_rtcp_sink_0
(dinox:2): rtp-DEBUG: 15:44:08.250: plugin.vala:158: pad added: send_rtp_src_0
(dinox:2): rtp-DEBUG: 15:44:08.250: plugin.vala:171: pad send_rtp_src_0 for stream 0
(dinox:2): rtp-DEBUG: 15:44:08.250: stream.vala:720: Link send_rtp_src_0 to audio send_rtp for audio
(dinox:2): rtp-DEBUG: 15:44:08.250: plugin.vala:158: pad added: send_rtp_sink_0
(dinox:2): rtp-DEBUG: 15:44:08.251: codec_util.vala:355: Pipeline to decode audio opus: queue ! rtpopusdepay name=decode_0_rtp_depay ! opusdec name=decode_0_opus_decode ! audioconvert name=decode_0_convert ! audioresample name=decode_0_resample
(dinox:2): rtp-DEBUG: 15:44:08.252: plugin.vala:158: pad added: recv_rtp_sink_0
(dinox:2): rtp-DEBUG: 15:44:08.252: plugin.vala:48: Continue pipe after modifications
(dinox:2): rtp-DEBUG: 15:44:08.252: voice_processor.vala:47: Delay adjusted from Unpassender IOCTL (I/O-Control) für das Geräts to 0ms
(dinox:2): ice-DEBUG: 15:44:08.252: transport_parameters.vala:167: on_transport_accept from ralf@chat.handwerker.jetzt/Monal-iOS.1d5a769a
(dinox:2): ice-DEBUG: 15:44:08.252: transport_parameters.vala:232: create_transport_connection: 7bd255ad-5589-40ad-b266-e098876ef485
(dinox:2): ice-DEBUG: 15:44:08.252: transport_parameters.vala:233: local_credentials: 0A9E RbxIQRbrHHfSHiDhoZ2iLr
(dinox:2): ice-DEBUG: 15:44:08.252: transport_parameters.vala:234: remote_credentials: 9eSZ 3dZZwhAPhb6TtkK9kWe3wLPd
(dinox:2): ice-DEBUG: 15:44:08.252: transport_parameters.vala:235: expected incoming credentials: 0A9E:9eSZ RbxIQRbrHHfSHiDhoZ2iLr
(dinox:2): ice-DEBUG: 15:44:08.252: transport_parameters.vala:236: expected outgoing credentials: 9eSZ:0A9E 3dZZwhAPhb6TtkK9kWe3wLPd
(dinox:2): libnice-DEBUG: 15:44:08.252: Agent 0x587411038cd0: set_remote_credentials 2
(dinox:2): libnice-DEBUG: 15:44:08.252: Agent 0x587411038cd0 : conn_check_remote_candidates_set 2 1
(dinox:2): libnice-DEBUG: 15:44:08.252: Agent 0x587411038cd0 : credentials have been set, we can process incoming checks
(dinox:2): libnice-DEBUG: 15:44:08.252: Agent 0x587411038cd0 : replaying icheck=0x5874113b9130 (sock=0x5874113b0f70)
(dinox:2): libnice-DEBUG: 15:44:08.252: Agent 0x587411038cd0 : scheduling triggered check with socket=0x5874113b0f70 and remote cand=0x720750008940.
(dinox:2): libnice-DEBUG: 15:44:08.252: Agent 0x587411038cd0 : Adding a triggered check to conn.check list (local=0x720708076a10).
(dinox:2): libnice-DEBUG: 15:44:08.253: Agent 0x587411038cd0 : creating a new pair
(dinox:2): libnice-DEBUG: 15:44:08.253: Agent 0x587411038cd0 : pair 0x587411528d40 state WAITING (priv_add_new_check_pair)
(dinox:2): libnice-DEBUG: 15:44:08.253: Agent 0x587411038cd0 : new pair 0x587411528d40 : [10.0.50.15]:40252 --> [10.0.50.11]:57937
(dinox:2): libnice-DEBUG: 15:44:08.253: Interface:  lo
(dinox:2): libnice-DEBUG: 15:44:08.253: IP Address: 127.0.0.1
(dinox:2): libnice-DEBUG: 15:44:08.253: Interface:  wlx08beac0b1ab4
(dinox:2): libnice-DEBUG: 15:44:08.253: IP Address: 10.0.50.15
(dinox:2): libnice-DEBUG: 15:44:08.253: Interface:  lo
(dinox:2): libnice-DEBUG: 15:44:08.253: IP Address: ::1
(dinox:2): libnice-DEBUG: 15:44:08.253: Interface:  wlx08beac0b1ab4
(dinox:2): libnice-DEBUG: 15:44:08.253: IP Address: fe80::abe:acff:fe0b:1ab4%wlx08beac0b1ab4
(dinox:2): libnice-DEBUG: 15:44:08.253: Agent 0x587411038cd0 : added a new pair 0x587411528d40 with foundation '1:remote1' and transport udp:udp to stream 2 component 1
(dinox:2): libnice-DEBUG: 15:44:08.253: Agent 0x587411038cd0 : stream 2 component 1 STATE-CHANGE gathering -> connecting.
(dinox:2): libnice-DEBUG: 15:44:08.253: Agent 0x587411038cd0 : replaying icheck=0x720750005eb0 (sock=0x5874113b0f70)
(dinox:2): libnice-DEBUG: 15:44:08.253: Agent 0x587411038cd0 : scheduling triggered check with socket=0x5874113b0f70 and remote cand=0x720750008940.
(dinox:2): libnice-DEBUG: 15:44:08.253: Agent 0x587411038cd0 : Found a matching pair 0x587411528d40 (1:remote1) (WAITING) ...
(dinox:2): libnice-DEBUG: 15:44:08.253: Agent 0x587411038cd0 : pair 0x587411528d40 added for a triggered check.
(dinox:2): libnice-DEBUG: 15:44:08.253: Agent 0x587411038cd0 : conn_check_remote_candidates_set 2 2
(dinox:2): ice-DEBUG: 15:44:08.253: transport_parameters.vala:265: stream 2 component 1 state changed to connecting
(dinox:2): libnice-DEBUG: 15:44:08.253: Agent 0x587411038cd0: set_remote_candidates 2 1
(dinox:2): ice-DEBUG: 15:44:08.253: transport_parameters.vala:254: Initiated component 1 with 0 remote candidates
(dinox:2): xmpp-vala-DEBUG: 15:44:08.253: content.vala:226: set_transport_connection: video, XMPP_XEP_JINGLE_CONTENT_STATE_PENDING, 1, true, overwrites: false
(dinox:2): libnice-DEBUG: 15:44:08.253: Agent 0x587411038cd0: set_remote_candidates 2 2
(dinox:2): ice-DEBUG: 15:44:08.253: transport_parameters.vala:254: Initiated component 2 with 0 remote candidates
(dinox:2): xmpp-vala-DEBUG: 15:44:08.253: content.vala:226: set_transport_connection: video, XMPP_XEP_JINGLE_CONTENT_STATE_PENDING, 2, true, overwrites: false
(dinox:2): xmpp-vala-DEBUG: 15:44:08.253: content_parameters.vala:171: Counterpart didn't include any cryptos
(dinox:2): xmpp-vala-DEBUG: 15:44:08.253: content_parameters.vala:93: [0x58740e06f8d0] Jingle RTP on_accept
(dinox:2): rtp-DEBUG: 15:44:08.253: codec_util.vala:413: Pipeline to encode video vp8 without payloader: videoconvert name=pipewiredevice0_vp8_encoder_convert ! videoscale name=pipewiredevice0_vp8_encoder_rescale ! capsfilter name=pipewiredevice0_vp8_encoder_rescale_caps ! queue ! vp8enc deadline=1 error-resilient=3 lag-in-frames=0 resize-allowed=true threads=8 dropframe-threshold=30 end-usage=vbr cpu-used=4 name=pipewiredevice0_vp8_encoder_encode ! capsfilter caps=video/x-vp8,profile=(string)1
(dinox:2): libnice-DEBUG: 15:44:08.259: agent_recv_message_unlocked: Agent 0x587411038cd0 : Packet received on local socket 0x58740d12cb10 (fd 232) from [10.0.50.11]:55003 (96 octets).
(dinox:2): libnice-DEBUG: 15:44:08.260: compact_input_message: **WARNING: SLOW PATH**
(dinox:2): libnice-DEBUG: 15:44:08.260: Message 0x7206b33fa980 (from: 0x7206b33f9f90, length: 96)
(dinox:2): libnice-DEBUG: 15:44:08.260: 	Buffer 0x5874113371c0 (length: 65535)
(dinox:2): libnice-DEBUG: 15:44:08.260: Agent 0x587411038cd0: inbound STUN packet for 1/1 (stream/component) from [10.0.50.11]:55003 (96 octets) :
(dinox:2): libnice-stun-DEBUG: 15:44:08.260: STUN demux: OK!
(dinox:2): libnice-stun-DEBUG: 15:44:08.260: Comparing username/ufrag of len 9 and 4, equal=0
(dinox:2): libnice-stun-DEBUG: 15:44:08.260:   username: 0x593434613a62644476
(dinox:2): libnice-stun-DEBUG: 15:44:08.260:   ufrag:    0x59343461
(dinox:2): libnice-stun-DEBUG: 15:44:08.260: Found valid username, returning password: 'JejBG5c8koIz4lNZZPafj6'
(dinox:2): libnice-stun-DEBUG: 15:44:08.260:  Message HMAC-SHA1 fingerprint:
(dinox:2): libnice-stun-DEBUG: 15:44:08.260:   key     : 0x4a656a42473563386b6f497a346c4e5a5a5061666a36
(dinox:2): libnice-stun-DEBUG: 15:44:08.260:   expected: 0x1cd267a461d126ba60b7207faf3a922b0b195bd8
(dinox:2): libnice-stun-DEBUG: 15:44:08.260:   received: 0x1cd267a461d126ba60b7207faf3a922b0b195bd8
(dinox:2): libnice-stun-DEBUG: 15:44:08.260: STUN auth: OK!
(dinox:2): libnice-stun-DEBUG: 15:44:08.260: STUN unknown: 0 mandatory attribute(s)!
(dinox:2): libnice-stun-DEBUG: 15:44:08.260: STUN Reply (buffer size = 1300)...
(dinox:2): libnice-stun-DEBUG: 15:44:08.260:  Message HMAC-SHA1 message integrity:
(dinox:2): libnice-stun-DEBUG: 15:44:08.260:   key     : 0x4a656a42473563386b6f497a346c4e5a5a5061666a36
(dinox:2): libnice-stun-DEBUG: 15:44:08.260:   sent    : 0xb40ae0361b16e846c72b40c3b01633e7040342ff
(dinox:2): libnice-stun-DEBUG: 15:44:08.260:  Message HMAC-SHA1 fingerprint: 0xa62b3df6
(dinox:2): libnice-stun-DEBUG: 15:44:08.260:  All done (response size: 96)
(dinox:2): libnice-DEBUG: 15:44:08.260: Agent 0x587411038cd0 : STUN-CC RESP to '10.0.50.11:55003', socket=232, len=96, cand=0x720748050b80 (c-id:1), use-cand=0, transactionId=2112a4427439556a6b7578716c724453
(dinox:2): libnice-DEBUG: 15:44:08.260: Agent 0x587411038cd0 : scheduling triggered check with socket=0x58740d12cb10 and remote cand=0x720748050b80.
(dinox:2): libnice-DEBUG: 15:44:08.260: Agent 0x587411038cd0 : Found a matching pair 0x5874113e0e40 (1:remote1) (WAITING) ...
(dinox:2): libnice-DEBUG: 15:44:08.260: Agent 0x587411038cd0 : pair 0x5874113e0e40 added for a triggered check.
(dinox:2): libnice-DEBUG: 15:44:08.260: agent_recv_message_unlocked: Valid STUN packet received.
(dinox:2): libnice-DEBUG: 15:44:08.261: agent_recv_message_unlocked: Agent 0x587411038cd0: no message available on read attempt
(dinox:2): libnice-DEBUG: 15:44:08.261: component_io_cb: 0x587411038cd0: no message available on read attempt
(dinox:2): libnice-DEBUG: 15:44:08.261: agent_recv_message_unlocked: Agent 0x587411038cd0 : Packet received on local socket 0x5874113b0f70 (fd 243) from [10.0.50.11]:57937 (96 octets).
(dinox:2): libnice-DEBUG: 15:44:08.261: compact_input_message: **WARNING: SLOW PATH**
(dinox:2): libnice-DEBUG: 15:44:08.261: Message 0x7206b0bf6980 (from: 0x7206b0bf5f90, length: 96)
(dinox:2): libnice-DEBUG: 15:44:08.261: 	Buffer 0x5874113eccb0 (length: 65535)
(dinox:2): libnice-DEBUG: 15:44:08.261: Agent 0x587411038cd0: inbound STUN packet for 2/1 (stream/component) from [10.0.50.11]:57937 (96 octets) :
(dinox:2): libnice-stun-DEBUG: 15:44:08.261: STUN demux: OK!
(dinox:2): libnice-stun-DEBUG: 15:44:08.261: Comparing username/ufrag of len 9 and 4, equal=0
(dinox:2): libnice-stun-DEBUG: 15:44:08.261:   username: 0x304139453a3965535a
(dinox:2): libnice-stun-DEBUG: 15:44:08.261:   ufrag:    0x30413945
(dinox:2): libnice-stun-DEBUG: 15:44:08.261: Found valid username, returning password: 'RbxIQRbrHHfSHiDhoZ2iLr'
(dinox:2): libnice-stun-DEBUG: 15:44:08.261:  Message HMAC-SHA1 fingerprint:
(dinox:2): libnice-stun-DEBUG: 15:44:08.261:   key     : 0x526278495152627248486653486944686f5a32694c72
(dinox:2): libnice-stun-DEBUG: 15:44:08.261:   expected: 0xa1b81b01e53fa586e0af001f5bbc8725c21dfea4
(dinox:2): libnice-stun-DEBUG: 15:44:08.261:   received: 0xa1b81b01e53fa586e0af001f5bbc8725c21dfea4
(dinox:2): libnice-stun-DEBUG: 15:44:08.261: STUN auth: OK!
(dinox:2): libnice-stun-DEBUG: 15:44:08.261: STUN unknown: 0 mandatory attribute(s)!
(dinox:2): libnice-stun-DEBUG: 15:44:08.261: STUN Reply (buffer size = 1300)...
(dinox:2): libnice-stun-DEBUG: 15:44:08.261:  Message HMAC-SHA1 message integrity:
(dinox:2): libnice-stun-DEBUG: 15:44:08.261:   key     : 0x526278495152627248486653486944686f5a32694c72
(dinox:2): libnice-stun-DEBUG: 15:44:08.261:   sent    : 0x4cea9ae750c292309f1c6cdb2469947d738fd04b
(dinox:2): libnice-stun-DEBUG: 15:44:08.261:  Message HMAC-SHA1 fingerprint: 0x41f49538
(dinox:2): libnice-stun-DEBUG: 15:44:08.261:  All done (response size: 96)
(dinox:2): libnice-DEBUG: 15:44:08.261: Agent 0x587411038cd0 : STUN-CC RESP to '10.0.50.11:57937', socket=243, len=96, cand=0x720750008940 (c-id:1), use-cand=0, transactionId=2112a442423067694b4252384f4d7345
(dinox:2): libnice-DEBUG: 15:44:08.261: Agent 0x587411038cd0 : scheduling triggered check with socket=0x5874113b0f70 and remote cand=0x720750008940.
(dinox:2): libnice-DEBUG: 15:44:08.261: Agent 0x587411038cd0 : Found a matching pair 0x587411528d40 (1:remote1) (WAITING) ...
(dinox:2): libnice-DEBUG: 15:44:08.261: Agent 0x587411038cd0 : pair 0x587411528d40 added for a triggered check.
(dinox:2): libnice-DEBUG: 15:44:08.261: agent_recv_message_unlocked: Valid STUN packet received.
(dinox:2): libnice-DEBUG: 15:44:08.261: agent_recv_message_unlocked: Agent 0x587411038cd0: no message available on read attempt
(dinox:2): libnice-DEBUG: 15:44:08.261: component_io_cb: 0x587411038cd0: no message available on read attempt
(dinox:2): rtp-DEBUG: 15:44:08.273: codec_util.vala:429: Pipeline to payload video vp8: rtpvp8pay pt=98 name=pipewiredevice0_vp8_104565142_rtp_pay
(dinox:2): rtp-DEBUG: 15:44:08.274: device.vala:152: Payload for video with vp8 using ssrc 104565142, seqnum_offset 4294967295, timestamp_offset 0
(dinox:2): rtp-DEBUG: 15:44:08.278: plugin.vala:158: pad added: send_rtcp_src_1
(dinox:2): rtp-DEBUG: 15:44:08.278: plugin.vala:158: pad added: recv_rtcp_sink_1
(dinox:2): rtp-DEBUG: 15:44:08.278: plugin.vala:158: pad added: send_rtp_src_1
(dinox:2): rtp-DEBUG: 15:44:08.278: plugin.vala:171: pad send_rtp_src_1 for stream 1
(dinox:2): rtp-DEBUG: 15:44:08.278: stream.vala:720: Link send_rtp_src_1 to video send_rtp for video
(dinox:2): rtp-DEBUG: 15:44:08.278: plugin.vala:158: pad added: send_rtp_sink_1
(dinox:2): rtp-DEBUG: 15:44:08.278: codec_util.vala:355: Pipeline to decode video vp8: queue ! rtpvp8depay wait-for-keyframe=true name=decode_1_rtp_depay ! vp8dec threads=8 name=decode_1_vp8_decode ! videoconvert name=decode_1_convert
(dinox:2): rtp-DEBUG: 15:44:08.279: plugin.vala:158: pad added: recv_rtp_sink_1
(dinox:2): rtp-DEBUG: 15:44:08.281: device.vala:270: Decrease resolution to ensure target bitrate (256) is in reach (current resolution target bitrate is 4294967295,000000)
(dinox:2): rtp-DEBUG: 15:44:08.281: device.vala:231: Changing resolution width from 800 to 640 (requires bitrate 1510,844499, current target is 256)
(dinox:2): rtp-DEBUG: 15:44:08.281: device.vala:203: Set scaled caps to video/x-raw, width=(int)640, height=(int)384, framerate=(fraction)30/1
(dinox:2): rtp-DEBUG: 15:44:08.281: plugin.vala:48: Continue pipe after modifications
(dinox:2): libnice-DEBUG: 15:44:08.283: Agent 0x587411038cd0 : pair 0x5874113e0e40 state IN_PROGRESS (priv_conn_check_initiate)
(dinox:2): libnice-DEBUG: 15:44:08.283: Agent 0x587411038cd0 : STUN-CC REQ [10.0.50.15]:43605 --> [10.0.50.11]:55003, socket=232, pair=0x5874113e0e40 (c-id:1), tie=12432880212082483676, username='bdDv:Y44a' (9), password='+ookNBzqKEXRpM855NdX45UB' (24), prio=6e2000ff, controlling.
(dinox:2): libnice-DEBUG: 15:44:08.283: Agent 0x587411038cd0 : conn_check_send: set cand_use=1 (aggressive nomination).
(dinox:2): libnice-stun-DEBUG: 15:44:08.283:  Message HMAC-SHA1 message integrity:
(dinox:2): libnice-stun-DEBUG: 15:44:08.283:   key     : 0x2b6f6f6b4e427a714b455852704d3835354e645834355542
(dinox:2): libnice-stun-DEBUG: 15:44:08.283:   sent    : 0x0550b0fbe044e0c79d5ce03ebe6891f2ee7f0d26
(dinox:2): libnice-stun-DEBUG: 15:44:08.283:  Message HMAC-SHA1 fingerprint: 0xa266de19
(dinox:2): libnice-DEBUG: 15:44:08.283: Agent 0x587411038cd0: conncheck created 108 - 0x5874113ad8d8
(dinox:2): libnice-DEBUG: 15:44:08.283: Agent 0x587411038cd0 : timer set to 500ms, waiting+in_progress=2
(dinox:2): libnice-DEBUG: 15:44:08.283: Agent 0x587411038cd0 : *** conncheck list DUMP (called from priv_conn_check_triggered_check, initiated a connection check from triggered check list)
(dinox:2): libnice-DEBUG: 15:44:08.283: Agent 0x587411038cd0 : *** agent nomination mode aggressive, controlling
(dinox:2): libnice-DEBUG: 15:44:08.283: Agent 0x587411038cd0 : *** sc=1/1 : pair 0x5874113e0e40 : f=1:remote1 t=host:prflx sock=udp udp:[10.0.50.15]:43605 > udp:[10.0.50.11]:55003 prio=6e7f1eff:782000ff:1/6e2000ff state=I
(dinox:2): libnice-DEBUG: 15:44:08.283: Agent 0x587411038cd0 : *** sc=1/1 : pair 0x5874113e0e40 :   stun#=0 timer=1/3 1/500ms buf=0x5874113ad8d8 (R)
(dinox:2): libnice-DEBUG: 15:44:08.283: Agent 0x587411038cd0 : *** sc=2/1 : pair 0x587411528d40 : f=1:remote1 t=host:prflx sock=udp udp:[10.0.50.15]:40252 > udp:[10.0.50.11]:57937 prio=6e7f1eff:782000ff:1/6e2000ff state=WT
(dinox:2): libnice-DEBUG: 15:44:08.283: Agent 0x587411038cd0 : stream 1: timer tick #1: 0 frozen, 1 in-progress, 0 waiting, 0 succeeded, 0 discovered, 0 nominated, 0 waiting-for-nom, 0 valid
(dinox:2): libnice-DEBUG: 15:44:08.283: Agent 0x587411038cd0 : stream 2: timer tick #1: 0 frozen, 0 in-progress, 1 waiting, 0 succeeded, 0 discovered, 0 nominated, 0 waiting-for-nom, 0 valid
(dinox:2): libnice-stun-DEBUG: 15:44:08.283:  Message HMAC-SHA1 fingerprint: 0x8c21f00e
(dinox:2): libnice-DEBUG: 15:44:08.283: Agent 0x587411038cd0 : resending STUN to keep the local candidate 10.0.50.15:43605 alive in s1/c1.
(dinox:2): rtp-DEBUG: 15:44:08.283: plugin.vala:209: pulsedevice4 stream changed status to GST_STREAM_STATUS_TYPE_CREATE
(dinox:2): rtp-DEBUG: 15:44:08.283: plugin.vala:209: pulsedevice4 stream changed status to GST_STREAM_STATUS_TYPE_ENTER
(dinox:2): rtp-DEBUG: 15:44:08.283: plugin.vala:234: Latency message from pulsedevice6: live=false, min_latency=0, max_latency=18446744073709551615
(dinox:2): rtp-DEBUG: 15:44:08.284: plugin.vala:209: mixer_pulsedevice6 stream changed status to GST_STREAM_STATUS_TYPE_CREATE
(dinox:2): rtp-DEBUG: 15:44:08.284: plugin.vala:209: queue18 stream changed status to GST_STREAM_STATUS_TYPE_CREATE
(dinox:2): rtp-DEBUG: 15:44:08.284: plugin.vala:209: mixer_pulsedevice6 stream changed status to GST_STREAM_STATUS_TYPE_ENTER
(dinox:2): rtp-DEBUG: 15:44:08.284: plugin.vala:209: queue18 stream changed status to GST_STREAM_STATUS_TYPE_ENTER
(dinox:2): rtp-DEBUG: 15:44:08.284: plugin.vala:209: pulsedevice4 stream changed status to GST_STREAM_STATUS_TYPE_ENTER
(dinox:2): rtp-DEBUG: 15:44:08.284: plugin.vala:234: Latency message from pulsedevice4: live=true, min_latency=10000000, max_latency=200000000
(dinox:2): rtp-DEBUG: 15:44:08.284: plugin.vala:234: Latency message from pulsedevice4_opus_encoder_encode: live=true, min_latency=30000000, max_latency=1220000000
(dinox:2): rtp-DEBUG: 15:44:08.284: plugin.vala:234: Latency message from rtcp_sink_0: live=true, min_latency=0, max_latency=18446744073709551615
(dinox:2): rtp-DEBUG: 15:44:08.284: plugin.vala:234: Latency message from rtp_sink_0: live=true, min_latency=50000000, max_latency=1220000000
(dinox:2): rtp-DEBUG: 15:44:08.284: plugin.vala:209: rtcp_src_0 stream changed status to GST_STREAM_STATUS_TYPE_CREATE
(dinox:2): rtp-DEBUG: 15:44:08.284: plugin.vala:209: rtcp_src_0 stream changed status to GST_STREAM_STATUS_TYPE_ENTER
(dinox:2): rtp-DEBUG: 15:44:08.285: plugin.vala:209: rtp_src_0 stream changed status to GST_STREAM_STATUS_TYPE_CREATE
(dinox:2): rtp-DEBUG: 15:44:08.285: plugin.vala:209: rtp_src_0 stream changed status to GST_STREAM_STATUS_TYPE_ENTER
(dinox:2): rtp-DEBUG: 15:44:08.285: plugin.vala:209: queue19 stream changed status to GST_STREAM_STATUS_TYPE_CREATE
(dinox:2): rtp-DEBUG: 15:44:08.285: plugin.vala:209: queue19 stream changed status to GST_STREAM_STATUS_TYPE_ENTER
(dinox:2): rtp-DEBUG: 15:44:08.285: plugin.vala:234: Latency message from rtp_sink_0: live=true, min_latency=50000000, max_latency=1220000000
(dinox:2): rtp-DEBUG: 15:44:08.285: plugin.vala:234: Latency message from rtcp_sink_1: live=true, min_latency=0, max_latency=18446744073709551615
(dinox:2): rtp-DEBUG: 15:44:08.285: plugin.vala:234: Latency message from rtp_sink_1: live=true, min_latency=20000000, max_latency=18446744073709551615
(dinox:2): rtp-DEBUG: 15:44:08.286: plugin.vala:209: rtcp_src_1 stream changed status to GST_STREAM_STATUS_TYPE_CREATE
(dinox:2): rtp-DEBUG: 15:44:08.286: plugin.vala:209: rtcp_src_1 stream changed status to GST_STREAM_STATUS_TYPE_ENTER
(dinox:2): rtp-DEBUG: 15:44:08.286: plugin.vala:209: rtp_src_1 stream changed status to GST_STREAM_STATUS_TYPE_CREATE
(dinox:2): rtp-DEBUG: 15:44:08.286: plugin.vala:209: rtp_src_1 stream changed status to GST_STREAM_STATUS_TYPE_ENTER
(dinox:2): rtp-DEBUG: 15:44:08.286: plugin.vala:209: queue20 stream changed status to GST_STREAM_STATUS_TYPE_CREATE
(dinox:2): rtp-DEBUG: 15:44:08.286: plugin.vala:209: queue20 stream changed status to GST_STREAM_STATUS_TYPE_ENTER
(dinox:2): rtp-DEBUG: 15:44:08.287: plugin.vala:209: queue21 stream changed status to GST_STREAM_STATUS_TYPE_CREATE
(dinox:2): rtp-DEBUG: 15:44:08.287: plugin.vala:209: queue21 stream changed status to GST_STREAM_STATUS_TYPE_ENTER
(dinox:2): libnice-DEBUG: 15:44:08.288: agent_recv_message_unlocked: Agent 0x587411038cd0 : Packet received on local socket 0x58740d12cb10 (fd 232) from [10.0.50.11]:55003 (64 octets).
(dinox:2): libnice-DEBUG: 15:44:08.288: compact_input_message: **WARNING: SLOW PATH**
(dinox:2): libnice-DEBUG: 15:44:08.288: Message 0x7206b33fa980 (from: 0x7206b33f9f90, length: 64)
(dinox:2): libnice-DEBUG: 15:44:08.288: 	Buffer 0x5874113371c0 (length: 65535)
(dinox:2): libnice-DEBUG: 15:44:08.288: Agent 0x587411038cd0: inbound STUN packet for 1/1 (stream/component) from [10.0.50.11]:55003 (64 octets) :
(dinox:2): libnice-stun-DEBUG: 15:44:08.288: STUN demux: OK!
(dinox:2): libnice-stun-DEBUG: 15:44:08.288:  Message HMAC-SHA1 fingerprint:
(dinox:2): libnice-stun-DEBUG: 15:44:08.289:   key     : 0x2b6f6f6b4e427a714b455852704d3835354e645834355542
(dinox:2): libnice-stun-DEBUG: 15:44:08.289:   expected: 0xce4a1c99f72cb41c21b6e5aed3e5092094a75657
(dinox:2): libnice-stun-DEBUG: 15:44:08.289:   received: 0xce4a1c99f72cb41c21b6e5aed3e5092094a75657
(dinox:2): libnice-stun-DEBUG: 15:44:08.289: STUN auth: OK!
(dinox:2): libnice-stun-DEBUG: 15:44:08.289: STUN unknown: 0 mandatory attribute(s)!
(dinox:2): libnice-stun-DEBUG: 15:44:08.289: Received 64-bytes STUN message
(dinox:2): libnice-stun-DEBUG: 15:44:08.289: Mapped address found!
(dinox:2): libnice-DEBUG: 15:44:08.289: Agent 0x587411038cd0 : stun_bind_process/conncheck for 0x5874113e0e40: controlling,res=success,stun#=0.
(dinox:2): libnice-DEBUG: 15:44:08.289: Agent 0x587411038cd0 : pair 0x5874113e0e40 MATCHED.
(dinox:2): libnice-DEBUG: 15:44:08.289: Agent 0x587411038cd0 : pair 0x5874113e0e40 state SUCCEEDED (priv_process_response_check_for_reflexive)
(dinox:2): libnice-DEBUG: 15:44:08.289: Agent 0x587411038cd0 : Updating nominated flag (UDP): ok_pair=0x5874113e0e40 (0/0) p=0x5874113e0e40 (0/0) (ucnc/mnora)
(dinox:2): libnice-DEBUG: 15:44:08.289: Agent 0x587411038cd0 : marking pair 0x5874113e0e40 (1:remote1) as nominated (aggressive nomination, controlling).
(dinox:2): libnice-DEBUG: 15:44:08.289: Agent 0x587411038cd0 : changing SELECTED PAIR for component 1: 1:remote1 (prio:6e7f1eff:782000ff:1).
(dinox:2): libnice-DEBUG: 15:44:08.289: setting SELECTED PAIR for component 1: 1:remote1 (prio:6e7f1eff:782000ff:1).
(dinox:2): libnice-stun-DEBUG: 15:44:08.289:  Message HMAC-SHA1 fingerprint: 0xec9ae7e4
(dinox:2): libnice-DEBUG: 15:44:08.290: Agent 0x587411038cd0 : resending STUN to keep the selected base address 10.0.50.15:43605 alive in s1/c1.
(dinox:2): libnice-DEBUG: 15:44:08.290: Agent 0x587411038cd0: Local selected pair: 1:1 1 UDP 10.0.50.15:43605 HOST
(dinox:2): libnice-DEBUG: 15:44:08.290: Agent 0x587411038cd0: Remote selected pair: 1:1 remote1 UDP 10.0.50.11:55003 PEER-RFLX
(dinox:2): libnice-DEBUG: 15:44:08.290: Agent 0x587411038cd0 : *** conncheck list DUMP (called from priv_map_reply_to_conn_check_request, got a nominated pair)
(dinox:2): libnice-DEBUG: 15:44:08.290: Agent 0x587411038cd0 : *** agent nomination mode aggressive, controlling
(dinox:2): libnice-DEBUG: 15:44:08.290: Agent 0x587411038cd0 : *** sc=1/1 : pair 0x5874113e0e40 : f=1:remote1 t=host:prflx sock=udp udp:[10.0.50.15]:43605 > udp:[10.0.50.11]:55003 prio=6e7f1eff:782000ff:1/6e2000ff state=SVN
(dinox:2): libnice-DEBUG: 15:44:08.290: Agent 0x587411038cd0 : *** sc=2/1 : pair 0x587411528d40 : f=1:remote1 t=host:prflx sock=udp udp:[10.0.50.15]:40252 > udp:[10.0.50.11]:57937 prio=6e7f1eff:782000ff:1/6e2000ff state=WT
(dinox:2): libnice-DEBUG: 15:44:08.290: Agent 0x587411038cd0 : stream 1 component 1 STATE-CHANGE connecting -> connected.
(dinox:2): libnice-DEBUG: 15:44:08.290: Agent 0x587411038cd0: Pruning pending checks for s1/c1
(dinox:2): libnice-DEBUG: 15:44:08.290: Agent 0x587411038cd0 : selected pair priority is 6e7f1eff:782000ff:1
(dinox:2): libnice-DEBUG: 15:44:08.290: Agent 0x587411038cd0 : stream 1 component 1 STATE-CHANGE connected -> ready.
(dinox:2): libnice-DEBUG: 15:44:08.290: Agent 0x587411038cd0 : conn.check list status: 1 nominated, 1 valid, c-id 1.
(dinox:2): libnice-DEBUG: 15:44:08.290: agent_recv_message_unlocked: Valid STUN packet received.
(dinox:2): libnice-DEBUG: 15:44:08.290: agent_recv_message_unlocked: Agent 0x587411038cd0: no message available on read attempt
(dinox:2): libnice-DEBUG: 15:44:08.290: component_io_cb: 0x587411038cd0: no message available on read attempt
(dinox:2): ice-DEBUG: 15:44:08.290: transport_parameters.vala:291: new_selected_pair_full 1 [a=candidate:1 1 UDP 2015363327 10.0.50.15 43605 typ host, a=candidate:remote1 1 UDP 1853824767 10.0.50.11 55003 typ prflx]
(dinox:2): ice-DEBUG: 15:44:08.290: transport_parameters.vala:265: stream 1 component 1 state changed to ready
(dinox:2): ice-DEBUG: 15:44:08.290: transport_parameters.vala:265: stream 1 component 1 state changed to ready
(dinox:2): ice-DEBUG: 15:44:08.300: transport_parameters.vala:197: on_transport_info from ralf@chat.handwerker.jetzt/Monal-iOS.1d5a769a
(dinox:2): libnice-DEBUG: 15:44:08.300: Agent 0x587411038cd0: set_remote_candidates 1 1
(dinox:2): libnice-DEBUG: 15:44:08.300: Agent 0x587411038cd0 : Updating existing peer-rfx remote candidate to host
(dinox:2): libnice-DEBUG: 15:44:08.300: Agent 0x587411038cd0 : Updating existing remote candidate with addr [10.0.50.11]:55003 for s1/c1. U/P '(null)'/'(null)' prio: 7e7f1eff
(dinox:2): libnice-DEBUG: 15:44:08.300: Agent 0x587411038cd0 : Updating pair 0x5874113e0e40 foundation to '1:2147351674'
(dinox:2): libnice-DEBUG: 15:44:08.300: Agent 0x587411038cd0 : pair 0x5874113e0e40 is the selected pair, updating its priority.
(dinox:2): libnice-DEBUG: 15:44:08.300: Agent 0x587411038cd0 : updating SELECTED PAIR for component 1: 1:2147351674 (prio:782000ff:7e7f1eff:0).
(dinox:2): libnice-DEBUG: 15:44:08.300: Agent 0x587411038cd0: Local selected pair: 1:1 1 UDP 10.0.50.15:43605 HOST
(dinox:2): libnice-DEBUG: 15:44:08.300: Agent 0x587411038cd0: Remote selected pair: 1:1 2147351674 UDP 10.0.50.11:55003 HOST
(dinox:2): libnice-DEBUG: 15:44:08.300: Agent 0x587411038cd0: Pruning pending checks for s1/c1
(dinox:2): libnice-DEBUG: 15:44:08.300: Agent 0x587411038cd0 : selected pair priority is 782000ff:7e7f1eff:0
(dinox:2): libnice-DEBUG: 15:44:08.300: Agent 0x587411038cd0 : conn.check list status: 1 nominated, 1 valid, c-id 1.
(dinox:2): libnice-DEBUG: 15:44:08.300: Agent 0x587411038cd0 : conn_check_remote_candidates_set 1 1
(dinox:2): ice-DEBUG: 15:44:08.301: transport_parameters.vala:291: new_selected_pair_full 1 [a=candidate:1 1 UDP 2015363327 10.0.50.15 43605 typ host, a=candidate:2147351674 1 UDP 2122260223 10.0.50.11 55003 typ host]
(dinox:2): ice-DEBUG: 15:44:08.301: transport_parameters.vala:227: Updated to 1 remote candidates for candidate 1 via transport info
(dinox:2): libnice-DEBUG: 15:44:08.301: Agent 0x587411038cd0: set_remote_candidates 1 2
(dinox:2): ice-DEBUG: 15:44:08.301: transport_parameters.vala:227: Updated to 0 remote candidates for candidate 2 via transport info
(dinox:2): libnice-DEBUG: 15:44:08.303: Agent 0x587411038cd0 : pair 0x587411528d40 state IN_PROGRESS (priv_conn_check_initiate)
(dinox:2): libnice-DEBUG: 15:44:08.303: Agent 0x587411038cd0 : STUN-CC REQ [10.0.50.15]:40252 --> [10.0.50.11]:57937, socket=243, pair=0x587411528d40 (c-id:1), tie=12432880212082483676, username='9eSZ:0A9E' (9), password='3dZZwhAPhb6TtkK9kWe3wLPd' (24), prio=6e2000ff, controlling.
(dinox:2): libnice-DEBUG: 15:44:08.303: Agent 0x587411038cd0 : conn_check_send: set cand_use=1 (aggressive nomination).
(dinox:2): libnice-stun-DEBUG: 15:44:08.303:  Message HMAC-SHA1 message integrity:
(dinox:2): libnice-stun-DEBUG: 15:44:08.303:   key     : 0x33645a5a7768415068623654746b4b396b576533774c5064
(dinox:2): libnice-stun-DEBUG: 15:44:08.303:   sent    : 0xd0274eabca84de142cebcb6c4bebdb637a7333b1
(dinox:2): libnice-stun-DEBUG: 15:44:08.303:  Message HMAC-SHA1 fingerprint: 0x2fbb6459
(dinox:2): libnice-DEBUG: 15:44:08.303: Agent 0x587411038cd0: conncheck created 108 - 0x58741153dd58
(dinox:2): libnice-DEBUG: 15:44:08.303: Agent 0x587411038cd0 : timer set to 500ms, waiting+in_progress=1
(dinox:2): libnice-DEBUG: 15:44:08.303: Agent 0x587411038cd0 : *** conncheck list DUMP (called from priv_conn_check_triggered_check, initiated a connection check from triggered check list)
(dinox:2): libnice-DEBUG: 15:44:08.303: Agent 0x587411038cd0 : *** agent nomination mode aggressive, controlling
(dinox:2): libnice-DEBUG: 15:44:08.303: Agent 0x587411038cd0 : *** sc=1/1 : pair 0x5874113e0e40 : f=1:2147351674 t=host:host sock=udp udp:[10.0.50.15]:43605 > udp:[10.0.50.11]:55003 prio=782000ff:7e7f1eff:0/6e2000ff state=SVN
(dinox:2): libnice-DEBUG: 15:44:08.303: Agent 0x587411038cd0 : *** sc=2/1 : pair 0x587411528d40 : f=1:remote1 t=host:prflx sock=udp udp:[10.0.50.15]:40252 > udp:[10.0.50.11]:57937 prio=6e7f1eff:782000ff:1/6e2000ff state=I
(dinox:2): libnice-DEBUG: 15:44:08.303: Agent 0x587411038cd0 : *** sc=2/1 : pair 0x587411528d40 :   stun#=0 timer=1/3 1/500ms buf=0x58741153dd58 (R)
(dinox:2): ice-DEBUG: 15:44:08.304: transport_parameters.vala:197: on_transport_info from ralf@chat.handwerker.jetzt/Monal-iOS.1d5a769a
(dinox:2): libnice-DEBUG: 15:44:08.304: Agent 0x587411038cd0: set_remote_candidates 1 1
(dinox:2): libnice-DEBUG: 15:44:08.304: Agent 0x587411038cd0 : Updating existing remote candidate with addr [10.0.50.11]:55003 for s1/c1. U/P '(null)'/'(null)' prio: 7e7f1eff
(dinox:2): libnice-DEBUG: 15:44:08.304: Agent 0x587411038cd0: Pruning pending checks for s1/c1
(dinox:2): libnice-DEBUG: 15:44:08.304: Agent 0x587411038cd0 : selected pair priority is 782000ff:7e7f1eff:0
(dinox:2): libnice-DEBUG: 15:44:08.304: Agent 0x587411038cd0 : conn.check list status: 1 nominated, 1 valid, c-id 1.
(dinox:2): libnice-DEBUG: 15:44:08.304: Agent 0x587411038cd0 : Adding UDP remote candidate with addr [100.102.218.4]:61142 for s1/c1. U/P '(null)'/'(null)' prio: 7e7c1eff
(dinox:2): libnice-DEBUG: 15:44:08.304: Agent 0x587411038cd0 : do not create a pair that would have a priority 782000ff:7e7c1eff:0 lower than selected pair priority 782000ff:7e7f1eff:0.
(dinox:2): libnice-DEBUG: 15:44:08.304: Agent 0x587411038cd0 : do not create a pair that would have a priority 1e2000ff:7e7c1eff:0 lower than selected pair priority 782000ff:7e7f1eff:0.
(dinox:2): libnice-DEBUG: 15:44:08.304: Agent 0x587411038cd0 : conn_check_remote_candidates_set 1 1
(dinox:2): ice-DEBUG: 15:44:08.304: transport_parameters.vala:227: Updated to 2 remote candidates for candidate 1 via transport info
(dinox:2): libnice-DEBUG: 15:44:08.304: Agent 0x587411038cd0: set_remote_candidates 1 2
(dinox:2): ice-DEBUG: 15:44:08.304: transport_parameters.vala:227: Updated to 0 remote candidates for candidate 2 via transport info
(dinox:2): ice-DEBUG: 15:44:08.307: transport_parameters.vala:197: on_transport_info from ralf@chat.handwerker.jetzt/Monal-iOS.1d5a769a
(dinox:2): libnice-DEBUG: 15:44:08.307: Agent 0x587411038cd0: set_remote_candidates 1 1
(dinox:2): libnice-DEBUG: 15:44:08.307: Agent 0x587411038cd0 : Updating existing remote candidate with addr [10.0.50.11]:55003 for s1/c1. U/P '(null)'/'(null)' prio: 7e7f1eff
(dinox:2): libnice-DEBUG: 15:44:08.307: Agent 0x587411038cd0: Pruning pending checks for s1/c1
(dinox:2): libnice-DEBUG: 15:44:08.307: Agent 0x587411038cd0 : selected pair priority is 782000ff:7e7f1eff:0
(dinox:2): libnice-DEBUG: 15:44:08.307: Agent 0x587411038cd0 : conn.check list status: 1 nominated, 1 valid, c-id 1.
(dinox:2): libnice-DEBUG: 15:44:08.307: Agent 0x587411038cd0 : Updating existing remote candidate with addr [100.102.218.4]:61142 for s1/c1. U/P '(null)'/'(null)' prio: 7e7c1eff
(dinox:2): libnice-DEBUG: 15:44:08.307: Agent 0x587411038cd0: Pruning pending checks for s1/c1
(dinox:2): libnice-DEBUG: 15:44:08.307: Agent 0x587411038cd0 : selected pair priority is 782000ff:7e7f1eff:0
(dinox:2): libnice-DEBUG: 15:44:08.307: Agent 0x587411038cd0 : conn.check list status: 1 nominated, 1 valid, c-id 1.
(dinox:2): libnice-DEBUG: 15:44:08.307: Agent 0x587411038cd0 : Adding UDP remote candidate with addr [2a00:20:b2d4:4ca7:11ba:29e9:94c2:20b]:52924 for s1/c1. U/P '(null)'/'(null)' prio: 7e7e28ff
(dinox:2): libnice-DEBUG: 15:44:08.307: Agent 0x587411038cd0 : conn_check_remote_candidates_set 1 1
(dinox:2): ice-DEBUG: 15:44:08.307: transport_parameters.vala:227: Updated to 3 remote candidates for candidate 1 via transport info
(dinox:2): libnice-DEBUG: 15:44:08.307: Agent 0x587411038cd0: set_remote_candidates 1 2
(dinox:2): ice-DEBUG: 15:44:08.307: transport_parameters.vala:227: Updated to 0 remote candidates for candidate 2 via transport info
(dinox:2): ice-DEBUG: 15:44:08.309: transport_parameters.vala:197: on_transport_info from ralf@chat.handwerker.jetzt/Monal-iOS.1d5a769a
(dinox:2): libnice-DEBUG: 15:44:08.309: Agent 0x587411038cd0: set_remote_candidates 1 1
(dinox:2): libnice-DEBUG: 15:44:08.309: Agent 0x587411038cd0 : Updating existing remote candidate with addr [10.0.50.11]:55003 for s1/c1. U/P '(null)'/'(null)' prio: 7e7f1eff
(dinox:2): libnice-DEBUG: 15:44:08.309: Agent 0x587411038cd0: Pruning pending checks for s1/c1
(dinox:2): libnice-DEBUG: 15:44:08.309: Agent 0x587411038cd0 : selected pair priority is 782000ff:7e7f1eff:0
(dinox:2): libnice-DEBUG: 15:44:08.309: Agent 0x587411038cd0 : conn.check list status: 1 nominated, 1 valid, c-id 1.
(dinox:2): libnice-DEBUG: 15:44:08.309: Agent 0x587411038cd0 : Updating existing remote candidate with addr [100.102.218.4]:61142 for s1/c1. U/P '(null)'/'(null)' prio: 7e7c1eff
(dinox:2): libnice-DEBUG: 15:44:08.310: Agent 0x587411038cd0: Pruning pending checks for s1/c1
(dinox:2): libnice-DEBUG: 15:44:08.310: Agent 0x587411038cd0 : selected pair priority is 782000ff:7e7f1eff:0
(dinox:2): libnice-DEBUG: 15:44:08.310: Agent 0x587411038cd0 : conn.check list status: 1 nominated, 1 valid, c-id 1.
(dinox:2): libnice-DEBUG: 15:44:08.310: Agent 0x587411038cd0 : Updating existing remote candidate with addr [2a00:20:b2d4:4ca7:11ba:29e9:94c2:20b]:52924 for s1/c1. U/P '(null)'/'(null)' prio: 7e7e28ff
(dinox:2): libnice-DEBUG: 15:44:08.310: Agent 0x587411038cd0: Pruning pending checks for s1/c1
(dinox:2): libnice-DEBUG: 15:44:08.310: Agent 0x587411038cd0 : selected pair priority is 782000ff:7e7f1eff:0
(dinox:2): libnice-DEBUG: 15:44:08.310: Agent 0x587411038cd0 : conn.check list status: 1 nominated, 1 valid, c-id 1.
(dinox:2): libnice-DEBUG: 15:44:08.310: Agent 0x587411038cd0 : Adding UDP remote candidate with addr [2a00:20:30b5:df72:9c74:e13f:b8bc:ba50]:57020 for s1/c1. U/P '(null)'/'(null)' prio: 7e7d28ff
(dinox:2): libnice-DEBUG: 15:44:08.310: Agent 0x587411038cd0 : conn_check_remote_candidates_set 1 1
(dinox:2): ice-DEBUG: 15:44:08.310: transport_parameters.vala:227: Updated to 4 remote candidates for candidate 1 via transport info
(dinox:2): libnice-DEBUG: 15:44:08.310: Agent 0x587411038cd0: set_remote_candidates 1 2
(dinox:2): ice-DEBUG: 15:44:08.310: transport_parameters.vala:227: Updated to 0 remote candidates for candidate 2 via transport info
(dinox:2): libnice-stun-DEBUG: 15:44:08.310:  Message HMAC-SHA1 fingerprint: 0x06c2966a
(dinox:2): libnice-DEBUG: 15:44:08.310: Agent 0x587411038cd0 : resending STUN to keep the local candidate 10.0.50.15:39707 alive in s1/c2.
(dinox:2): libnice-DEBUG: 15:44:08.312: agent_recv_message_unlocked: Agent 0x587411038cd0 : Packet received on local socket 0x5874113b0f70 (fd 243) from [10.0.50.11]:57937 (64 octets).
(dinox:2): libnice-DEBUG: 15:44:08.312: compact_input_message: **WARNING: SLOW PATH**
(dinox:2): libnice-DEBUG: 15:44:08.312: Message 0x7206b0bf6980 (from: 0x7206b0bf5f90, length: 64)
(dinox:2): libnice-DEBUG: 15:44:08.312: 	Buffer 0x5874113eccb0 (length: 65535)
(dinox:2): libnice-DEBUG: 15:44:08.312: Agent 0x587411038cd0: inbound STUN packet for 2/1 (stream/component) from [10.0.50.11]:57937 (64 octets) :
(dinox:2): libnice-stun-DEBUG: 15:44:08.312: STUN demux: OK!
(dinox:2): libnice-stun-DEBUG: 15:44:08.312:  Message HMAC-SHA1 fingerprint:
(dinox:2): libnice-stun-DEBUG: 15:44:08.312:   key     : 0x33645a5a7768415068623654746b4b396b576533774c5064
(dinox:2): libnice-stun-DEBUG: 15:44:08.312:   expected: 0xd2b46fadaf1de392c86ba7c03504e3ff0f48b1d2
(dinox:2): libnice-stun-DEBUG: 15:44:08.312:   received: 0xd2b46fadaf1de392c86ba7c03504e3ff0f48b1d2
(dinox:2): libnice-stun-DEBUG: 15:44:08.312: STUN auth: OK!
(dinox:2): libnice-stun-DEBUG: 15:44:08.312: STUN unknown: 0 mandatory attribute(s)!
(dinox:2): libnice-stun-DEBUG: 15:44:08.312: Received 64-bytes STUN message
(dinox:2): libnice-stun-DEBUG: 15:44:08.312: Mapped address found!
(dinox:2): libnice-DEBUG: 15:44:08.312: Agent 0x587411038cd0 : stun_bind_process/conncheck for 0x587411528d40: controlling,res=success,stun#=0.
(dinox:2): libnice-DEBUG: 15:44:08.312: Agent 0x587411038cd0 : pair 0x587411528d40 MATCHED.
(dinox:2): libnice-DEBUG: 15:44:08.312: Agent 0x587411038cd0 : pair 0x587411528d40 state SUCCEEDED (priv_process_response_check_for_reflexive)
(dinox:2): libnice-DEBUG: 15:44:08.312: Agent 0x587411038cd0 : Updating nominated flag (UDP): ok_pair=0x587411528d40 (0/0) p=0x587411528d40 (0/0) (ucnc/mnora)
(dinox:2): libnice-DEBUG: 15:44:08.312: Agent 0x587411038cd0 : marking pair 0x587411528d40 (1:remote1) as nominated (aggressive nomination, controlling).
(dinox:2): libnice-DEBUG: 15:44:08.312: Agent 0x587411038cd0 : changing SELECTED PAIR for component 1: 1:remote1 (prio:6e7f1eff:782000ff:1).
(dinox:2): libnice-DEBUG: 15:44:08.312: setting SELECTED PAIR for component 1: 1:remote1 (prio:6e7f1eff:782000ff:1).
(dinox:2): libnice-stun-DEBUG: 15:44:08.312:  Message HMAC-SHA1 fingerprint: 0x650f7875
(dinox:2): libnice-DEBUG: 15:44:08.312: Agent 0x587411038cd0 : resending STUN to keep the selected base address 10.0.50.15:40252 alive in s2/c1.
(dinox:2): libnice-DEBUG: 15:44:08.312: Agent 0x587411038cd0: Local selected pair: 2:1 1 UDP 10.0.50.15:40252 HOST
(dinox:2): libnice-DEBUG: 15:44:08.312: Agent 0x587411038cd0: Remote selected pair: 2:1 remote1 UDP 10.0.50.11:57937 PEER-RFLX
(dinox:2): libnice-DEBUG: 15:44:08.312: Agent 0x587411038cd0 : *** conncheck list DUMP (called from priv_map_reply_to_conn_check_request, got a nominated pair)
(dinox:2): libnice-DEBUG: 15:44:08.312: Agent 0x587411038cd0 : *** agent nomination mode aggressive, controlling
(dinox:2): libnice-DEBUG: 15:44:08.313: Agent 0x587411038cd0 : *** sc=1/1 : pair 0x5874113e0e40 : f=1:2147351674 t=host:host sock=udp udp:[10.0.50.15]:43605 > udp:[10.0.50.11]:55003 prio=782000ff:7e7f1eff:0/6e2000ff state=SVN
(dinox:2): libnice-DEBUG: 15:44:08.313: Agent 0x587411038cd0 : *** sc=2/1 : pair 0x587411528d40 : f=1:remote1 t=host:prflx sock=udp udp:[10.0.50.15]:40252 > udp:[10.0.50.11]:57937 prio=6e7f1eff:782000ff:1/6e2000ff state=SVN
(dinox:2): libnice-DEBUG: 15:44:08.313: Agent 0x587411038cd0 : stream 2 component 1 STATE-CHANGE connecting -> connected.
(dinox:2): libnice-DEBUG: 15:44:08.313: Agent 0x587411038cd0: Pruning pending checks for s2/c1
(dinox:2): libnice-DEBUG: 15:44:08.313: Agent 0x587411038cd0 : selected pair priority is 6e7f1eff:782000ff:1
(dinox:2): libnice-DEBUG: 15:44:08.313: Agent 0x587411038cd0 : stream 2 component 1 STATE-CHANGE connected -> ready.
(dinox:2): libnice-DEBUG: 15:44:08.313: Agent 0x587411038cd0 : conn.check list status: 1 nominated, 1 valid, c-id 1.
(dinox:2): libnice-DEBUG: 15:44:08.313: agent_recv_message_unlocked: Valid STUN packet received.
(dinox:2): libnice-DEBUG: 15:44:08.313: agent_recv_message_unlocked: Agent 0x587411038cd0: no message available on read attempt
(dinox:2): libnice-DEBUG: 15:44:08.313: component_io_cb: 0x587411038cd0: no message available on read attempt
(dinox:2): ice-DEBUG: 15:44:08.313: transport_parameters.vala:291: new_selected_pair_full 1 [a=candidate:1 1 UDP 2015363327 10.0.50.15 40252 typ host, a=candidate:remote1 1 UDP 1853824767 10.0.50.11 57937 typ prflx]
(dinox:2): ice-DEBUG: 15:44:08.313: transport_parameters.vala:265: stream 2 component 1 state changed to ready
(dinox:2): ice-DEBUG: 15:44:08.313: transport_parameters.vala:265: stream 2 component 1 state changed to ready
(dinox:2): ice-DEBUG: 15:44:08.313: transport_parameters.vala:197: on_transport_info from ralf@chat.handwerker.jetzt/Monal-iOS.1d5a769a
(dinox:2): libnice-DEBUG: 15:44:08.313: Agent 0x587411038cd0: set_remote_candidates 1 1
(dinox:2): libnice-DEBUG: 15:44:08.313: Agent 0x587411038cd0 : Updating existing remote candidate with addr [10.0.50.11]:55003 for s1/c1. U/P '(null)'/'(null)' prio: 7e7f1eff
(dinox:2): libnice-DEBUG: 15:44:08.313: Agent 0x587411038cd0: Pruning pending checks for s1/c1
(dinox:2): libnice-DEBUG: 15:44:08.313: Agent 0x587411038cd0 : selected pair priority is 782000ff:7e7f1eff:0
(dinox:2): libnice-DEBUG: 15:44:08.313: Agent 0x587411038cd0 : conn.check list status: 1 nominated, 1 valid, c-id 1.
(dinox:2): libnice-DEBUG: 15:44:08.313: Agent 0x587411038cd0 : Updating existing remote candidate with addr [100.102.218.4]:61142 for s1/c1. U/P '(null)'/'(null)' prio: 7e7c1eff
(dinox:2): libnice-DEBUG: 15:44:08.313: Agent 0x587411038cd0: Pruning pending checks for s1/c1
(dinox:2): libnice-DEBUG: 15:44:08.313: Agent 0x587411038cd0 : selected pair priority is 782000ff:7e7f1eff:0
(dinox:2): libnice-DEBUG: 15:44:08.313: Agent 0x587411038cd0 : conn.check list status: 1 nominated, 1 valid, c-id 1.
(dinox:2): libnice-DEBUG: 15:44:08.313: Agent 0x587411038cd0 : Updating existing remote candidate with addr [2a00:20:b2d4:4ca7:11ba:29e9:94c2:20b]:52924 for s1/c1. U/P '(null)'/'(null)' prio: 7e7e28ff
(dinox:2): libnice-DEBUG: 15:44:08.313: Agent 0x587411038cd0: Pruning pending checks for s1/c1
(dinox:2): libnice-DEBUG: 15:44:08.313: Agent 0x587411038cd0 : selected pair priority is 782000ff:7e7f1eff:0
(dinox:2): libnice-DEBUG: 15:44:08.313: Agent 0x587411038cd0 : conn.check list status: 1 nominated, 1 valid, c-id 1.
(dinox:2): libnice-DEBUG: 15:44:08.313: Agent 0x587411038cd0 : Updating existing remote candidate with addr [2a00:20:30b5:df72:9c74:e13f:b8bc:ba50]:57020 for s1/c1. U/P '(null)'/'(null)' prio: 7e7d28ff
(dinox:2): libnice-DEBUG: 15:44:08.313: Agent 0x587411038cd0: Pruning pending checks for s1/c1
(dinox:2): libnice-DEBUG: 15:44:08.313: Agent 0x587411038cd0 : selected pair priority is 782000ff:7e7f1eff:0
(dinox:2): libnice-DEBUG: 15:44:08.313: Agent 0x587411038cd0 : conn.check list status: 1 nominated, 1 valid, c-id 1.
(dinox:2): libnice-DEBUG: 15:44:08.313: Agent 0x587411038cd0 : Adding UDP remote candidate with addr [2a00:20:30b5:df72:9c74:e13f:b8bc:ba50]:52961 for s1/c1. U/P '(null)'/'(null)' prio: 7e7b28ff
(dinox:2): libnice-DEBUG: 15:44:08.313: Agent 0x587411038cd0 : conn_check_remote_candidates_set 1 1
(dinox:2): ice-DEBUG: 15:44:08.313: transport_parameters.vala:227: Updated to 5 remote candidates for candidate 1 via transport info
(dinox:2): libnice-DEBUG: 15:44:08.313: Agent 0x587411038cd0: set_remote_candidates 1 2
(dinox:2): ice-DEBUG: 15:44:08.313: transport_parameters.vala:227: Updated to 0 remote candidates for candidate 2 via transport info
(dinox:2): libnice-DEBUG: 15:44:08.314: agent_recv_message_unlocked: Agent 0x587411038cd0 : Packet received on local socket 0x58740d12cb10 (fd 232) from [212.87.214.35]:3478 (52 octets).
(dinox:2): libnice-DEBUG: 15:44:08.314: Agent 0x587411038cd0 : Packet received from TURN server candidate.
(dinox:2): libnice-DEBUG: 15:44:08.314: compact_input_message: **WARNING: SLOW PATH**
(dinox:2): libnice-DEBUG: 15:44:08.314: Message 0x7206b33fa980 (from: 0x7206b33f9f90, length: 52)
(dinox:2): libnice-DEBUG: 15:44:08.314: 	Buffer 0x5874113371c0 (length: 65535)
(dinox:2): libnice-DEBUG: 15:44:08.314: Agent 0x587411038cd0: inbound STUN packet for 1/1 (stream/component) from [212.87.214.35]:3478 (52 octets) :
(dinox:2): libnice-stun-DEBUG: 15:44:08.314: STUN demux error: no FINGERPRINT attribute!
(dinox:2): libnice-DEBUG: 15:44:08.314: Comparing r.sid=1 to sid=1, r.cid=1 to cid=1 and 0x58740d12cb10 and 0x720748014ff0 to 0x58740d12cb10
(dinox:2): libnice-DEBUG: 15:44:08.314: Validating gave 6
(dinox:2): libnice-DEBUG: 15:44:08.314: Comparing r.sid=1 to sid=1, r.cid=2 to cid=1 and 0x587411309130 and 0x720748006b10 to 0x58740d12cb10
(dinox:2): libnice-DEBUG: 15:44:08.314: Comparing r.sid=2 to sid=1, r.cid=1 to cid=1 and 0x5874113b0f70 and 0x720750005f70 to 0x58740d12cb10
(dinox:2): libnice-DEBUG: 15:44:08.314: Comparing r.sid=2 to sid=1, r.cid=2 to cid=1 and 0x58740e1ff4e0 and 0x720750007b20 to 0x58740d12cb10
(dinox:2): libnice-DEBUG: 15:44:08.314: Agent 0x587411038cd0 : Valid STUN response for which we don't have a request, ignoring
(dinox:2): libnice-DEBUG: 15:44:08.314: agent_recv_message_unlocked: Valid STUN packet received.
(dinox:2): libnice-DEBUG: 15:44:08.314: agent_recv_message_unlocked: Agent 0x587411038cd0: no message available on read attempt
(dinox:2): libnice-DEBUG: 15:44:08.314: component_io_cb: 0x587411038cd0: no message available on read attempt
(dinox:2): ice-DEBUG: 15:44:08.318: transport_parameters.vala:197: on_transport_info from ralf@chat.handwerker.jetzt/Monal-iOS.1d5a769a
(dinox:2): libnice-DEBUG: 15:44:08.318: Agent 0x587411038cd0: set_remote_candidates 1 1
(dinox:2): libnice-DEBUG: 15:44:08.318: Agent 0x587411038cd0 : Updating existing remote candidate with addr [10.0.50.11]:55003 for s1/c1. U/P '(null)'/'(null)' prio: 7e7f1eff
(dinox:2): libnice-DEBUG: 15:44:08.318: Agent 0x587411038cd0: Pruning pending checks for s1/c1
(dinox:2): libnice-DEBUG: 15:44:08.318: Agent 0x587411038cd0 : selected pair priority is 782000ff:7e7f1eff:0
(dinox:2): libnice-DEBUG: 15:44:08.318: Agent 0x587411038cd0 : conn.check list status: 1 nominated, 1 valid, c-id 1.
(dinox:2): libnice-DEBUG: 15:44:08.318: Agent 0x587411038cd0 : Updating existing remote candidate with addr [100.102.218.4]:61142 for s1/c1. U/P '(null)'/'(null)' prio: 7e7c1eff
(dinox:2): libnice-DEBUG: 15:44:08.318: Agent 0x587411038cd0: Pruning pending checks for s1/c1
(dinox:2): libnice-DEBUG: 15:44:08.318: Agent 0x587411038cd0 : selected pair priority is 782000ff:7e7f1eff:0
(dinox:2): libnice-DEBUG: 15:44:08.318: Agent 0x587411038cd0 : conn.check list status: 1 nominated, 1 valid, c-id 1.
(dinox:2): libnice-DEBUG: 15:44:08.318: Agent 0x587411038cd0 : Updating existing remote candidate with addr [2a00:20:b2d4:4ca7:11ba:29e9:94c2:20b]:52924 for s1/c1. U/P '(null)'/'(null)' prio: 7e7e28ff
(dinox:2): libnice-DEBUG: 15:44:08.318: Agent 0x587411038cd0: Pruning pending checks for s1/c1
(dinox:2): libnice-DEBUG: 15:44:08.318: Agent 0x587411038cd0 : selected pair priority is 782000ff:7e7f1eff:0
(dinox:2): libnice-DEBUG: 15:44:08.318: Agent 0x587411038cd0 : conn.check list status: 1 nominated, 1 valid, c-id 1.
(dinox:2): libnice-DEBUG: 15:44:08.318: Agent 0x587411038cd0 : Updating existing remote candidate with addr [2a00:20:30b5:df72:9c74:e13f:b8bc:ba50]:57020 for s1/c1. U/P '(null)'/'(null)' prio: 7e7d28ff
(dinox:2): libnice-DEBUG: 15:44:08.318: Agent 0x587411038cd0: Pruning pending checks for s1/c1
(dinox:2): libnice-DEBUG: 15:44:08.318: Agent 0x587411038cd0 : selected pair priority is 782000ff:7e7f1eff:0
(dinox:2): libnice-DEBUG: 15:44:08.318: Agent 0x587411038cd0 : conn.check list status: 1 nominated, 1 valid, c-id 1.
(dinox:2): libnice-DEBUG: 15:44:08.318: Agent 0x587411038cd0 : Updating existing remote candidate with addr [2a00:20:30b5:df72:9c74:e13f:b8bc:ba50]:52961 for s1/c1. U/P '(null)'/'(null)' prio: 7e7b28ff
(dinox:2): libnice-DEBUG: 15:44:08.318: Agent 0x587411038cd0: Pruning pending checks for s1/c1
(dinox:2): libnice-DEBUG: 15:44:08.318: Agent 0x587411038cd0 : selected pair priority is 782000ff:7e7f1eff:0
(dinox:2): libnice-DEBUG: 15:44:08.318: Agent 0x587411038cd0 : conn.check list status: 1 nominated, 1 valid, c-id 1.
(dinox:2): libnice-DEBUG: 15:44:08.318: Agent 0x587411038cd0 : Adding UDP remote candidate with addr [2a00:20:30b5:df72:9c74:e13f:b8bc:ba50]:61487 for s1/c1. U/P '(null)'/'(null)' prio: 7e7a28ff
(dinox:2): libnice-DEBUG: 15:44:08.318: Agent 0x587411038cd0 : conn_check_remote_candidates_set 1 1
(dinox:2): ice-DEBUG: 15:44:08.318: transport_parameters.vala:227: Updated to 6 remote candidates for candidate 1 via transport info
(dinox:2): libnice-DEBUG: 15:44:08.318: Agent 0x587411038cd0: set_remote_candidates 1 2
(dinox:2): ice-DEBUG: 15:44:08.318: transport_parameters.vala:227: Updated to 0 remote candidates for candidate 2 via transport info
(dinox:2): ice-DEBUG: 15:44:08.321: transport_parameters.vala:197: on_transport_info from ralf@chat.handwerker.jetzt/Monal-iOS.1d5a769a
(dinox:2): libnice-DEBUG: 15:44:08.321: Agent 0x587411038cd0: set_remote_candidates 1 1
(dinox:2): libnice-DEBUG: 15:44:08.321: Agent 0x587411038cd0 : Updating existing remote candidate with addr [10.0.50.11]:55003 for s1/c1. U/P '(null)'/'(null)' prio: 7e7f1eff
(dinox:2): libnice-DEBUG: 15:44:08.321: Agent 0x587411038cd0: Pruning pending checks for s1/c1
(dinox:2): libnice-DEBUG: 15:44:08.321: Agent 0x587411038cd0 : selected pair priority is 782000ff:7e7f1eff:0
(dinox:2): libnice-DEBUG: 15:44:08.321: Agent 0x587411038cd0 : conn.check list status: 1 nominated, 1 valid, c-id 1.
(dinox:2): libnice-DEBUG: 15:44:08.321: Agent 0x587411038cd0 : Updating existing remote candidate with addr [100.102.218.4]:61142 for s1/c1. U/P '(null)'/'(null)' prio: 7e7c1eff
(dinox:2): libnice-DEBUG: 15:44:08.321: Agent 0x587411038cd0: Pruning pending checks for s1/c1
(dinox:2): libnice-DEBUG: 15:44:08.321: Agent 0x587411038cd0 : selected pair priority is 782000ff:7e7f1eff:0
(dinox:2): libnice-DEBUG: 15:44:08.321: Agent 0x587411038cd0 : conn.check list status: 1 nominated, 1 valid, c-id 1.
(dinox:2): libnice-DEBUG: 15:44:08.321: Agent 0x587411038cd0 : Updating existing remote candidate with addr [2a00:20:b2d4:4ca7:11ba:29e9:94c2:20b]:52924 for s1/c1. U/P '(null)'/'(null)' prio: 7e7e28ff
(dinox:2): libnice-DEBUG: 15:44:08.321: Agent 0x587411038cd0: Pruning pending checks for s1/c1
(dinox:2): libnice-DEBUG: 15:44:08.321: Agent 0x587411038cd0 : selected pair priority is 782000ff:7e7f1eff:0
(dinox:2): libnice-DEBUG: 15:44:08.321: Agent 0x587411038cd0 : conn.check list status: 1 nominated, 1 valid, c-id 1.
(dinox:2): libnice-DEBUG: 15:44:08.321: Agent 0x587411038cd0 : Updating existing remote candidate with addr [2a00:20:30b5:df72:9c74:e13f:b8bc:ba50]:57020 for s1/c1. U/P '(null)'/'(null)' prio: 7e7d28ff
(dinox:2): libnice-DEBUG: 15:44:08.321: Agent 0x587411038cd0: Pruning pending checks for s1/c1
(dinox:2): libnice-DEBUG: 15:44:08.321: Agent 0x587411038cd0 : selected pair priority is 782000ff:7e7f1eff:0
(dinox:2): libnice-DEBUG: 15:44:08.321: Agent 0x587411038cd0 : conn.check list status: 1 nominated, 1 valid, c-id 1.
(dinox:2): libnice-DEBUG: 15:44:08.321: Agent 0x587411038cd0 : Updating existing remote candidate with addr [2a00:20:30b5:df72:9c74:e13f:b8bc:ba50]:52961 for s1/c1. U/P '(null)'/'(null)' prio: 7e7b28ff
(dinox:2): libnice-DEBUG: 15:44:08.321: Agent 0x587411038cd0: Pruning pending checks for s1/c1
(dinox:2): libnice-DEBUG: 15:44:08.321: Agent 0x587411038cd0 : selected pair priority is 782000ff:7e7f1eff:0
(dinox:2): libnice-DEBUG: 15:44:08.321: Agent 0x587411038cd0 : conn.check list status: 1 nominated, 1 valid, c-id 1.
(dinox:2): libnice-DEBUG: 15:44:08.321: Agent 0x587411038cd0 : Updating existing remote candidate with addr [2a00:20:30b5:df72:9c74:e13f:b8bc:ba50]:61487 for s1/c1. U/P '(null)'/'(null)' prio: 7e7a28ff
(dinox:2): libnice-DEBUG: 15:44:08.321: Agent 0x587411038cd0: Pruning pending checks for s1/c1
(dinox:2): libnice-DEBUG: 15:44:08.321: Agent 0x587411038cd0 : selected pair priority is 782000ff:7e7f1eff:0
(dinox:2): libnice-DEBUG: 15:44:08.321: Agent 0x587411038cd0 : conn.check list status: 1 nominated, 1 valid, c-id 1.
(dinox:2): libnice-DEBUG: 15:44:08.321: Agent 0x587411038cd0 : Adding UDP remote candidate with addr [2a00:20:30b5:df72:9c74:e13f:b8bc:ba50]:54309 for s1/c1. U/P '(null)'/'(null)' prio: 7e7928ff
(dinox:2): libnice-DEBUG: 15:44:08.321: Agent 0x587411038cd0 : conn_check_remote_candidates_set 1 1
(dinox:2): ice-DEBUG: 15:44:08.321: transport_parameters.vala:227: Updated to 7 remote candidates for candidate 1 via transport info
(dinox:2): libnice-DEBUG: 15:44:08.321: Agent 0x587411038cd0: set_remote_candidates 1 2
(dinox:2): ice-DEBUG: 15:44:08.321: transport_parameters.vala:227: Updated to 0 remote candidates for candidate 2 via transport info
(dinox:2): libnice-DEBUG: 15:44:08.323: Agent 0x587411038cd0 : waiting 5000 msecs before checking for failed components.
(dinox:2): ice-DEBUG: 15:44:08.324: transport_parameters.vala:197: on_transport_info from ralf@chat.handwerker.jetzt/Monal-iOS.1d5a769a
(dinox:2): libnice-DEBUG: 15:44:08.324: Agent 0x587411038cd0: set_remote_candidates 2 1
(dinox:2): libnice-DEBUG: 15:44:08.324: Agent 0x587411038cd0 : Updating existing peer-rfx remote candidate to host
(dinox:2): libnice-DEBUG: 15:44:08.324: Agent 0x587411038cd0 : Updating existing remote candidate with addr [10.0.50.11]:57937 for s2/c1. U/P '(null)'/'(null)' prio: 7e7f1eff
(dinox:2): libnice-DEBUG: 15:44:08.324: Agent 0x587411038cd0 : Updating pair 0x587411528d40 foundation to '1:2147351674'
(dinox:2): libnice-DEBUG: 15:44:08.324: Agent 0x587411038cd0 : pair 0x587411528d40 is the selected pair, updating its priority.
(dinox:2): libnice-DEBUG: 15:44:08.324: Agent 0x587411038cd0 : updating SELECTED PAIR for component 1: 1:2147351674 (prio:782000ff:7e7f1eff:0).
(dinox:2): libnice-DEBUG: 15:44:08.324: Agent 0x587411038cd0: Local selected pair: 2:1 1 UDP 10.0.50.15:40252 HOST
(dinox:2): libnice-DEBUG: 15:44:08.324: Agent 0x587411038cd0: Remote selected pair: 2:1 2147351674 UDP 10.0.50.11:57937 HOST
(dinox:2): libnice-DEBUG: 15:44:08.324: Agent 0x587411038cd0: Pruning pending checks for s2/c1
(dinox:2): libnice-DEBUG: 15:44:08.324: Agent 0x587411038cd0 : selected pair priority is 782000ff:7e7f1eff:0
(dinox:2): libnice-DEBUG: 15:44:08.324: Agent 0x587411038cd0 : conn.check list status: 1 nominated, 1 valid, c-id 1.
(dinox:2): libnice-DEBUG: 15:44:08.324: Agent 0x587411038cd0 : conn_check_remote_candidates_set 2 1
(dinox:2): ice-DEBUG: 15:44:08.324: transport_parameters.vala:291: new_selected_pair_full 1 [a=candidate:1 1 UDP 2015363327 10.0.50.15 40252 typ host, a=candidate:2147351674 1 UDP 2122260223 10.0.50.11 57937 typ host]
(dinox:2): ice-DEBUG: 15:44:08.324: transport_parameters.vala:227: Updated to 1 remote candidates for candidate 1 via transport info
(dinox:2): libnice-DEBUG: 15:44:08.324: Agent 0x587411038cd0: set_remote_candidates 2 2
(dinox:2): ice-DEBUG: 15:44:08.324: transport_parameters.vala:227: Updated to 0 remote candidates for candidate 2 via transport info
(dinox:2): libnice-DEBUG: 15:44:08.331: agent_recv_message_unlocked: Agent 0x587411038cd0 : Packet received on local socket 0x5874113b0f70 (fd 243) from [10.0.50.11]:57937 (157 octets).
(dinox:2): libnice-stun-DEBUG: 15:44:08.331: STUN error: Incomplete message: 157 of 65300 bytes!
(dinox:2): libnice-DEBUG: 15:44:08.331: component_io_cb: 0x587411038cd0: received a valid message with 157 bytes
(dinox:2): libnice-DEBUG: 15:44:08.331: agent_recv_message_unlocked: Agent 0x587411038cd0 : Packet received on local socket 0x58740d12cb10 (fd 232) from [10.0.50.11]:55003 (157 octets).
(dinox:2): libnice-stun-DEBUG: 15:44:08.331: STUN error: Incomplete message: 157 of 65300 bytes!
(dinox:2): libnice-DEBUG: 15:44:08.331: component_io_cb: 0x587411038cd0: received a valid message with 157 bytes
(dinox:2): libnice-DEBUG: 15:44:08.331: agent_recv_message_unlocked: Agent 0x587411038cd0: no message available on read attempt
(dinox:2): libnice-DEBUG: 15:44:08.331: component_io_cb: 0x587411038cd0: no message available on read attempt
(dinox:2): libnice-DEBUG: 15:44:08.331: agent_recv_message_unlocked: Agent 0x587411038cd0: no message available on read attempt
(dinox:2): libnice-DEBUG: 15:44:08.331: component_io_cb: 0x587411038cd0: no message available on read attempt
(dinox:2): libnice-stun-DEBUG: 15:44:08.333:  Message HMAC-SHA1 fingerprint: 0x4b291306
(dinox:2): libnice-stun-DEBUG: 15:44:08.333:  Message HMAC-SHA1 fingerprint: 0xdf250fa1
(dinox:2): libnice-DEBUG: 15:44:08.333: Agent 0x587411038cd0 : resending STUN to keep the local candidate 10.0.50.15:38323 alive in s2/c2.
(dinox:2): libnice-DEBUG: 15:44:08.333: agent_recv_message_unlocked: Agent 0x587411038cd0 : Packet received on local socket 0x587411309130 (fd 234) from [212.87.214.35]:3478 (52 octets).
(dinox:2): libnice-DEBUG: 15:44:08.333: Agent 0x587411038cd0 : Packet received from TURN server candidate.
(dinox:2): libnice-DEBUG: 15:44:08.333: compact_input_message: **WARNING: SLOW PATH**
(dinox:2): libnice-DEBUG: 15:44:08.333: Message 0x7206b33fa980 (from: 0x7206b33f9f90, length: 52)
(dinox:2): libnice-DEBUG: 15:44:08.333: 	Buffer 0x58741135a640 (length: 65535)
(dinox:2): libnice-DEBUG: 15:44:08.333: Agent 0x587411038cd0: inbound STUN packet for 1/2 (stream/component) from [212.87.214.35]:3478 (52 octets) :
(dinox:2): libnice-stun-DEBUG: 15:44:08.333: STUN demux error: no FINGERPRINT attribute!
(dinox:2): libnice-DEBUG: 15:44:08.333: Comparing r.sid=1 to sid=1, r.cid=1 to cid=2 and 0x58740d12cb10 and 0x720748014ff0 to 0x587411309130
(dinox:2): libnice-DEBUG: 15:44:08.333: Comparing r.sid=1 to sid=1, r.cid=2 to cid=2 and 0x587411309130 and 0x720748006b10 to 0x587411309130
(dinox:2): libnice-DEBUG: 15:44:08.333: Validating gave 6
(dinox:2): libnice-DEBUG: 15:44:08.333: Comparing r.sid=2 to sid=1, r.cid=1 to cid=2 and 0x5874113b0f70 and 0x720750005f70 to 0x587411309130
(dinox:2): libnice-DEBUG: 15:44:08.333: Comparing r.sid=2 to sid=1, r.cid=2 to cid=2 and 0x58740e1ff4e0 and 0x720750007b20 to 0x587411309130
(dinox:2): libnice-DEBUG: 15:44:08.333: Agent 0x587411038cd0 : Valid STUN response for which we don't have a request, ignoring
(dinox:2): libnice-DEBUG: 15:44:08.333: agent_recv_message_unlocked: Valid STUN packet received.
(dinox:2): libnice-DEBUG: 15:44:08.333: agent_recv_message_unlocked: Agent 0x587411038cd0: no message available on read attempt
(dinox:2): libnice-DEBUG: 15:44:08.333: component_io_cb: 0x587411038cd0: no message available on read attempt
(dinox:2): ice-DEBUG: 15:44:08.338: transport_parameters.vala:197: on_transport_info from ralf@chat.handwerker.jetzt/Monal-iOS.1d5a769a
(dinox:2): libnice-DEBUG: 15:44:08.338: Agent 0x587411038cd0: set_remote_candidates 2 1
(dinox:2): libnice-DEBUG: 15:44:08.338: Agent 0x587411038cd0 : Updating existing remote candidate with addr [10.0.50.11]:57937 for s2/c1. U/P '(null)'/'(null)' prio: 7e7f1eff
(dinox:2): libnice-DEBUG: 15:44:08.338: Agent 0x587411038cd0: Pruning pending checks for s2/c1
(dinox:2): libnice-DEBUG: 15:44:08.338: Agent 0x587411038cd0 : selected pair priority is 782000ff:7e7f1eff:0
(dinox:2): libnice-DEBUG: 15:44:08.338: Agent 0x587411038cd0 : conn.check list status: 1 nominated, 1 valid, c-id 1.
(dinox:2): libnice-DEBUG: 15:44:08.338: Agent 0x587411038cd0 : Adding UDP remote candidate with addr [100.102.218.4]:63107 for s2/c1. U/P '(null)'/'(null)' prio: 7e7c1eff
(dinox:2): libnice-DEBUG: 15:44:08.338: Agent 0x587411038cd0 : do not create a pair that would have a priority 782000ff:7e7c1eff:0 lower than selected pair priority 782000ff:7e7f1eff:0.
(dinox:2): libnice-DEBUG: 15:44:08.338: Agent 0x587411038cd0 : do not create a pair that would have a priority 1e2000ff:7e7c1eff:0 lower than selected pair priority 782000ff:7e7f1eff:0.
(dinox:2): libnice-DEBUG: 15:44:08.338: Agent 0x587411038cd0 : conn_check_remote_candidates_set 2 1
(dinox:2): ice-DEBUG: 15:44:08.338: transport_parameters.vala:227: Updated to 2 remote candidates for candidate 1 via transport info
(dinox:2): libnice-DEBUG: 15:44:08.338: Agent 0x587411038cd0: set_remote_candidates 2 2
(dinox:2): ice-DEBUG: 15:44:08.338: transport_parameters.vala:227: Updated to 0 remote candidates for candidate 2 via transport info
(dinox:2): ice-DEBUG: 15:44:08.341: transport_parameters.vala:197: on_transport_info from ralf@chat.handwerker.jetzt/Monal-iOS.1d5a769a
(dinox:2): libnice-DEBUG: 15:44:08.341: Agent 0x587411038cd0: set_remote_candidates 2 1
(dinox:2): libnice-DEBUG: 15:44:08.341: Agent 0x587411038cd0 : Updating existing remote candidate with addr [10.0.50.11]:57937 for s2/c1. U/P '(null)'/'(null)' prio: 7e7f1eff
(dinox:2): libnice-DEBUG: 15:44:08.341: Agent 0x587411038cd0: Pruning pending checks for s2/c1
(dinox:2): libnice-DEBUG: 15:44:08.341: Agent 0x587411038cd0 : selected pair priority is 782000ff:7e7f1eff:0
(dinox:2): libnice-DEBUG: 15:44:08.341: Agent 0x587411038cd0 : conn.check list status: 1 nominated, 1 valid, c-id 1.
(dinox:2): libnice-DEBUG: 15:44:08.341: Agent 0x587411038cd0 : Updating existing remote candidate with addr [100.102.218.4]:63107 for s2/c1. U/P '(null)'/'(null)' prio: 7e7c1eff
(dinox:2): libnice-DEBUG: 15:44:08.341: Agent 0x587411038cd0: Pruning pending checks for s2/c1
(dinox:2): libnice-DEBUG: 15:44:08.341: Agent 0x587411038cd0 : selected pair priority is 782000ff:7e7f1eff:0
(dinox:2): libnice-DEBUG: 15:44:08.341: Agent 0x587411038cd0 : conn.check list status: 1 nominated, 1 valid, c-id 1.
(dinox:2): libnice-DEBUG: 15:44:08.341: Agent 0x587411038cd0 : Adding UDP remote candidate with addr [2a00:20:b2d4:4ca7:11ba:29e9:94c2:20b]:65393 for s2/c1. U/P '(null)'/'(null)' prio: 7e7e28ff
(dinox:2): libnice-DEBUG: 15:44:08.341: Agent 0x587411038cd0 : conn_check_remote_candidates_set 2 1
(dinox:2): ice-DEBUG: 15:44:08.341: transport_parameters.vala:227: Updated to 3 remote candidates for candidate 1 via transport info
(dinox:2): libnice-DEBUG: 15:44:08.341: Agent 0x587411038cd0: set_remote_candidates 2 2
(dinox:2): ice-DEBUG: 15:44:08.341: transport_parameters.vala:227: Updated to 0 remote candidates for candidate 2 via transport info
(dinox:2): ice-DEBUG: 15:44:08.351: transport_parameters.vala:197: on_transport_info from ralf@chat.handwerker.jetzt/Monal-iOS.1d5a769a
(dinox:2): libnice-DEBUG: 15:44:08.351: Agent 0x587411038cd0: set_remote_candidates 2 1
(dinox:2): libnice-DEBUG: 15:44:08.351: Agent 0x587411038cd0 : Updating existing remote candidate with addr [10.0.50.11]:57937 for s2/c1. U/P '(null)'/'(null)' prio: 7e7f1eff
(dinox:2): libnice-DEBUG: 15:44:08.351: Agent 0x587411038cd0: Pruning pending checks for s2/c1
(dinox:2): libnice-DEBUG: 15:44:08.351: Agent 0x587411038cd0 : selected pair priority is 782000ff:7e7f1eff:0
(dinox:2): libnice-DEBUG: 15:44:08.352: Agent 0x587411038cd0 : conn.check list status: 1 nominated, 1 valid, c-id 1.
(dinox:2): libnice-DEBUG: 15:44:08.352: Agent 0x587411038cd0 : Updating existing remote candidate with addr [100.102.218.4]:63107 for s2/c1. U/P '(null)'/'(null)' prio: 7e7c1eff
(dinox:2): libnice-DEBUG: 15:44:08.352: Agent 0x587411038cd0: Pruning pending checks for s2/c1
(dinox:2): libnice-DEBUG: 15:44:08.352: Agent 0x587411038cd0 : selected pair priority is 782000ff:7e7f1eff:0
(dinox:2): libnice-DEBUG: 15:44:08.352: Agent 0x587411038cd0 : conn.check list status: 1 nominated, 1 valid, c-id 1.
(dinox:2): libnice-DEBUG: 15:44:08.352: Agent 0x587411038cd0 : Updating existing remote candidate with addr [2a00:20:b2d4:4ca7:11ba:29e9:94c2:20b]:65393 for s2/c1. U/P '(null)'/'(null)' prio: 7e7e28ff
(dinox:2): libnice-DEBUG: 15:44:08.352: Agent 0x587411038cd0: Pruning pending checks for s2/c1
(dinox:2): libnice-DEBUG: 15:44:08.352: Agent 0x587411038cd0 : selected pair priority is 782000ff:7e7f1eff:0
(dinox:2): libnice-DEBUG: 15:44:08.352: Agent 0x587411038cd0 : conn.check list status: 1 nominated, 1 valid, c-id 1.
(dinox:2): libnice-DEBUG: 15:44:08.352: Agent 0x587411038cd0 : Adding UDP remote candidate with addr [2a00:20:30b5:df72:9c74:e13f:b8bc:ba50]:64615 for s2/c1. U/P '(null)'/'(null)' prio: 7e7d28ff
(dinox:2): libnice-DEBUG: 15:44:08.352: Agent 0x587411038cd0 : conn_check_remote_candidates_set 2 1
(dinox:2): ice-DEBUG: 15:44:08.352: transport_parameters.vala:227: Updated to 4 remote candidates for candidate 1 via transport info
(dinox:2): libnice-DEBUG: 15:44:08.352: Agent 0x587411038cd0: set_remote_candidates 2 2
(dinox:2): ice-DEBUG: 15:44:08.352: transport_parameters.vala:227: Updated to 0 remote candidates for candidate 2 via transport info
(dinox:2): libnice-stun-DEBUG: 15:44:08.353:  Message HMAC-SHA1 fingerprint: 0xf2bcb4e8
(dinox:2): libnice-stun-DEBUG: 15:44:08.353:  Message HMAC-SHA1 fingerprint: 0x87b3fd3b
(dinox:2): rtp-DEBUG: 15:44:08.355: plugin.vala:234: Latency message from pipewiredevice0_vp8_encoder_encode: live=true, min_latency=0, max_latency=18446744073709551615
(dinox:2): libnice-DEBUG: 15:44:08.360: agent_recv_message_unlocked: Agent 0x587411038cd0 : Packet received on local socket 0x58740e1ff4e0 (fd 245) from [212.87.214.35]:3478 (52 octets).
(dinox:2): libnice-DEBUG: 15:44:08.360: Agent 0x587411038cd0 : Packet received from TURN server candidate.
(dinox:2): libnice-DEBUG: 15:44:08.360: compact_input_message: **WARNING: SLOW PATH**
(dinox:2): libnice-DEBUG: 15:44:08.360: Message 0x7206b0bf6980 (from: 0x7206b0bf5f90, length: 52)
(dinox:2): libnice-DEBUG: 15:44:08.360: 	Buffer 0x587411410130 (length: 65535)
(dinox:2): libnice-DEBUG: 15:44:08.360: Agent 0x587411038cd0: inbound STUN packet for 2/2 (stream/component) from [212.87.214.35]:3478 (52 octets) :
(dinox:2): libnice-stun-DEBUG: 15:44:08.361: STUN demux error: no FINGERPRINT attribute!
(dinox:2): libnice-DEBUG: 15:44:08.361: Comparing r.sid=1 to sid=2, r.cid=1 to cid=2 and 0x58740d12cb10 and 0x720748014ff0 to 0x58740e1ff4e0
(dinox:2): libnice-DEBUG: 15:44:08.361: Comparing r.sid=1 to sid=2, r.cid=2 to cid=2 and 0x587411309130 and 0x720748006b10 to 0x58740e1ff4e0
(dinox:2): libnice-DEBUG: 15:44:08.361: Comparing r.sid=2 to sid=2, r.cid=1 to cid=2 and 0x5874113b0f70 and 0x720750005f70 to 0x58740e1ff4e0
(dinox:2): libnice-DEBUG: 15:44:08.361: Comparing r.sid=2 to sid=2, r.cid=2 to cid=2 and 0x58740e1ff4e0 and 0x720750007b20 to 0x58740e1ff4e0
(dinox:2): libnice-DEBUG: 15:44:08.361: Validating gave 6
(dinox:2): libnice-DEBUG: 15:44:08.361: Agent 0x587411038cd0 : Valid STUN response for which we don't have a request, ignoring
(dinox:2): libnice-DEBUG: 15:44:08.361: agent_recv_message_unlocked: Valid STUN packet received.
(dinox:2): libnice-DEBUG: 15:44:08.361: agent_recv_message_unlocked: Agent 0x587411038cd0: no message available on read attempt
(dinox:2): libnice-DEBUG: 15:44:08.361: component_io_cb: 0x587411038cd0: no message available on read attempt
(dinox:2): libnice-stun-DEBUG: 15:44:08.384: STUN transaction retransmitted (timeout 1000ms).
(dinox:2): rtp-DEBUG: 15:44:08.384: plugin.vala:234: Latency message from rtp_sink_1: live=true, min_latency=20000000, max_latency=18446744073709551615
(dinox:2): libnice-stun-DEBUG: 15:44:08.404: STUN transaction retransmitted (timeout 1000ms).
(dinox:2): libnice-DEBUG: 15:44:08.407: agent_recv_message_unlocked: Agent 0x587411038cd0 : Packet received on local socket 0x58740d12cb10 (fd 232) from [212.87.214.35]:3478 (52 octets).
(dinox:2): libnice-DEBUG: 15:44:08.407: Agent 0x587411038cd0 : Packet received from TURN server candidate.
(dinox:2): libnice-stun-DEBUG: 15:44:08.407: STUN demux error: no cookie!
(dinox:2): libnice-DEBUG: 15:44:08.407: compact_input_message: **WARNING: SLOW PATH**
(dinox:2): libnice-DEBUG: 15:44:08.407: Message 0x7206b33fa980 (from: 0x7206b33f9f90, length: 52)
(dinox:2): libnice-DEBUG: 15:44:08.407: 	Buffer 0x5874113371c0 (length: 65535)
(dinox:2): libnice-DEBUG: 15:44:08.407: Agent 0x587411038cd0: inbound STUN packet for 1/1 (stream/component) from [212.87.214.35]:3478 (52 octets) :
(dinox:2): libnice-stun-DEBUG: 15:44:08.407: STUN demux error: no cookie!
(dinox:2): libnice-stun-DEBUG: 15:44:08.407: STUN demux error: no cookie!
(dinox:2): libnice-DEBUG: 15:44:08.407: Comparing r.sid=1 to sid=1, r.cid=1 to cid=1 and 0x58740d12cb10 and 0x720748014ff0 to 0x58740d12cb10
(dinox:2): libnice-stun-DEBUG: 15:44:08.407: STUN demux error: no cookie!
(dinox:2): libnice-DEBUG: 15:44:08.407: Validating gave 3
(dinox:2): libnice-DEBUG: 15:44:08.407: Agent 0x587411038cd0 : Incorrectly multiplexed STUN message ignored.
(dinox:2): libnice-DEBUG: 15:44:08.407: agent_recv_message_unlocked: Packet passed fast STUN validation but failed slow validation.
(dinox:2): libnice-DEBUG: 15:44:08.407: Agent 0x587411038cd0 : 1:1 DROPPING packet from unknown source 212.87.214.35:3478 sock-type: 0
(dinox:2): libnice-DEBUG: 15:44:08.407: agent_recv_message_unlocked: Agent 0x587411038cd0: no message available on read attempt
(dinox:2): libnice-DEBUG: 15:44:08.407: component_io_cb: 0x587411038cd0: no message available on read attempt
(dinox:2): libnice-DEBUG: 15:44:08.430: agent_recv_message_unlocked: Agent 0x587411038cd0 : Packet received on local socket 0x587411309130 (fd 234) from [212.87.214.35]:3478 (52 octets).
(dinox:2): libnice-DEBUG: 15:44:08.430: Agent 0x587411038cd0 : Packet received from TURN server candidate.
(dinox:2): libnice-stun-DEBUG: 15:44:08.430: STUN demux error: no cookie!
(dinox:2): libnice-DEBUG: 15:44:08.430: compact_input_message: **WARNING: SLOW PATH**
(dinox:2): libnice-DEBUG: 15:44:08.430: Message 0x7206b33fa980 (from: 0x7206b33f9f90, length: 52)
(dinox:2): libnice-DEBUG: 15:44:08.430: 	Buffer 0x58741135a640 (length: 65535)
(dinox:2): libnice-DEBUG: 15:44:08.430: Agent 0x587411038cd0: inbound STUN packet for 1/2 (stream/component) from [212.87.214.35]:3478 (52 octets) :
(dinox:2): libnice-stun-DEBUG: 15:44:08.430: STUN demux error: no cookie!
(dinox:2): libnice-stun-DEBUG: 15:44:08.430: STUN demux error: no cookie!
(dinox:2): libnice-DEBUG: 15:44:08.431: Comparing r.sid=1 to sid=1, r.cid=1 to cid=2 and 0x58740d12cb10 and 0x720748014ff0 to 0x587411309130
(dinox:2): libnice-DEBUG: 15:44:08.431: Comparing r.sid=1 to sid=1, r.cid=2 to cid=2 and 0x587411309130 and 0x720748006b10 to 0x587411309130
(dinox:2): libnice-stun-DEBUG: 15:44:08.431: STUN demux error: no cookie!
(dinox:2): libnice-DEBUG: 15:44:08.431: Validating gave 3
(dinox:2): libnice-DEBUG: 15:44:08.431: Agent 0x587411038cd0 : Incorrectly multiplexed STUN message ignored.
(dinox:2): libnice-DEBUG: 15:44:08.431: agent_recv_message_unlocked: Packet passed fast STUN validation but failed slow validation.
(dinox:2): libnice-DEBUG: 15:44:08.431: Agent 0x587411038cd0 : 1:2 DROPPING packet from unknown source 212.87.214.35:3478 sock-type: 0
(dinox:2): libnice-DEBUG: 15:44:08.431: agent_recv_message_unlocked: Agent 0x587411038cd0: no message available on read attempt
(dinox:2): libnice-DEBUG: 15:44:08.431: component_io_cb: 0x587411038cd0: no message available on read attempt
(dinox:2): ice-DEBUG: 15:44:08.490: transport_parameters.vala:197: on_transport_info from ralf@chat.handwerker.jetzt/Monal-iOS.1d5a769a
(dinox:2): libnice-DEBUG: 15:44:08.490: Agent 0x587411038cd0: set_remote_candidates 2 1
(dinox:2): libnice-DEBUG: 15:44:08.490: Agent 0x587411038cd0 : Updating existing remote candidate with addr [10.0.50.11]:57937 for s2/c1. U/P '(null)'/'(null)' prio: 7e7f1eff
(dinox:2): libnice-DEBUG: 15:44:08.490: Agent 0x587411038cd0: Pruning pending checks for s2/c1
(dinox:2): libnice-DEBUG: 15:44:08.490: Agent 0x587411038cd0 : selected pair priority is 782000ff:7e7f1eff:0
(dinox:2): libnice-DEBUG: 15:44:08.490: Agent 0x587411038cd0 : conn.check list status: 1 nominated, 1 valid, c-id 1.
(dinox:2): libnice-DEBUG: 15:44:08.490: Agent 0x587411038cd0 : Updating existing remote candidate with addr [100.102.218.4]:63107 for s2/c1. U/P '(null)'/'(null)' prio: 7e7c1eff
(dinox:2): libnice-DEBUG: 15:44:08.490: Agent 0x587411038cd0: Pruning pending checks for s2/c1
(dinox:2): libnice-DEBUG: 15:44:08.490: Agent 0x587411038cd0 : selected pair priority is 782000ff:7e7f1eff:0
(dinox:2): libnice-DEBUG: 15:44:08.490: Agent 0x587411038cd0 : conn.check list status: 1 nominated, 1 valid, c-id 1.
(dinox:2): libnice-DEBUG: 15:44:08.490: Agent 0x587411038cd0 : Updating existing remote candidate with addr [2a00:20:b2d4:4ca7:11ba:29e9:94c2:20b]:65393 for s2/c1. U/P '(null)'/'(null)' prio: 7e7e28ff
(dinox:2): libnice-DEBUG: 15:44:08.490: Agent 0x587411038cd0: Pruning pending checks for s2/c1
(dinox:2): libnice-DEBUG: 15:44:08.490: Agent 0x587411038cd0 : selected pair priority is 782000ff:7e7f1eff:0
(dinox:2): libnice-DEBUG: 15:44:08.490: Agent 0x587411038cd0 : conn.check list status: 1 nominated, 1 valid, c-id 1.
(dinox:2): libnice-DEBUG: 15:44:08.490: Agent 0x587411038cd0 : Updating existing remote candidate with addr [2a00:20:30b5:df72:9c74:e13f:b8bc:ba50]:64615 for s2/c1. U/P '(null)'/'(null)' prio: 7e7d28ff
(dinox:2): libnice-DEBUG: 15:44:08.490: Agent 0x587411038cd0: Pruning pending checks for s2/c1
(dinox:2): libnice-DEBUG: 15:44:08.490: Agent 0x587411038cd0 : selected pair priority is 782000ff:7e7f1eff:0
(dinox:2): libnice-DEBUG: 15:44:08.490: Agent 0x587411038cd0 : conn.check list status: 1 nominated, 1 valid, c-id 1.
(dinox:2): libnice-DEBUG: 15:44:08.490: Agent 0x587411038cd0 : Adding UDP remote candidate with addr [2a00:20:30b5:df72:9c74:e13f:b8bc:ba50]:59052 for s2/c1. U/P '(null)'/'(null)' prio: 7e7b28ff
(dinox:2): libnice-DEBUG: 15:44:08.490: Agent 0x587411038cd0 : conn_check_remote_candidates_set 2 1
(dinox:2): ice-DEBUG: 15:44:08.490: transport_parameters.vala:227: Updated to 5 remote candidates for candidate 1 via transport info
(dinox:2): libnice-DEBUG: 15:44:08.490: Agent 0x587411038cd0: set_remote_candidates 2 2
(dinox:2): ice-DEBUG: 15:44:08.490: transport_parameters.vala:227: Updated to 0 remote candidates for candidate 2 via transport info
(dinox:2): libnice-DEBUG: 15:44:08.533: agent_recv_message_unlocked: Agent 0x587411038cd0 : Packet received on local socket 0x5874113b0f70 (fd 243) from [10.0.50.11]:57937 (157 octets).
(dinox:2): libnice-stun-DEBUG: 15:44:08.533: STUN error: Incomplete message: 157 of 65300 bytes!
(dinox:2): libnice-DEBUG: 15:44:08.533: component_io_cb: 0x587411038cd0: received a valid message with 157 bytes
(dinox:2): libnice-DEBUG: 15:44:08.533: agent_recv_message_unlocked: Agent 0x587411038cd0: no message available on read attempt
(dinox:2): libnice-DEBUG: 15:44:08.533: component_io_cb: 0x587411038cd0: no message available on read attempt
(dinox:2): libnice-DEBUG: 15:44:08.533: agent_recv_message_unlocked: Agent 0x587411038cd0 : Packet received on local socket 0x58740d12cb10 (fd 232) from [10.0.50.11]:55003 (157 octets).
(dinox:2): libnice-stun-DEBUG: 15:44:08.533: STUN error: Incomplete message: 157 of 65300 bytes!
(dinox:2): libnice-DEBUG: 15:44:08.533: component_io_cb: 0x587411038cd0: received a valid message with 157 bytes
(dinox:2): libnice-DEBUG: 15:44:08.533: agent_recv_message_unlocked: Agent 0x587411038cd0: no message available on read attempt
(dinox:2): libnice-DEBUG: 15:44:08.534: component_io_cb: 0x587411038cd0: no message available on read attempt
(dinox:2): ice-DEBUG: 15:44:08.540: transport_parameters.vala:197: on_transport_info from ralf@chat.handwerker.jetzt/Monal-iOS.1d5a769a
(dinox:2): libnice-DEBUG: 15:44:08.540: Agent 0x587411038cd0: set_remote_candidates 2 1
(dinox:2): libnice-DEBUG: 15:44:08.540: Agent 0x587411038cd0 : Updating existing remote candidate with addr [10.0.50.11]:57937 for s2/c1. U/P '(null)'/'(null)' prio: 7e7f1eff
(dinox:2): libnice-DEBUG: 15:44:08.540: Agent 0x587411038cd0: Pruning pending checks for s2/c1
(dinox:2): libnice-DEBUG: 15:44:08.540: Agent 0x587411038cd0 : selected pair priority is 782000ff:7e7f1eff:0
(dinox:2): libnice-DEBUG: 15:44:08.540: Agent 0x587411038cd0 : conn.check list status: 1 nominated, 1 valid, c-id 1.
(dinox:2): libnice-DEBUG: 15:44:08.540: Agent 0x587411038cd0 : Updating existing remote candidate with addr [100.102.218.4]:63107 for s2/c1. U/P '(null)'/'(null)' prio: 7e7c1eff
(dinox:2): libnice-DEBUG: 15:44:08.540: Agent 0x587411038cd0: Pruning pending checks for s2/c1
(dinox:2): libnice-DEBUG: 15:44:08.540: Agent 0x587411038cd0 : selected pair priority is 782000ff:7e7f1eff:0
(dinox:2): libnice-DEBUG: 15:44:08.540: Agent 0x587411038cd0 : conn.check list status: 1 nominated, 1 valid, c-id 1.
(dinox:2): libnice-DEBUG: 15:44:08.540: Agent 0x587411038cd0 : Updating existing remote candidate with addr [2a00:20:b2d4:4ca7:11ba:29e9:94c2:20b]:65393 for s2/c1. U/P '(null)'/'(null)' prio: 7e7e28ff
(dinox:2): libnice-DEBUG: 15:44:08.540: Agent 0x587411038cd0: Pruning pending checks for s2/c1
(dinox:2): libnice-DEBUG: 15:44:08.540: Agent 0x587411038cd0 : selected pair priority is 782000ff:7e7f1eff:0
(dinox:2): libnice-DEBUG: 15:44:08.540: Agent 0x587411038cd0 : conn.check list status: 1 nominated, 1 valid, c-id 1.
(dinox:2): libnice-DEBUG: 15:44:08.540: Agent 0x587411038cd0 : Updating existing remote candidate with addr [2a00:20:30b5:df72:9c74:e13f:b8bc:ba50]:64615 for s2/c1. U/P '(null)'/'(null)' prio: 7e7d28ff
(dinox:2): libnice-DEBUG: 15:44:08.540: Agent 0x587411038cd0: Pruning pending checks for s2/c1
(dinox:2): libnice-DEBUG: 15:44:08.540: Agent 0x587411038cd0 : selected pair priority is 782000ff:7e7f1eff:0
(dinox:2): libnice-DEBUG: 15:44:08.540: Agent 0x587411038cd0 : conn.check list status: 1 nominated, 1 valid, c-id 1.
(dinox:2): libnice-DEBUG: 15:44:08.540: Agent 0x587411038cd0 : Updating existing remote candidate with addr [2a00:20:30b5:df72:9c74:e13f:b8bc:ba50]:59052 for s2/c1. U/P '(null)'/'(null)' prio: 7e7b28ff
(dinox:2): libnice-DEBUG: 15:44:08.540: Agent 0x587411038cd0: Pruning pending checks for s2/c1
(dinox:2): libnice-DEBUG: 15:44:08.540: Agent 0x587411038cd0 : selected pair priority is 782000ff:7e7f1eff:0
(dinox:2): libnice-DEBUG: 15:44:08.540: Agent 0x587411038cd0 : conn.check list status: 1 nominated, 1 valid, c-id 1.
(dinox:2): libnice-DEBUG: 15:44:08.540: Agent 0x587411038cd0 : Adding UDP remote candidate with addr [2a00:20:30b5:df72:9c74:e13f:b8bc:ba50]:55116 for s2/c1. U/P '(null)'/'(null)' prio: 7e7a28ff
(dinox:2): libnice-DEBUG: 15:44:08.540: Agent 0x587411038cd0 : conn_check_remote_candidates_set 2 1
(dinox:2): ice-DEBUG: 15:44:08.540: transport_parameters.vala:227: Updated to 6 remote candidates for candidate 1 via transport info
(dinox:2): libnice-DEBUG: 15:44:08.540: Agent 0x587411038cd0: set_remote_candidates 2 2
(dinox:2): ice-DEBUG: 15:44:08.540: transport_parameters.vala:227: Updated to 0 remote candidates for candidate 2 via transport info
(dinox:2): libnice-stun-DEBUG: 15:44:08.548: STUN transaction retransmitted (timeout 1000ms).
(dinox:2): ice-DEBUG: 15:44:08.548: transport_parameters.vala:197: on_transport_info from ralf@chat.handwerker.jetzt/Monal-iOS.1d5a769a
(dinox:2): libnice-DEBUG: 15:44:08.548: Agent 0x587411038cd0: set_remote_candidates 2 1
(dinox:2): libnice-DEBUG: 15:44:08.548: Agent 0x587411038cd0 : Updating existing remote candidate with addr [10.0.50.11]:57937 for s2/c1. U/P '(null)'/'(null)' prio: 7e7f1eff
(dinox:2): libnice-DEBUG: 15:44:08.548: Agent 0x587411038cd0: Pruning pending checks for s2/c1
(dinox:2): libnice-DEBUG: 15:44:08.548: Agent 0x587411038cd0 : selected pair priority is 782000ff:7e7f1eff:0
(dinox:2): libnice-DEBUG: 15:44:08.548: Agent 0x587411038cd0 : conn.check list status: 1 nominated, 1 valid, c-id 1.
(dinox:2): libnice-DEBUG: 15:44:08.548: Agent 0x587411038cd0 : Updating existing remote candidate with addr [100.102.218.4]:63107 for s2/c1. U/P '(null)'/'(null)' prio: 7e7c1eff
(dinox:2): libnice-DEBUG: 15:44:08.548: Agent 0x587411038cd0: Pruning pending checks for s2/c1
(dinox:2): libnice-DEBUG: 15:44:08.548: Agent 0x587411038cd0 : selected pair priority is 782000ff:7e7f1eff:0
(dinox:2): libnice-DEBUG: 15:44:08.548: Agent 0x587411038cd0 : conn.check list status: 1 nominated, 1 valid, c-id 1.
(dinox:2): libnice-DEBUG: 15:44:08.548: Agent 0x587411038cd0 : Updating existing remote candidate with addr [2a00:20:b2d4:4ca7:11ba:29e9:94c2:20b]:65393 for s2/c1. U/P '(null)'/'(null)' prio: 7e7e28ff
(dinox:2): libnice-DEBUG: 15:44:08.548: Agent 0x587411038cd0: Pruning pending checks for s2/c1
(dinox:2): libnice-DEBUG: 15:44:08.548: Agent 0x587411038cd0 : selected pair priority is 782000ff:7e7f1eff:0
(dinox:2): libnice-DEBUG: 15:44:08.548: Agent 0x587411038cd0 : conn.check list status: 1 nominated, 1 valid, c-id 1.
(dinox:2): libnice-DEBUG: 15:44:08.548: Agent 0x587411038cd0 : Updating existing remote candidate with addr [2a00:20:30b5:df72:9c74:e13f:b8bc:ba50]:64615 for s2/c1. U/P '(null)'/'(null)' prio: 7e7d28ff
(dinox:2): libnice-DEBUG: 15:44:08.548: Agent 0x587411038cd0: Pruning pending checks for s2/c1
(dinox:2): libnice-DEBUG: 15:44:08.548: Agent 0x587411038cd0 : selected pair priority is 782000ff:7e7f1eff:0
(dinox:2): libnice-DEBUG: 15:44:08.548: Agent 0x587411038cd0 : conn.check list status: 1 nominated, 1 valid, c-id 1.
(dinox:2): libnice-DEBUG: 15:44:08.548: Agent 0x587411038cd0 : Updating existing remote candidate with addr [2a00:20:30b5:df72:9c74:e13f:b8bc:ba50]:59052 for s2/c1. U/P '(null)'/'(null)' prio: 7e7b28ff
(dinox:2): libnice-DEBUG: 15:44:08.548: Agent 0x587411038cd0: Pruning pending checks for s2/c1
(dinox:2): libnice-DEBUG: 15:44:08.548: Agent 0x587411038cd0 : selected pair priority is 782000ff:7e7f1eff:0
(dinox:2): libnice-DEBUG: 15:44:08.548: Agent 0x587411038cd0 : conn.check list status: 1 nominated, 1 valid, c-id 1.
(dinox:2): libnice-DEBUG: 15:44:08.548: Agent 0x587411038cd0 : Updating existing remote candidate with addr [2a00:20:30b5:df72:9c74:e13f:b8bc:ba50]:55116 for s2/c1. U/P '(null)'/'(null)' prio: 7e7a28ff
(dinox:2): libnice-DEBUG: 15:44:08.548: Agent 0x587411038cd0: Pruning pending checks for s2/c1
(dinox:2): libnice-DEBUG: 15:44:08.549: Agent 0x587411038cd0 : selected pair priority is 782000ff:7e7f1eff:0
(dinox:2): libnice-DEBUG: 15:44:08.549: Agent 0x587411038cd0 : conn.check list status: 1 nominated, 1 valid, c-id 1.
(dinox:2): libnice-DEBUG: 15:44:08.549: Agent 0x587411038cd0 : Adding UDP remote candidate with addr [2a00:20:30b5:df72:9c74:e13f:b8bc:ba50]:53641 for s2/c1. U/P '(null)'/'(null)' prio: 7e7928ff
(dinox:2): libnice-DEBUG: 15:44:08.549: Agent 0x587411038cd0 : conn_check_remote_candidates_set 2 1
(dinox:2): ice-DEBUG: 15:44:08.549: transport_parameters.vala:227: Updated to 7 remote candidates for candidate 1 via transport info
(dinox:2): libnice-DEBUG: 15:44:08.549: Agent 0x587411038cd0: set_remote_candidates 2 2
(dinox:2): ice-DEBUG: 15:44:08.549: transport_parameters.vala:227: Updated to 0 remote candidates for candidate 2 via transport info
(dinox:2): libnice-stun-DEBUG: 15:44:08.570: STUN transaction retransmitted (timeout 1000ms).
(dinox:2): libnice-DEBUG: 15:44:08.574: agent_recv_message_unlocked: Agent 0x587411038cd0 : Packet received on local socket 0x5874113b0f70 (fd 243) from [212.87.214.35]:3478 (52 octets).
(dinox:2): libnice-DEBUG: 15:44:08.574: Agent 0x587411038cd0 : Packet received from TURN server candidate.
(dinox:2): libnice-stun-DEBUG: 15:44:08.574: STUN demux error: no cookie!
(dinox:2): libnice-DEBUG: 15:44:08.574: compact_input_message: **WARNING: SLOW PATH**
(dinox:2): libnice-DEBUG: 15:44:08.574: Message 0x7206b0bf6980 (from: 0x7206b0bf5f90, length: 52)
(dinox:2): libnice-DEBUG: 15:44:08.574: 	Buffer 0x5874113eccb0 (length: 65535)
(dinox:2): libnice-DEBUG: 15:44:08.574: Agent 0x587411038cd0: inbound STUN packet for 2/1 (stream/component) from [212.87.214.35]:3478 (52 octets) :
(dinox:2): libnice-stun-DEBUG: 15:44:08.574: STUN demux error: no cookie!
(dinox:2): libnice-stun-DEBUG: 15:44:08.574: STUN demux error: no cookie!
(dinox:2): libnice-DEBUG: 15:44:08.574: Comparing r.sid=1 to sid=2, r.cid=1 to cid=1 and 0x58740d12cb10 and 0x720748014ff0 to 0x5874113b0f70
(dinox:2): libnice-DEBUG: 15:44:08.574: Comparing r.sid=1 to sid=2, r.cid=2 to cid=1 and 0x587411309130 and 0x720748006b10 to 0x5874113b0f70
(dinox:2): libnice-DEBUG: 15:44:08.574: Comparing r.sid=2 to sid=2, r.cid=1 to cid=1 and 0x5874113b0f70 and 0x720750005f70 to 0x5874113b0f70
(dinox:2): libnice-stun-DEBUG: 15:44:08.574: STUN demux error: no cookie!
(dinox:2): libnice-DEBUG: 15:44:08.574: Validating gave 3
(dinox:2): libnice-DEBUG: 15:44:08.574: Agent 0x587411038cd0 : Incorrectly multiplexed STUN message ignored.
(dinox:2): libnice-DEBUG: 15:44:08.574: agent_recv_message_unlocked: Packet passed fast STUN validation but failed slow validation.
(dinox:2): libnice-DEBUG: 15:44:08.574: Agent 0x587411038cd0 : 2:1 DROPPING packet from unknown source 212.87.214.35:3478 sock-type: 0
(dinox:2): libnice-DEBUG: 15:44:08.574: agent_recv_message_unlocked: Agent 0x587411038cd0: no message available on read attempt
(dinox:2): libnice-DEBUG: 15:44:08.574: component_io_cb: 0x587411038cd0: no message available on read attempt
(dinox:2): libnice-DEBUG: 15:44:08.598: agent_recv_message_unlocked: Agent 0x587411038cd0 : Packet received on local socket 0x58740e1ff4e0 (fd 245) from [212.87.214.35]:3478 (52 octets).
(dinox:2): libnice-DEBUG: 15:44:08.599: Agent 0x587411038cd0 : Packet received from TURN server candidate.
(dinox:2): libnice-stun-DEBUG: 15:44:08.599: STUN demux error: no cookie!
(dinox:2): libnice-DEBUG: 15:44:08.599: compact_input_message: **WARNING: SLOW PATH**
(dinox:2): libnice-DEBUG: 15:44:08.599: Message 0x7206b0bf6980 (from: 0x7206b0bf5f90, length: 52)
(dinox:2): libnice-DEBUG: 15:44:08.599: 	Buffer 0x587411410130 (length: 65535)
(dinox:2): libnice-DEBUG: 15:44:08.599: Agent 0x587411038cd0: inbound STUN packet for 2/2 (stream/component) from [212.87.214.35]:3478 (52 octets) :
(dinox:2): libnice-stun-DEBUG: 15:44:08.599: STUN demux error: no cookie!
(dinox:2): libnice-stun-DEBUG: 15:44:08.599: STUN demux error: no cookie!
(dinox:2): libnice-DEBUG: 15:44:08.599: Comparing r.sid=1 to sid=2, r.cid=1 to cid=2 and 0x58740d12cb10 and 0x720748014ff0 to 0x58740e1ff4e0
(dinox:2): libnice-DEBUG: 15:44:08.599: Comparing r.sid=1 to sid=2, r.cid=2 to cid=2 and 0x587411309130 and 0x720748006b10 to 0x58740e1ff4e0
(dinox:2): libnice-DEBUG: 15:44:08.599: Comparing r.sid=2 to sid=2, r.cid=1 to cid=2 and 0x5874113b0f70 and 0x720750005f70 to 0x58740e1ff4e0
(dinox:2): libnice-DEBUG: 15:44:08.599: Comparing r.sid=2 to sid=2, r.cid=2 to cid=2 and 0x58740e1ff4e0 and 0x720750007b20 to 0x58740e1ff4e0
(dinox:2): libnice-stun-DEBUG: 15:44:08.599: STUN demux error: no cookie!
(dinox:2): libnice-DEBUG: 15:44:08.599: Validating gave 3
(dinox:2): libnice-DEBUG: 15:44:08.599: Agent 0x587411038cd0 : Incorrectly multiplexed STUN message ignored.
(dinox:2): libnice-DEBUG: 15:44:08.599: agent_recv_message_unlocked: Packet passed fast STUN validation but failed slow validation.
(dinox:2): libnice-DEBUG: 15:44:08.599: Agent 0x587411038cd0 : 2:2 DROPPING packet from unknown source 212.87.214.35:3478 sock-type: 0
(dinox:2): libnice-DEBUG: 15:44:08.599: agent_recv_message_unlocked: Agent 0x587411038cd0: no message available on read attempt
(dinox:2): libnice-DEBUG: 15:44:08.599: component_io_cb: 0x587411038cd0: no message available on read attempt
(dinox:2): libnice-DEBUG: 15:44:08.871: Agent 0x587411038cd0 : discovery tick #51 with list 0x587410d76110 (1)
(dinox:2): libnice-DEBUG: 15:44:08.933: agent_recv_message_unlocked: Agent 0x587411038cd0 : Packet received on local socket 0x5874113b0f70 (fd 243) from [10.0.50.11]:57937 (157 octets).
(dinox:2): libnice-stun-DEBUG: 15:44:08.933: STUN error: Incomplete message: 157 of 65300 bytes!
(dinox:2): libnice-DEBUG: 15:44:08.933: component_io_cb: 0x587411038cd0: received a valid message with 157 bytes
(dinox:2): libnice-DEBUG: 15:44:08.933: agent_recv_message_unlocked: Agent 0x587411038cd0: no message available on read attempt
(dinox:2): libnice-DEBUG: 15:44:08.933: component_io_cb: 0x587411038cd0: no message available on read attempt
(dinox:2): libnice-DEBUG: 15:44:08.933: agent_recv_message_unlocked: Agent 0x587411038cd0 : Packet received on local socket 0x58740d12cb10 (fd 232) from [10.0.50.11]:55003 (157 octets).
(dinox:2): libnice-stun-DEBUG: 15:44:08.933: STUN error: Incomplete message: 157 of 65300 bytes!
(dinox:2): libnice-DEBUG: 15:44:08.933: component_io_cb: 0x587411038cd0: received a valid message with 157 bytes
(dinox:2): libnice-DEBUG: 15:44:08.933: agent_recv_message_unlocked: Agent 0x587411038cd0: no message available on read attempt
(dinox:2): libnice-DEBUG: 15:44:08.933: component_io_cb: 0x587411038cd0: no message available on read attempt
(dinox:2): libnice-DEBUG: 15:44:09.294: Agent 0x587411038cd0 : stream 1: timer tick #51: 0 frozen, 0 in-progress, 0 waiting, 1 succeeded, 0 discovered, 1 nominated, 0 waiting-for-nom, 1 valid
(dinox:2): libnice-DEBUG: 15:44:09.294: Agent 0x587411038cd0 : stream 2: timer tick #51: 0 frozen, 0 in-progress, 0 waiting, 1 succeeded, 0 discovered, 1 nominated, 0 waiting-for-nom, 1 valid
(dinox:2): libnice-stun-DEBUG: 15:44:09.395: STUN transaction retransmitted (timeout 500ms).
(dinox:2): libnice-stun-DEBUG: 15:44:09.415: STUN transaction retransmitted (timeout 500ms).
(dinox:2): libnice-DEBUG: 15:44:09.422: agent_recv_message_unlocked: Agent 0x587411038cd0 : Packet received on local socket 0x58740d12cb10 (fd 232) from [212.87.214.35]:3478 (52 octets).
(dinox:2): libnice-DEBUG: 15:44:09.422: Agent 0x587411038cd0 : Packet received from TURN server candidate.
(dinox:2): libnice-stun-DEBUG: 15:44:09.422: STUN demux error: no cookie!
(dinox:2): libnice-DEBUG: 15:44:09.422: compact_input_message: **WARNING: SLOW PATH**
(dinox:2): libnice-DEBUG: 15:44:09.422: Message 0x7206b33fa980 (from: 0x7206b33f9f90, length: 52)
(dinox:2): libnice-DEBUG: 15:44:09.422: 	Buffer 0x5874113371c0 (length: 65535)
(dinox:2): libnice-DEBUG: 15:44:09.422: Agent 0x587411038cd0: inbound STUN packet for 1/1 (stream/component) from [212.87.214.35]:3478 (52 octets) :
(dinox:2): libnice-stun-DEBUG: 15:44:09.422: STUN demux error: no cookie!
(dinox:2): libnice-stun-DEBUG: 15:44:09.422: STUN demux error: no cookie!
(dinox:2): libnice-DEBUG: 15:44:09.422: Comparing r.sid=1 to sid=1, r.cid=1 to cid=1 and 0x58740d12cb10 and 0x720748014ff0 to 0x58740d12cb10
(dinox:2): libnice-stun-DEBUG: 15:44:09.422: STUN demux error: no cookie!
(dinox:2): libnice-DEBUG: 15:44:09.422: Validating gave 3
(dinox:2): libnice-DEBUG: 15:44:09.422: Agent 0x587411038cd0 : Incorrectly multiplexed STUN message ignored.
(dinox:2): libnice-DEBUG: 15:44:09.422: agent_recv_message_unlocked: Packet passed fast STUN validation but failed slow validation.
(dinox:2): libnice-DEBUG: 15:44:09.422: Agent 0x587411038cd0 : 1:1 DROPPING packet from unknown source 212.87.214.35:3478 sock-type: 0
(dinox:2): libnice-DEBUG: 15:44:09.422: agent_recv_message_unlocked: Agent 0x587411038cd0: no message available on read attempt
(dinox:2): libnice-DEBUG: 15:44:09.422: component_io_cb: 0x587411038cd0: no message available on read attempt
(dinox:2): libnice-DEBUG: 15:44:09.434: agent_recv_message_unlocked: Agent 0x587411038cd0 : Packet received on local socket 0x587411309130 (fd 234) from [212.87.214.35]:3478 (52 octets).
(dinox:2): libnice-DEBUG: 15:44:09.434: Agent 0x587411038cd0 : Packet received from TURN server candidate.
(dinox:2): libnice-stun-DEBUG: 15:44:09.434: STUN demux error: no cookie!
(dinox:2): libnice-DEBUG: 15:44:09.434: compact_input_message: **WARNING: SLOW PATH**
(dinox:2): libnice-DEBUG: 15:44:09.434: Message 0x7206b33fa980 (from: 0x7206b33f9f90, length: 52)
(dinox:2): libnice-DEBUG: 15:44:09.434: 	Buffer 0x58741135a640 (length: 65535)
(dinox:2): libnice-DEBUG: 15:44:09.434: Agent 0x587411038cd0: inbound STUN packet for 1/2 (stream/component) from [212.87.214.35]:3478 (52 octets) :
(dinox:2): libnice-stun-DEBUG: 15:44:09.434: STUN demux error: no cookie!
(dinox:2): libnice-stun-DEBUG: 15:44:09.434: STUN demux error: no cookie!
(dinox:2): libnice-DEBUG: 15:44:09.434: Comparing r.sid=1 to sid=1, r.cid=1 to cid=2 and 0x58740d12cb10 and 0x720748014ff0 to 0x587411309130
(dinox:2): libnice-DEBUG: 15:44:09.434: Comparing r.sid=1 to sid=1, r.cid=2 to cid=2 and 0x587411309130 and 0x720748006b10 to 0x587411309130
(dinox:2): libnice-stun-DEBUG: 15:44:09.434: STUN demux error: no cookie!
(dinox:2): libnice-DEBUG: 15:44:09.434: Validating gave 3
(dinox:2): libnice-DEBUG: 15:44:09.434: Agent 0x587411038cd0 : Incorrectly multiplexed STUN message ignored.
(dinox:2): libnice-DEBUG: 15:44:09.434: agent_recv_message_unlocked: Packet passed fast STUN validation but failed slow validation.
(dinox:2): libnice-DEBUG: 15:44:09.434: Agent 0x587411038cd0 : 1:2 DROPPING packet from unknown source 212.87.214.35:3478 sock-type: 0
(dinox:2): libnice-DEBUG: 15:44:09.434: agent_recv_message_unlocked: Agent 0x587411038cd0: no message available on read attempt
(dinox:2): libnice-DEBUG: 15:44:09.434: component_io_cb: 0x587411038cd0: no message available on read attempt
(dinox:2): libnice-stun-DEBUG: 15:44:09.556: STUN transaction retransmitted (timeout 500ms).
(dinox:2): libnice-DEBUG: 15:44:09.567: agent_recv_message_unlocked: Agent 0x587411038cd0 : Packet received on local socket 0x58740d12cb10 (fd 232) from [10.0.50.11]:55003 (96 octets).
(dinox:2): libnice-DEBUG: 15:44:09.567: compact_input_message: **WARNING: SLOW PATH**
(dinox:2): libnice-DEBUG: 15:44:09.567: Message 0x7206b33fa980 (from: 0x7206b33f9f90, length: 96)
(dinox:2): libnice-DEBUG: 15:44:09.567: 	Buffer 0x5874113371c0 (length: 65535)
(dinox:2): libnice-DEBUG: 15:44:09.567: Agent 0x587411038cd0: inbound STUN packet for 1/1 (stream/component) from [10.0.50.11]:55003 (96 octets) :
(dinox:2): libnice-stun-DEBUG: 15:44:09.567: STUN demux: OK!
(dinox:2): libnice-stun-DEBUG: 15:44:09.567: Comparing username/ufrag of len 9 and 4, equal=0
(dinox:2): libnice-stun-DEBUG: 15:44:09.567:   username: 0x593434613a62644476
(dinox:2): libnice-stun-DEBUG: 15:44:09.567:   ufrag:    0x59343461
(dinox:2): libnice-stun-DEBUG: 15:44:09.567: Found valid username, returning password: 'JejBG5c8koIz4lNZZPafj6'
(dinox:2): libnice-stun-DEBUG: 15:44:09.567:  Message HMAC-SHA1 fingerprint:
(dinox:2): libnice-stun-DEBUG: 15:44:09.567:   key     : 0x4a656a42473563386b6f497a346c4e5a5a5061666a36
(dinox:2): libnice-stun-DEBUG: 15:44:09.567:   expected: 0x12bb9857bf27033847ef53885da0e3e5e6885788
(dinox:2): libnice-stun-DEBUG: 15:44:09.567:   received: 0x12bb9857bf27033847ef53885da0e3e5e6885788
(dinox:2): libnice-stun-DEBUG: 15:44:09.567: STUN auth: OK!
(dinox:2): libnice-stun-DEBUG: 15:44:09.567: STUN unknown: 0 mandatory attribute(s)!
(dinox:2): libnice-stun-DEBUG: 15:44:09.567: STUN Reply (buffer size = 1300)...
(dinox:2): libnice-stun-DEBUG: 15:44:09.567:  Message HMAC-SHA1 message integrity:
(dinox:2): libnice-stun-DEBUG: 15:44:09.567:   key     : 0x4a656a42473563386b6f497a346c4e5a5a5061666a36
(dinox:2): libnice-stun-DEBUG: 15:44:09.567:   sent    : 0xb00a122fe461bf8de08d2411a1cf27d8cb0f1954
(dinox:2): libnice-stun-DEBUG: 15:44:09.567:  Message HMAC-SHA1 fingerprint: 0x36baba09
(dinox:2): libnice-stun-DEBUG: 15:44:09.567:  All done (response size: 96)
(dinox:2): libnice-DEBUG: 15:44:09.567: Agent 0x587411038cd0 : STUN-CC RESP to '10.0.50.11:55003', socket=232, len=96, cand=0x720748050b80 (c-id:1), use-cand=0, transactionId=2112a44263316e4b383277734d437a48
(dinox:2): libnice-DEBUG: 15:44:09.567: Agent 0x587411038cd0 : scheduling triggered check with socket=0x58740d12cb10 and remote cand=0x720748050b80.
(dinox:2): libnice-DEBUG: 15:44:09.568: Agent 0x587411038cd0 : Found a matching pair 0x5874113e0e40 (1:2147351674) (SUCCEEDED) ...
(dinox:2): libnice-DEBUG: 15:44:09.568: Agent 0x587411038cd0 : nothing to do for pair 0x5874113e0e40.
(dinox:2): libnice-DEBUG: 15:44:09.568: agent_recv_message_unlocked: Valid STUN packet received.
(dinox:2): libnice-DEBUG: 15:44:09.568: agent_recv_message_unlocked: Agent 0x587411038cd0: no message available on read attempt
(dinox:2): libnice-DEBUG: 15:44:09.568: component_io_cb: 0x587411038cd0: no message available on read attempt
(dinox:2): libnice-DEBUG: 15:44:09.568: agent_recv_message_unlocked: Agent 0x587411038cd0 : Packet received on local socket 0x5874113b0f70 (fd 243) from [10.0.50.11]:57937 (96 octets).
(dinox:2): libnice-DEBUG: 15:44:09.568: compact_input_message: **WARNING: SLOW PATH**
(dinox:2): libnice-DEBUG: 15:44:09.568: Message 0x7206b0bf6980 (from: 0x7206b0bf5f90, length: 96)
(dinox:2): libnice-DEBUG: 15:44:09.568: 	Buffer 0x5874113eccb0 (length: 65535)
(dinox:2): libnice-DEBUG: 15:44:09.568: Agent 0x587411038cd0: inbound STUN packet for 2/1 (stream/component) from [10.0.50.11]:57937 (96 octets) :
(dinox:2): libnice-stun-DEBUG: 15:44:09.568: STUN demux: OK!
(dinox:2): libnice-stun-DEBUG: 15:44:09.568: Comparing username/ufrag of len 9 and 4, equal=0
(dinox:2): libnice-stun-DEBUG: 15:44:09.568:   username: 0x304139453a3965535a
(dinox:2): libnice-stun-DEBUG: 15:44:09.568:   ufrag:    0x30413945
(dinox:2): libnice-stun-DEBUG: 15:44:09.568: Found valid username, returning password: 'RbxIQRbrHHfSHiDhoZ2iLr'
(dinox:2): libnice-stun-DEBUG: 15:44:09.568:  Message HMAC-SHA1 fingerprint:
(dinox:2): libnice-stun-DEBUG: 15:44:09.568:   key     : 0x526278495152627248486653486944686f5a32694c72
(dinox:2): libnice-stun-DEBUG: 15:44:09.568:   expected: 0xa7ee0e5cf95b6a9accd05f618009acb66a95be39
(dinox:2): libnice-stun-DEBUG: 15:44:09.568:   received: 0xa7ee0e5cf95b6a9accd05f618009acb66a95be39
(dinox:2): libnice-stun-DEBUG: 15:44:09.568: STUN auth: OK!
(dinox:2): libnice-stun-DEBUG: 15:44:09.568: STUN unknown: 0 mandatory attribute(s)!
(dinox:2): libnice-stun-DEBUG: 15:44:09.568: STUN Reply (buffer size = 1300)...
(dinox:2): libnice-stun-DEBUG: 15:44:09.568:  Message HMAC-SHA1 message integrity:
(dinox:2): libnice-stun-DEBUG: 15:44:09.568:   key     : 0x526278495152627248486653486944686f5a32694c72
(dinox:2): libnice-stun-DEBUG: 15:44:09.568:   sent    : 0xd2e345fe5d3015e4fae3362d274501d5daaa38c4
(dinox:2): libnice-stun-DEBUG: 15:44:09.568:  Message HMAC-SHA1 fingerprint: 0xcc464569
(dinox:2): libnice-stun-DEBUG: 15:44:09.568:  All done (response size: 96)
(dinox:2): libnice-DEBUG: 15:44:09.568: Agent 0x587411038cd0 : STUN-CC RESP to '10.0.50.11:57937', socket=243, len=96, cand=0x720750008940 (c-id:1), use-cand=0, transactionId=2112a442767671633448315564686e75
(dinox:2): libnice-DEBUG: 15:44:09.568: Agent 0x587411038cd0 : scheduling triggered check with socket=0x5874113b0f70 and remote cand=0x720750008940.
(dinox:2): libnice-DEBUG: 15:44:09.568: Agent 0x587411038cd0 : Found a matching pair 0x587411528d40 (1:2147351674) (SUCCEEDED) ...
(dinox:2): libnice-DEBUG: 15:44:09.568: Agent 0x587411038cd0 : nothing to do for pair 0x587411528d40.
(dinox:2): libnice-DEBUG: 15:44:09.568: agent_recv_message_unlocked: Valid STUN packet received.
(dinox:2): libnice-DEBUG: 15:44:09.568: agent_recv_message_unlocked: Agent 0x587411038cd0: no message available on read attempt
(dinox:2): libnice-DEBUG: 15:44:09.568: component_io_cb: 0x587411038cd0: no message available on read attempt
(dinox:2): libnice-stun-DEBUG: 15:44:09.576: STUN transaction retransmitted (timeout 500ms).
(dinox:2): libnice-DEBUG: 15:44:09.584: agent_recv_message_unlocked: Agent 0x587411038cd0 : Packet received on local socket 0x5874113b0f70 (fd 243) from [212.87.214.35]:3478 (52 octets).
(dinox:2): libnice-DEBUG: 15:44:09.584: Agent 0x587411038cd0 : Packet received from TURN server candidate.
(dinox:2): libnice-stun-DEBUG: 15:44:09.584: STUN demux error: no cookie!
(dinox:2): libnice-DEBUG: 15:44:09.584: compact_input_message: **WARNING: SLOW PATH**
(dinox:2): libnice-DEBUG: 15:44:09.584: Message 0x7206b0bf6980 (from: 0x7206b0bf5f90, length: 52)
(dinox:2): libnice-DEBUG: 15:44:09.584: 	Buffer 0x5874113eccb0 (length: 65535)
(dinox:2): libnice-DEBUG: 15:44:09.584: Agent 0x587411038cd0: inbound STUN packet for 2/1 (stream/component) from [212.87.214.35]:3478 (52 octets) :
(dinox:2): libnice-stun-DEBUG: 15:44:09.584: STUN demux error: no cookie!
(dinox:2): libnice-stun-DEBUG: 15:44:09.584: STUN demux error: no cookie!
(dinox:2): libnice-DEBUG: 15:44:09.584: Comparing r.sid=1 to sid=2, r.cid=1 to cid=1 and 0x58740d12cb10 and 0x720748014ff0 to 0x5874113b0f70
(dinox:2): libnice-DEBUG: 15:44:09.584: Comparing r.sid=1 to sid=2, r.cid=2 to cid=1 and 0x587411309130 and 0x720748006b10 to 0x5874113b0f70
(dinox:2): libnice-DEBUG: 15:44:09.584: Comparing r.sid=2 to sid=2, r.cid=1 to cid=1 and 0x5874113b0f70 and 0x720750005f70 to 0x5874113b0f70
(dinox:2): libnice-stun-DEBUG: 15:44:09.584: STUN demux error: no cookie!
(dinox:2): libnice-DEBUG: 15:44:09.584: Validating gave 3
(dinox:2): libnice-DEBUG: 15:44:09.585: Agent 0x587411038cd0 : Incorrectly multiplexed STUN message ignored.
(dinox:2): libnice-DEBUG: 15:44:09.585: agent_recv_message_unlocked: Packet passed fast STUN validation but failed slow validation.
(dinox:2): libnice-DEBUG: 15:44:09.585: Agent 0x587411038cd0 : 2:1 DROPPING packet from unknown source 212.87.214.35:3478 sock-type: 0
(dinox:2): libnice-DEBUG: 15:44:09.585: agent_recv_message_unlocked: Agent 0x587411038cd0: no message available on read attempt
(dinox:2): libnice-DEBUG: 15:44:09.585: component_io_cb: 0x587411038cd0: no message available on read attempt
(dinox:2): libnice-DEBUG: 15:44:09.598: agent_recv_message_unlocked: Agent 0x587411038cd0 : Packet received on local socket 0x58740e1ff4e0 (fd 245) from [212.87.214.35]:3478 (52 octets).
(dinox:2): libnice-DEBUG: 15:44:09.598: Agent 0x587411038cd0 : Packet received from TURN server candidate.
(dinox:2): libnice-stun-DEBUG: 15:44:09.598: STUN demux error: no cookie!
(dinox:2): libnice-DEBUG: 15:44:09.598: compact_input_message: **WARNING: SLOW PATH**
(dinox:2): libnice-DEBUG: 15:44:09.598: Message 0x7206b0bf6980 (from: 0x7206b0bf5f90, length: 52)
(dinox:2): libnice-DEBUG: 15:44:09.598: 	Buffer 0x587411410130 (length: 65535)
(dinox:2): libnice-DEBUG: 15:44:09.598: Agent 0x587411038cd0: inbound STUN packet for 2/2 (stream/component) from [212.87.214.35]:3478 (52 octets) :
(dinox:2): libnice-stun-DEBUG: 15:44:09.598: STUN demux error: no cookie!
(dinox:2): libnice-stun-DEBUG: 15:44:09.598: STUN demux error: no cookie!
(dinox:2): libnice-DEBUG: 15:44:09.598: Comparing r.sid=1 to sid=2, r.cid=1 to cid=2 and 0x58740d12cb10 and 0x720748014ff0 to 0x58740e1ff4e0
(dinox:2): libnice-DEBUG: 15:44:09.598: Comparing r.sid=1 to sid=2, r.cid=2 to cid=2 and 0x587411309130 and 0x720748006b10 to 0x58740e1ff4e0
(dinox:2): libnice-DEBUG: 15:44:09.598: Comparing r.sid=2 to sid=2, r.cid=1 to cid=2 and 0x5874113b0f70 and 0x720750005f70 to 0x58740e1ff4e0
(dinox:2): libnice-DEBUG: 15:44:09.598: Comparing r.sid=2 to sid=2, r.cid=2 to cid=2 and 0x58740e1ff4e0 and 0x720750007b20 to 0x58740e1ff4e0
(dinox:2): libnice-stun-DEBUG: 15:44:09.598: STUN demux error: no cookie!
(dinox:2): libnice-DEBUG: 15:44:09.598: Validating gave 3
(dinox:2): libnice-DEBUG: 15:44:09.598: Agent 0x587411038cd0 : Incorrectly multiplexed STUN message ignored.
(dinox:2): libnice-DEBUG: 15:44:09.598: agent_recv_message_unlocked: Packet passed fast STUN validation but failed slow validation.
(dinox:2): libnice-DEBUG: 15:44:09.598: Agent 0x587411038cd0 : 2:2 DROPPING packet from unknown source 212.87.214.35:3478 sock-type: 0
(dinox:2): libnice-DEBUG: 15:44:09.598: agent_recv_message_unlocked: Agent 0x587411038cd0: no message available on read attempt
(dinox:2): libnice-DEBUG: 15:44:09.598: component_io_cb: 0x587411038cd0: no message available on read attempt
(dinox:2): rtp-DEBUG: 15:44:09.684: plugin.vala:234: Latency message from rtcp_sink_0: live=true, min_latency=0, max_latency=18446744073709551615
(dinox:2): libnice-DEBUG: 15:44:09.732: agent_recv_message_unlocked: Agent 0x587411038cd0 : Packet received on local socket 0x5874113b0f70 (fd 243) from [10.0.50.11]:57937 (157 octets).
(dinox:2): libnice-stun-DEBUG: 15:44:09.732: STUN error: Incomplete message: 157 of 65300 bytes!
(dinox:2): libnice-DEBUG: 15:44:09.732: component_io_cb: 0x587411038cd0: received a valid message with 157 bytes
(dinox:2): libnice-DEBUG: 15:44:09.732: agent_recv_message_unlocked: Agent 0x587411038cd0: no message available on read attempt
(dinox:2): libnice-DEBUG: 15:44:09.732: component_io_cb: 0x587411038cd0: no message available on read attempt
(dinox:2): libnice-DEBUG: 15:44:09.732: Agent 0x587411038cd0 : s2:1: sending 1 messages to [10.0.50.11]:57937
(dinox:2): libnice-DEBUG: 15:44:09.732: nice_agent_send_messages_nonblocking_internal: n_sent: 121, n_messages: 1
(dinox:2): libnice-DEBUG: 15:44:09.732: Agent 0x587411038cd0 : s2:1: sending 1 messages to [10.0.50.11]:57937
(dinox:2): libnice-DEBUG: 15:44:09.732: nice_agent_send_messages_nonblocking_internal: n_sent: 267, n_messages: 1
(dinox:2): libnice-DEBUG: 15:44:09.733: Agent 0x587411038cd0 : s2:1: sending 1 messages to [10.0.50.11]:57937
(dinox:2): libnice-DEBUG: 15:44:09.733: nice_agent_send_messages_nonblocking_internal: n_sent: 137, n_messages: 1
(dinox:2): libnice-DEBUG: 15:44:09.733: Agent 0x587411038cd0 : s2:1: sending 1 messages to [10.0.50.11]:57937
(dinox:2): libnice-DEBUG: 15:44:09.733: nice_agent_send_messages_nonblocking_internal: n_sent: 64, n_messages: 1
(dinox:2): libnice-DEBUG: 15:44:09.733: Agent 0x587411038cd0 : s2:1: sending 1 messages to [10.0.50.11]:57937
(dinox:2): libnice-DEBUG: 15:44:09.733: nice_agent_send_messages_nonblocking_internal: n_sent: 25, n_messages: 1
